------------------------------------------------------------
TimeQuest Timing Analyzer Summary
------------------------------------------------------------

Type  : Slow Model Setup 'ADC_LCLK1'
Slack : -42.797
TNS   : -886.209

Type  : Slow Model Setup 'ClockGenerator|altpll_component|pll|clk[0]'
Slack : -23.303
TNS   : -805.056

Type  : Slow Model Setup 'Ck_40MHz_virt'
Slack : -18.659
TNS   : -46.245

Type  : Slow Model Setup 'Ck_100MHz_virt'
Slack : -14.119
TNS   : -711.727

Type  : Slow Model Setup 'Ck_10MHz_virt'
Slack : -9.202
TNS   : -34.500

Type  : Slow Model Setup 'ClockGenerator|altpll_component|pll|clk[0]~1'
Slack : -5.902
TNS   : -932.771

Type  : Slow Model Setup 'ADC_LCLK2'
Slack : -5.813
TNS   : -196.154

Type  : Slow Model Setup 'ClockGenerator|altpll_component|pll|clk[1]~1'
Slack : -5.783
TNS   : -1012.766

Type  : Slow Model Setup 'ClockGenerator|altpll_component|pll|clk[1]'
Slack : -5.421
TNS   : -831.564

Type  : Slow Model Setup 'Ddr2SdramIf_inst|Ddr2SdramIf_controller_phy_inst|Ddr2SdramIf_phy_inst|Ddr2SdramIf_phy_alt_mem_phy_inst|clk|pll|altpll_component|pll|clk[0]'
Slack : -4.125
TNS   : -1115.924

Type  : Slow Model Setup 'AuroraInterface|aurora_8b10b_arria_gxb_inst|aurora_8b10b_v5_3_inst|gtx_wrapper_i|gxb_transceiver_inst|alt2gxb_component|channel_tx[0].transmit|clkout'
Slack : -4.032
TNS   : -101.902

Type  : Slow Model Setup 'ADC_FRAME_CK2'
Slack : -3.398
TNS   : -920.893

Type  : Slow Model Setup 'ADC_FRAME_CK1'
Slack : -3.302
TNS   : -901.746

Type  : Slow Model Setup 'ClockGenerator|altpll_component|pll|clk[2]~1'
Slack : -1.514
TNS   : -4.542

Type  : Slow Model Setup 'CLK_IN_P0'
Slack : -1.431
TNS   : -15.819

Type  : Slow Model Setup 'n/a'
Slack : -1.177
TNS   : -1.177

Type  : Slow Model Setup 'ClockGenerator|altpll_component|pll|clk[2]'
Slack : -0.452
TNS   : -1.356

Type  : Slow Model Setup 'Ddr2SdramIf_inst|Ddr2SdramIf_controller_phy_inst|Ddr2SdramIf_phy_inst|Ddr2SdramIf_phy_ddr_dqsout_SDRAM_DQS'
Slack : 0.044
TNS   : 0.000

Type  : Slow Model Setup 'Ddr2SdramIf_inst|Ddr2SdramIf_controller_phy_inst|Ddr2SdramIf_phy_inst|Ddr2SdramIf_phy_ddr_dqsin_SDRAM_DQS'
Slack : 0.266
TNS   : 0.000

Type  : Slow Model Setup 'Ddr2SdramIf_inst|Ddr2SdramIf_controller_phy_inst|Ddr2SdramIf_phy_inst|Ddr2SdramIf_phy_ddr_mimic'
Slack : 0.675
TNS   : 0.000

Type  : Slow Model Setup 'Ddr2SdramIf_inst|Ddr2SdramIf_controller_phy_inst|Ddr2SdramIf_phy_inst|Ddr2SdramIf_phy_alt_mem_phy_inst|clk|pll|altpll_component|pll|clk[2]'
Slack : 0.982
TNS   : 0.000

Type  : Slow Model Setup 'Ddr2SdramIf_inst|Ddr2SdramIf_controller_phy_inst|Ddr2SdramIf_phy_inst|Ddr2SdramIf_phy_ck_n_SDRAM_CKb_tDQSS'
Slack : 1.435
TNS   : 0.000

Type  : Slow Model Setup 'Ddr2SdramIf_inst|Ddr2SdramIf_controller_phy_inst|Ddr2SdramIf_phy_inst|Ddr2SdramIf_phy_ck_p_SDRAM_CK_tDQSS'
Slack : 1.446
TNS   : 0.000

Type  : Slow Model Setup 'Ddr2SdramIf_inst|Ddr2SdramIf_controller_phy_inst|Ddr2SdramIf_phy_inst|Ddr2SdramIf_phy_ck_n_SDRAM_CKb_tDSS'
Slack : 1.505
TNS   : 0.000

Type  : Slow Model Setup 'Ddr2SdramIf_inst|Ddr2SdramIf_controller_phy_inst|Ddr2SdramIf_phy_inst|Ddr2SdramIf_phy_ck_p_SDRAM_CK_tDSS'
Slack : 1.516
TNS   : 0.000

Type  : Slow Model Setup 'Ddr2SdramIf_inst|Ddr2SdramIf_controller_phy_inst|Ddr2SdramIf_phy_inst|Ddr2SdramIf_phy_alt_mem_phy_inst|clk|pll|altpll_component|pll|clk[4]'
Slack : 1.831
TNS   : 0.000

Type  : Slow Model Setup 'Ddr2SdramIf_inst|Ddr2SdramIf_controller_phy_inst|Ddr2SdramIf_phy_inst|Ddr2SdramIf_phy_ck_n_SDRAM_CKb_ac_fall'
Slack : 2.050
TNS   : 0.000

Type  : Slow Model Setup 'Ddr2SdramIf_inst|Ddr2SdramIf_controller_phy_inst|Ddr2SdramIf_phy_inst|Ddr2SdramIf_phy_ck_p_SDRAM_CK_ac_fall'
Slack : 2.061
TNS   : 0.000

Type  : Slow Model Setup 'Ddr2SdramIf_inst|Ddr2SdramIf_controller_phy_inst|Ddr2SdramIf_phy_inst|Ddr2SdramIf_phy_alt_mem_phy_inst|clk|pll|altpll_component|pll|clk[1]'
Slack : 2.285
TNS   : 0.000

Type  : Slow Model Setup 'AuroraInterface|aurora_8b10b_arria_gxb_inst|aurora_8b10b_v5_3_inst|gtx_wrapper_i|gxb_transceiver_inst|alt2gxb_component|channel_rec[0].receive|clkout'
Slack : 2.534
TNS   : 0.000

Type  : Slow Model Setup 'Ddr2SdramIf_inst|Ddr2SdramIf_controller_phy_inst|Ddr2SdramIf_phy_inst|Ddr2SdramIf_phy_ddr_postamble'
Slack : 3.849
TNS   : 0.000

Type  : Slow Model Setup 'Ddr2SdramIf_inst|Ddr2SdramIf_controller_phy_inst|Ddr2SdramIf_phy_inst|Ddr2SdramIf_phy_alt_mem_phy_inst|clk|scan_clk|regout_clock'
Slack : 10.904
TNS   : 0.000

Type  : Slow Model Setup 'MASTER_CLOCK'
Slack : 23.806
TNS   : 0.000

Type  : Slow Model Setup 'Ddr2SdramIf_inst|Ddr2SdramIf_controller_phy_inst|Ddr2SdramIf_phy_inst|Ddr2SdramIf_phy_ddr_resync'
Slack : 102.036
TNS   : 0.000

Type  : Slow Model Hold 'ADC_FRAME_CK1'
Slack : -24.048
TNS   : -6806.351

Type  : Slow Model Hold 'ADC_FRAME_CK2'
Slack : -23.808
TNS   : -6776.111

Type  : Slow Model Hold 'CLK_IN_P0'
Slack : -2.270
TNS   : -90.800

Type  : Slow Model Hold 'ADC_LCLK1'
Slack : -1.297
TNS   : -15.680

Type  : Slow Model Hold 'Ddr2SdramIf_inst|Ddr2SdramIf_controller_phy_inst|Ddr2SdramIf_phy_inst|Ddr2SdramIf_phy_alt_mem_phy_inst|clk|pll|altpll_component|pll|clk[0]'
Slack : -1.254
TNS   : -53.683

Type  : Slow Model Hold 'ADC_LCLK2'
Slack : -0.757
TNS   : -12.502

Type  : Slow Model Hold 'ClockGenerator|altpll_component|pll|clk[1]'
Slack : -0.181
TNS   : -3.699

Type  : Slow Model Hold 'ClockGenerator|altpll_component|pll|clk[0]'
Slack : -0.181
TNS   : -2.138

Type  : Slow Model Hold 'ClockGenerator|altpll_component|pll|clk[2]'
Slack : -0.181
TNS   : -0.543

Type  : Slow Model Hold 'AuroraInterface|aurora_8b10b_arria_gxb_inst|aurora_8b10b_v5_3_inst|gtx_wrapper_i|gxb_transceiver_inst|alt2gxb_component|channel_rec[0].receive|clkout'
Slack : 0.490
TNS   : 0.000

Type  : Slow Model Hold 'AuroraInterface|aurora_8b10b_arria_gxb_inst|aurora_8b10b_v5_3_inst|gtx_wrapper_i|gxb_transceiver_inst|alt2gxb_component|channel_tx[0].transmit|clkout'
Slack : 0.490
TNS   : 0.000

Type  : Slow Model Hold 'ClockGenerator|altpll_component|pll|clk[0]~1'
Slack : 0.490
TNS   : 0.000

Type  : Slow Model Hold 'ClockGenerator|altpll_component|pll|clk[1]~1'
Slack : 0.490
TNS   : 0.000

Type  : Slow Model Hold 'ClockGenerator|altpll_component|pll|clk[2]~1'
Slack : 0.490
TNS   : 0.000

Type  : Slow Model Hold 'Ddr2SdramIf_inst|Ddr2SdramIf_controller_phy_inst|Ddr2SdramIf_phy_inst|Ddr2SdramIf_phy_alt_mem_phy_inst|clk|pll|altpll_component|pll|clk[1]'
Slack : 0.490
TNS   : 0.000

Type  : Slow Model Hold 'Ddr2SdramIf_inst|Ddr2SdramIf_controller_phy_inst|Ddr2SdramIf_phy_inst|Ddr2SdramIf_phy_alt_mem_phy_inst|clk|pll|altpll_component|pll|clk[4]'
Slack : 0.490
TNS   : 0.000

Type  : Slow Model Hold 'Ddr2SdramIf_inst|Ddr2SdramIf_controller_phy_inst|Ddr2SdramIf_phy_inst|Ddr2SdramIf_phy_alt_mem_phy_inst|clk|scan_clk|regout_clock'
Slack : 0.490
TNS   : 0.000

Type  : Slow Model Hold 'Ddr2SdramIf_inst|Ddr2SdramIf_controller_phy_inst|Ddr2SdramIf_phy_inst|Ddr2SdramIf_phy_alt_mem_phy_inst|clk|pll|altpll_component|pll|clk[2]'
Slack : 0.509
TNS   : 0.000

Type  : Slow Model Hold 'Ddr2SdramIf_inst|Ddr2SdramIf_controller_phy_inst|Ddr2SdramIf_phy_inst|Ddr2SdramIf_phy_ddr_postamble'
Slack : 0.667
TNS   : 0.000

Type  : Slow Model Hold 'MASTER_CLOCK'
Slack : 0.670
TNS   : 0.000

Type  : Slow Model Hold 'Ddr2SdramIf_inst|Ddr2SdramIf_controller_phy_inst|Ddr2SdramIf_phy_inst|Ddr2SdramIf_phy_ddr_dqsin_SDRAM_DQS'
Slack : 0.795
TNS   : 0.000

Type  : Slow Model Hold 'Ddr2SdramIf_inst|Ddr2SdramIf_controller_phy_inst|Ddr2SdramIf_phy_inst|Ddr2SdramIf_phy_ck_p_SDRAM_CK_tDQSS'
Slack : 0.874
TNS   : 0.000

Type  : Slow Model Hold 'Ddr2SdramIf_inst|Ddr2SdramIf_controller_phy_inst|Ddr2SdramIf_phy_inst|Ddr2SdramIf_phy_ck_n_SDRAM_CKb_tDQSS'
Slack : 0.885
TNS   : 0.000

Type  : Slow Model Hold 'Ddr2SdramIf_inst|Ddr2SdramIf_controller_phy_inst|Ddr2SdramIf_phy_inst|Ddr2SdramIf_phy_ck_p_SDRAM_CK_tDSS'
Slack : 0.944
TNS   : 0.000

Type  : Slow Model Hold 'Ddr2SdramIf_inst|Ddr2SdramIf_controller_phy_inst|Ddr2SdramIf_phy_inst|Ddr2SdramIf_phy_ck_n_SDRAM_CKb_tDSS'
Slack : 0.955
TNS   : 0.000

Type  : Slow Model Hold 'Ddr2SdramIf_inst|Ddr2SdramIf_controller_phy_inst|Ddr2SdramIf_phy_inst|Ddr2SdramIf_phy_ddr_dqsout_SDRAM_DQS'
Slack : 1.071
TNS   : 0.000

Type  : Slow Model Hold 'Ddr2SdramIf_inst|Ddr2SdramIf_controller_phy_inst|Ddr2SdramIf_phy_inst|Ddr2SdramIf_phy_ddr_mimic'
Slack : 1.181
TNS   : 0.000

Type  : Slow Model Hold 'Ddr2SdramIf_inst|Ddr2SdramIf_controller_phy_inst|Ddr2SdramIf_phy_inst|Ddr2SdramIf_phy_ck_p_SDRAM_CK_ac_fall'
Slack : 1.573
TNS   : 0.000

Type  : Slow Model Hold 'Ddr2SdramIf_inst|Ddr2SdramIf_controller_phy_inst|Ddr2SdramIf_phy_inst|Ddr2SdramIf_phy_ck_n_SDRAM_CKb_ac_fall'
Slack : 1.584
TNS   : 0.000

Type  : Slow Model Hold 'Ck_10MHz_virt'
Slack : 3.781
TNS   : 0.000

Type  : Slow Model Hold 'n/a'
Slack : 3.955
TNS   : 0.000

Type  : Slow Model Hold 'Ck_100MHz_virt'
Slack : 4.007
TNS   : 0.000

Type  : Slow Model Hold 'Ck_40MHz_virt'
Slack : 5.990
TNS   : 0.000

Type  : Slow Model Hold 'Ddr2SdramIf_inst|Ddr2SdramIf_controller_phy_inst|Ddr2SdramIf_phy_inst|Ddr2SdramIf_phy_ddr_resync'
Slack : 102.205
TNS   : 0.000

Type  : Slow Model Recovery 'ClockGenerator|altpll_component|pll|clk[0]'
Slack : -4.593
TNS   : -850.093

Type  : Slow Model Recovery 'ClockGenerator|altpll_component|pll|clk[1]'
Slack : -4.493
TNS   : -743.199

Type  : Slow Model Recovery 'ADC_LCLK2'
Slack : -4.284
TNS   : -42.822

Type  : Slow Model Recovery 'ADC_LCLK1'
Slack : -4.116
TNS   : -213.616

Type  : Slow Model Recovery 'AuroraInterface|aurora_8b10b_arria_gxb_inst|aurora_8b10b_v5_3_inst|gtx_wrapper_i|gxb_transceiver_inst|alt2gxb_component|channel_tx[0].transmit|clkout'
Slack : -4.078
TNS   : -48.729

Type  : Slow Model Recovery 'ClockGenerator|altpll_component|pll|clk[1]~1'
Slack : -3.562
TNS   : -383.502

Type  : Slow Model Recovery 'ClockGenerator|altpll_component|pll|clk[2]~1'
Slack : -3.228
TNS   : -7.622

Type  : Slow Model Recovery 'ADC_FRAME_CK2'
Slack : -1.222
TNS   : -298.437

Type  : Slow Model Recovery 'ADC_FRAME_CK1'
Slack : -0.806
TNS   : -111.960

Type  : Slow Model Recovery 'ClockGenerator|altpll_component|pll|clk[2]'
Slack : -0.007
TNS   : -0.007

Type  : Slow Model Recovery 'Ddr2SdramIf_inst|Ddr2SdramIf_controller_phy_inst|Ddr2SdramIf_phy_inst|Ddr2SdramIf_phy_alt_mem_phy_inst|clk|pll|altpll_component|pll|clk[0]'
Slack : 0.429
TNS   : 0.000

Type  : Slow Model Recovery 'Ddr2SdramIf_inst|Ddr2SdramIf_controller_phy_inst|Ddr2SdramIf_phy_inst|Ddr2SdramIf_phy_alt_mem_phy_inst|clk|pll|altpll_component|pll|clk[2]'
Slack : 1.948
TNS   : 0.000

Type  : Slow Model Recovery 'Ddr2SdramIf_inst|Ddr2SdramIf_controller_phy_inst|Ddr2SdramIf_phy_inst|Ddr2SdramIf_phy_alt_mem_phy_inst|clk|pll|altpll_component|pll|clk[4]'
Slack : 2.757
TNS   : 0.000

Type  : Slow Model Recovery 'Ddr2SdramIf_inst|Ddr2SdramIf_controller_phy_inst|Ddr2SdramIf_phy_inst|Ddr2SdramIf_phy_ddr_postamble'
Slack : 2.846
TNS   : 0.000

Type  : Slow Model Recovery 'Ddr2SdramIf_inst|Ddr2SdramIf_controller_phy_inst|Ddr2SdramIf_phy_inst|Ddr2SdramIf_phy_alt_mem_phy_inst|clk|pll|altpll_component|pll|clk[1]'
Slack : 3.462
TNS   : 0.000

Type  : Slow Model Recovery 'Ddr2SdramIf_inst|Ddr2SdramIf_controller_phy_inst|Ddr2SdramIf_phy_inst|Ddr2SdramIf_phy_alt_mem_phy_inst|clk|scan_clk|regout_clock'
Slack : 16.997
TNS   : 0.000

Type  : Slow Model Recovery 'ClockGenerator|altpll_component|pll|clk[0]~1'
Slack : 19.776
TNS   : 0.000

Type  : Slow Model Recovery 'Ddr2SdramIf_inst|Ddr2SdramIf_controller_phy_inst|Ddr2SdramIf_phy_inst|Ddr2SdramIf_phy_ddr_dqsin_SDRAM_DQS'
Slack : 101.660
TNS   : 0.000

Type  : Slow Model Removal 'ClockGenerator|altpll_component|pll|clk[0]'
Slack : -0.005
TNS   : -0.200

Type  : Slow Model Removal 'ClockGenerator|altpll_component|pll|clk[0]~1'
Slack : 0.526
TNS   : 0.000

Type  : Slow Model Removal 'Ddr2SdramIf_inst|Ddr2SdramIf_controller_phy_inst|Ddr2SdramIf_phy_inst|Ddr2SdramIf_phy_alt_mem_phy_inst|clk|pll|altpll_component|pll|clk[0]'
Slack : 0.872
TNS   : 0.000

Type  : Slow Model Removal 'ClockGenerator|altpll_component|pll|clk[2]'
Slack : 0.959
TNS   : 0.000

Type  : Slow Model Removal 'ClockGenerator|altpll_component|pll|clk[1]'
Slack : 1.009
TNS   : 0.000

Type  : Slow Model Removal 'Ddr2SdramIf_inst|Ddr2SdramIf_controller_phy_inst|Ddr2SdramIf_phy_inst|Ddr2SdramIf_phy_alt_mem_phy_inst|clk|pll|altpll_component|pll|clk[1]'
Slack : 1.054
TNS   : 0.000

Type  : Slow Model Removal 'Ddr2SdramIf_inst|Ddr2SdramIf_controller_phy_inst|Ddr2SdramIf_phy_inst|Ddr2SdramIf_phy_alt_mem_phy_inst|clk|pll|altpll_component|pll|clk[4]'
Slack : 1.061
TNS   : 0.000

Type  : Slow Model Removal 'Ddr2SdramIf_inst|Ddr2SdramIf_controller_phy_inst|Ddr2SdramIf_phy_inst|Ddr2SdramIf_phy_alt_mem_phy_inst|clk|scan_clk|regout_clock'
Slack : 1.062
TNS   : 0.000

Type  : Slow Model Removal 'AuroraInterface|aurora_8b10b_arria_gxb_inst|aurora_8b10b_v5_3_inst|gtx_wrapper_i|gxb_transceiver_inst|alt2gxb_component|channel_tx[0].transmit|clkout'
Slack : 1.086
TNS   : 0.000

Type  : Slow Model Removal 'ClockGenerator|altpll_component|pll|clk[1]~1'
Slack : 1.480
TNS   : 0.000

Type  : Slow Model Removal 'ClockGenerator|altpll_component|pll|clk[2]~1'
Slack : 1.631
TNS   : 0.000

Type  : Slow Model Removal 'Ddr2SdramIf_inst|Ddr2SdramIf_controller_phy_inst|Ddr2SdramIf_phy_inst|Ddr2SdramIf_phy_ddr_postamble'
Slack : 1.670
TNS   : 0.000

Type  : Slow Model Removal 'Ddr2SdramIf_inst|Ddr2SdramIf_controller_phy_inst|Ddr2SdramIf_phy_inst|Ddr2SdramIf_phy_alt_mem_phy_inst|clk|pll|altpll_component|pll|clk[2]'
Slack : 2.281
TNS   : 0.000

Type  : Slow Model Removal 'ADC_FRAME_CK2'
Slack : 3.570
TNS   : 0.000

Type  : Slow Model Removal 'ADC_FRAME_CK1'
Slack : 3.729
TNS   : 0.000

Type  : Slow Model Removal 'ADC_LCLK1'
Slack : 3.853
TNS   : 0.000

Type  : Slow Model Removal 'ADC_LCLK2'
Slack : 4.038
TNS   : 0.000

Type  : Slow Model Removal 'Ddr2SdramIf_inst|Ddr2SdramIf_controller_phy_inst|Ddr2SdramIf_phy_inst|Ddr2SdramIf_phy_ddr_dqsin_SDRAM_DQS'
Slack : 102.833
TNS   : 0.000

Type  : Slow Model Minimum Pulse Width 'ADC_LCLK1'
Slack : 0.082
TNS   : 0.000

Type  : Slow Model Minimum Pulse Width 'ADC_LCLK2'
Slack : 0.082
TNS   : 0.000

Type  : Slow Model Minimum Pulse Width 'Ddr2SdramIf_inst|Ddr2SdramIf_controller_phy_inst|Ddr2SdramIf_phy_inst|Ddr2SdramIf_phy_SDRAM_CK_mimic_launch_clock'
Slack : 0.634
TNS   : 0.000

Type  : Slow Model Minimum Pulse Width 'Ddr2SdramIf_inst|Ddr2SdramIf_controller_phy_inst|Ddr2SdramIf_phy_inst|Ddr2SdramIf_phy_alt_mem_phy_inst|clk|pll|altpll_component|pll|clk[1]'
Slack : 0.634
TNS   : 0.000

Type  : Slow Model Minimum Pulse Width 'Ddr2SdramIf_inst|Ddr2SdramIf_controller_phy_inst|Ddr2SdramIf_phy_inst|Ddr2SdramIf_phy_ck_n_SDRAM_CKb_ac_fall'
Slack : 0.634
TNS   : 0.000

Type  : Slow Model Minimum Pulse Width 'Ddr2SdramIf_inst|Ddr2SdramIf_controller_phy_inst|Ddr2SdramIf_phy_inst|Ddr2SdramIf_phy_ck_n_SDRAM_CKb_ac_rise'
Slack : 0.634
TNS   : 0.000

Type  : Slow Model Minimum Pulse Width 'Ddr2SdramIf_inst|Ddr2SdramIf_controller_phy_inst|Ddr2SdramIf_phy_inst|Ddr2SdramIf_phy_ck_n_SDRAM_CKb_tDQSS'
Slack : 0.634
TNS   : 0.000

Type  : Slow Model Minimum Pulse Width 'Ddr2SdramIf_inst|Ddr2SdramIf_controller_phy_inst|Ddr2SdramIf_phy_inst|Ddr2SdramIf_phy_ck_n_SDRAM_CKb_tDSS'
Slack : 0.634
TNS   : 0.000

Type  : Slow Model Minimum Pulse Width 'Ddr2SdramIf_inst|Ddr2SdramIf_controller_phy_inst|Ddr2SdramIf_phy_inst|Ddr2SdramIf_phy_ck_p_SDRAM_CK_ac_fall'
Slack : 0.634
TNS   : 0.000

Type  : Slow Model Minimum Pulse Width 'Ddr2SdramIf_inst|Ddr2SdramIf_controller_phy_inst|Ddr2SdramIf_phy_inst|Ddr2SdramIf_phy_ck_p_SDRAM_CK_ac_rise'
Slack : 0.634
TNS   : 0.000

Type  : Slow Model Minimum Pulse Width 'Ddr2SdramIf_inst|Ddr2SdramIf_controller_phy_inst|Ddr2SdramIf_phy_inst|Ddr2SdramIf_phy_ck_p_SDRAM_CK_tDQSS'
Slack : 0.634
TNS   : 0.000

Type  : Slow Model Minimum Pulse Width 'Ddr2SdramIf_inst|Ddr2SdramIf_controller_phy_inst|Ddr2SdramIf_phy_inst|Ddr2SdramIf_phy_ck_p_SDRAM_CK_tDSS'
Slack : 0.634
TNS   : 0.000

Type  : Slow Model Minimum Pulse Width 'Ddr2SdramIf_inst|Ddr2SdramIf_controller_phy_inst|Ddr2SdramIf_phy_inst|Ddr2SdramIf_phy_alt_mem_phy_inst|clk|pll|altpll_component|pll|clk[4]'
Slack : 1.064
TNS   : 0.000

Type  : Slow Model Minimum Pulse Width 'Ddr2SdramIf_inst|Ddr2SdramIf_controller_phy_inst|Ddr2SdramIf_phy_inst|Ddr2SdramIf_phy_alt_mem_phy_inst|clk|pll|altpll_component|pll|clk[2]'
Slack : 1.623
TNS   : 0.000

Type  : Slow Model Minimum Pulse Width 'Ddr2SdramIf_inst|Ddr2SdramIf_controller_phy_inst|Ddr2SdramIf_phy_inst|Ddr2SdramIf_phy_alt_mem_phy_inst|clk|pll|altpll_component|pll|clk[5]'
Slack : 1.623
TNS   : 0.000

Type  : Slow Model Minimum Pulse Width 'Ddr2SdramIf_inst|Ddr2SdramIf_controller_phy_inst|Ddr2SdramIf_phy_inst|Ddr2SdramIf_phy_ddr_mimic'
Slack : 1.623
TNS   : 0.000

Type  : Slow Model Minimum Pulse Width 'Ddr2SdramIf_inst|Ddr2SdramIf_controller_phy_inst|Ddr2SdramIf_phy_inst|Ddr2SdramIf_phy_ddr_postamble'
Slack : 1.623
TNS   : 0.000

Type  : Slow Model Minimum Pulse Width 'Ddr2SdramIf_inst|Ddr2SdramIf_controller_phy_inst|Ddr2SdramIf_phy_inst|Ddr2SdramIf_phy_ddr_resync'
Slack : 1.623
TNS   : 0.000

Type  : Slow Model Minimum Pulse Width 'Ddr2SdramIf_inst|Ddr2SdramIf_controller_phy_inst|Ddr2SdramIf_phy_inst|Ddr2SdramIf_phy_ddr_dqsin_SDRAM_DQS'
Slack : 1.640
TNS   : 0.000

Type  : Slow Model Minimum Pulse Width 'Ddr2SdramIf_inst|Ddr2SdramIf_controller_phy_inst|Ddr2SdramIf_phy_inst|Ddr2SdramIf_phy_ddr_dqsout_SDRAM_DQS'
Slack : 1.640
TNS   : 0.000

Type  : Slow Model Minimum Pulse Width 'AuroraInterface|aurora_8b10b_arria_gxb_inst|aurora_8b10b_v5_3_inst|gtx_wrapper_i|gxb_transceiver_inst|alt2gxb_component|channel_rec[0].receive|clkout'
Slack : 1.750
TNS   : 0.000

Type  : Slow Model Minimum Pulse Width 'AuroraInterface|aurora_8b10b_arria_gxb_inst|aurora_8b10b_v5_3_inst|gtx_wrapper_i|gxb_transceiver_inst|alt2gxb_component|channel_tx[0].transmit|clkout'
Slack : 1.750
TNS   : 0.000

Type  : Slow Model Minimum Pulse Width 'Ddr2SdramIf_inst|Ddr2SdramIf_controller_phy_inst|Ddr2SdramIf_phy_inst|Ddr2SdramIf_phy_alt_mem_phy_inst|clk|pll|altpll_component|pll|clk[0]'
Slack : 3.288
TNS   : 0.000

Type  : Slow Model Minimum Pulse Width 'Ddr2SdramIf_inst|Ddr2SdramIf_controller_phy_inst|Ddr2SdramIf_phy_inst|Ddr2SdramIf_phy_alt_mem_phy_inst|clk|scan_clk|regout_clock'
Slack : 5.000
TNS   : 0.000

Type  : Slow Model Minimum Pulse Width 'CLK_IN_P0'
Slack : 7.123
TNS   : 0.000

Type  : Slow Model Minimum Pulse Width 'ADC_FRAME_CK1'
Slack : 10.990
TNS   : 0.000

Type  : Slow Model Minimum Pulse Width 'ADC_FRAME_CK2'
Slack : 10.990
TNS   : 0.000

Type  : Slow Model Minimum Pulse Width 'ClockGenerator|altpll_component|pll|clk[0]'
Slack : 11.273
TNS   : 0.000

Type  : Slow Model Minimum Pulse Width 'ClockGenerator|altpll_component|pll|clk[0]~1'
Slack : 11.623
TNS   : 0.000

Type  : Slow Model Minimum Pulse Width 'MASTER_CLOCK'
Slack : 11.623
TNS   : 0.000

Type  : Slow Model Minimum Pulse Width 'Ck40Mux_Inst|CK40_MUX_altclkctrl_hfe_component|clkctrl1|outclk'
Slack : 12.150
TNS   : 0.000

Type  : Slow Model Minimum Pulse Width 'MASTER_CLOCK2'
Slack : 12.150
TNS   : 0.000

Type  : Slow Model Minimum Pulse Width 'P0Clk_Pll_Inst|altpll_component|pll|clk[0]'
Slack : 12.480
TNS   : 0.000

Type  : Slow Model Minimum Pulse Width 'GXB_CK'
Slack : 13.325
TNS   : 0.000

Type  : Slow Model Minimum Pulse Width 'ClockGenerator|altpll_component|pll|clk[1]'
Slack : 47.723
TNS   : 0.000

Type  : Slow Model Minimum Pulse Width 'ClockGenerator|altpll_component|pll|clk[1]~1'
Slack : 49.123
TNS   : 0.000

Type  : Slow Model Minimum Pulse Width 'ClockGenerator|altpll_component|pll|clk[2]'
Slack : 404.123
TNS   : 0.000

Type  : Slow Model Minimum Pulse Width 'ClockGenerator|altpll_component|pll|clk[2]~1'
Slack : 415.789
TNS   : 0.000

Type  : Fast Model Setup 'ADC_LCLK1'
Slack : -29.666
TNS   : -553.621

Type  : Fast Model Setup 'ClockGenerator|altpll_component|pll|clk[0]'
Slack : -21.514
TNS   : -375.025

Type  : Fast Model Setup 'Ck_40MHz_virt'
Slack : -13.737
TNS   : -33.176

Type  : Fast Model Setup 'Ck_100MHz_virt'
Slack : -7.493
TNS   : -193.341

Type  : Fast Model Setup 'Ck_10MHz_virt'
Slack : -3.860
TNS   : -14.611

Type  : Fast Model Setup 'ADC_LCLK2'
Slack : -2.264
TNS   : -90.315

Type  : Fast Model Setup 'ClockGenerator|altpll_component|pll|clk[0]~1'
Slack : -2.225
TNS   : -351.094

Type  : Fast Model Setup 'ClockGenerator|altpll_component|pll|clk[1]~1'
Slack : -2.103
TNS   : -342.665

Type  : Fast Model Setup 'ClockGenerator|altpll_component|pll|clk[1]'
Slack : -2.076
TNS   : -308.901

Type  : Fast Model Setup 'Ddr2SdramIf_inst|Ddr2SdramIf_controller_phy_inst|Ddr2SdramIf_phy_inst|Ddr2SdramIf_phy_alt_mem_phy_inst|clk|pll|altpll_component|pll|clk[0]'
Slack : -1.442
TNS   : -65.162

Type  : Fast Model Setup 'AuroraInterface|aurora_8b10b_arria_gxb_inst|aurora_8b10b_v5_3_inst|gtx_wrapper_i|gxb_transceiver_inst|alt2gxb_component|channel_tx[0].transmit|clkout'
Slack : -1.002
TNS   : -22.230

Type  : Fast Model Setup 'ClockGenerator|altpll_component|pll|clk[2]~1'
Slack : -0.643
TNS   : -1.929

Type  : Fast Model Setup 'CLK_IN_P0'
Slack : -0.559
TNS   : -5.216

Type  : Fast Model Setup 'ADC_FRAME_CK2'
Slack : -0.384
TNS   : -0.384

Type  : Fast Model Setup 'ClockGenerator|altpll_component|pll|clk[2]'
Slack : -0.347
TNS   : -1.041

Type  : Fast Model Setup 'ADC_FRAME_CK1'
Slack : -0.310
TNS   : -0.310

Type  : Fast Model Setup 'Ddr2SdramIf_inst|Ddr2SdramIf_controller_phy_inst|Ddr2SdramIf_phy_inst|Ddr2SdramIf_phy_ddr_dqsin_SDRAM_DQS'
Slack : 0.429
TNS   : 0.000

Type  : Fast Model Setup 'Ddr2SdramIf_inst|Ddr2SdramIf_controller_phy_inst|Ddr2SdramIf_phy_inst|Ddr2SdramIf_phy_ddr_dqsout_SDRAM_DQS'
Slack : 0.531
TNS   : 0.000

Type  : Fast Model Setup 'Ddr2SdramIf_inst|Ddr2SdramIf_controller_phy_inst|Ddr2SdramIf_phy_inst|Ddr2SdramIf_phy_ck_n_SDRAM_CKb_tDQSS'
Slack : 1.285
TNS   : 0.000

Type  : Fast Model Setup 'Ddr2SdramIf_inst|Ddr2SdramIf_controller_phy_inst|Ddr2SdramIf_phy_inst|Ddr2SdramIf_phy_ck_p_SDRAM_CK_tDQSS'
Slack : 1.292
TNS   : 0.000

Type  : Fast Model Setup 'Ddr2SdramIf_inst|Ddr2SdramIf_controller_phy_inst|Ddr2SdramIf_phy_inst|Ddr2SdramIf_phy_ck_n_SDRAM_CKb_tDSS'
Slack : 1.355
TNS   : 0.000

Type  : Fast Model Setup 'Ddr2SdramIf_inst|Ddr2SdramIf_controller_phy_inst|Ddr2SdramIf_phy_inst|Ddr2SdramIf_phy_ck_p_SDRAM_CK_tDSS'
Slack : 1.362
TNS   : 0.000

Type  : Fast Model Setup 'Ddr2SdramIf_inst|Ddr2SdramIf_controller_phy_inst|Ddr2SdramIf_phy_inst|Ddr2SdramIf_phy_ddr_mimic'
Slack : 1.539
TNS   : 0.000

Type  : Fast Model Setup 'n/a'
Slack : 2.322
TNS   : 0.000

Type  : Fast Model Setup 'Ddr2SdramIf_inst|Ddr2SdramIf_controller_phy_inst|Ddr2SdramIf_phy_inst|Ddr2SdramIf_phy_alt_mem_phy_inst|clk|pll|altpll_component|pll|clk[2]'
Slack : 2.586
TNS   : 0.000

Type  : Fast Model Setup 'Ddr2SdramIf_inst|Ddr2SdramIf_controller_phy_inst|Ddr2SdramIf_phy_inst|Ddr2SdramIf_phy_ck_n_SDRAM_CKb_ac_fall'
Slack : 2.633
TNS   : 0.000

Type  : Fast Model Setup 'Ddr2SdramIf_inst|Ddr2SdramIf_controller_phy_inst|Ddr2SdramIf_phy_inst|Ddr2SdramIf_phy_ck_p_SDRAM_CK_ac_fall'
Slack : 2.640
TNS   : 0.000

Type  : Fast Model Setup 'Ddr2SdramIf_inst|Ddr2SdramIf_controller_phy_inst|Ddr2SdramIf_phy_inst|Ddr2SdramIf_phy_alt_mem_phy_inst|clk|pll|altpll_component|pll|clk[4]'
Slack : 3.036
TNS   : 0.000

Type  : Fast Model Setup 'Ddr2SdramIf_inst|Ddr2SdramIf_controller_phy_inst|Ddr2SdramIf_phy_inst|Ddr2SdramIf_phy_alt_mem_phy_inst|clk|pll|altpll_component|pll|clk[1]'
Slack : 3.812
TNS   : 0.000

Type  : Fast Model Setup 'Ddr2SdramIf_inst|Ddr2SdramIf_controller_phy_inst|Ddr2SdramIf_phy_inst|Ddr2SdramIf_phy_ddr_postamble'
Slack : 4.439
TNS   : 0.000

Type  : Fast Model Setup 'AuroraInterface|aurora_8b10b_arria_gxb_inst|aurora_8b10b_v5_3_inst|gtx_wrapper_i|gxb_transceiver_inst|alt2gxb_component|channel_rec[0].receive|clkout'
Slack : 5.917
TNS   : 0.000

Type  : Fast Model Setup 'Ddr2SdramIf_inst|Ddr2SdramIf_controller_phy_inst|Ddr2SdramIf_phy_inst|Ddr2SdramIf_phy_alt_mem_phy_inst|clk|scan_clk|regout_clock'
Slack : 9.762
TNS   : 0.000

Type  : Fast Model Setup 'MASTER_CLOCK'
Slack : 24.535
TNS   : 0.000

Type  : Fast Model Setup 'Ddr2SdramIf_inst|Ddr2SdramIf_controller_phy_inst|Ddr2SdramIf_phy_inst|Ddr2SdramIf_phy_ddr_resync'
Slack : 101.713
TNS   : 0.000

Type  : Fast Model Hold 'ADC_FRAME_CK1'
Slack : -24.630
TNS   : -7533.780

Type  : Fast Model Hold 'ADC_FRAME_CK2'
Slack : -24.521
TNS   : -7516.544

Type  : Fast Model Hold 'ADC_LCLK2'
Slack : -2.307
TNS   : -60.453

Type  : Fast Model Hold 'ADC_LCLK1'
Slack : -1.956
TNS   : -52.447

Type  : Fast Model Hold 'CLK_IN_P0'
Slack : -1.094
TNS   : -43.760

Type  : Fast Model Hold 'Ddr2SdramIf_inst|Ddr2SdramIf_controller_phy_inst|Ddr2SdramIf_phy_inst|Ddr2SdramIf_phy_alt_mem_phy_inst|clk|pll|altpll_component|pll|clk[0]'
Slack : -0.603
TNS   : -32.448

Type  : Fast Model Hold 'ClockGenerator|altpll_component|pll|clk[1]'
Slack : -0.064
TNS   : -1.368

Type  : Fast Model Hold 'ClockGenerator|altpll_component|pll|clk[0]'
Slack : -0.064
TNS   : -0.776

Type  : Fast Model Hold 'ClockGenerator|altpll_component|pll|clk[2]'
Slack : -0.064
TNS   : -0.192

Type  : Fast Model Hold 'AuroraInterface|aurora_8b10b_arria_gxb_inst|aurora_8b10b_v5_3_inst|gtx_wrapper_i|gxb_transceiver_inst|alt2gxb_component|channel_tx[0].transmit|clkout'
Slack : 0.212
TNS   : 0.000

Type  : Fast Model Hold 'Ddr2SdramIf_inst|Ddr2SdramIf_controller_phy_inst|Ddr2SdramIf_phy_inst|Ddr2SdramIf_phy_alt_mem_phy_inst|clk|pll|altpll_component|pll|clk[2]'
Slack : 0.213
TNS   : 0.000

Type  : Fast Model Hold 'Ddr2SdramIf_inst|Ddr2SdramIf_controller_phy_inst|Ddr2SdramIf_phy_inst|Ddr2SdramIf_phy_alt_mem_phy_inst|clk|pll|altpll_component|pll|clk[4]'
Slack : 0.213
TNS   : 0.000

Type  : Fast Model Hold 'Ddr2SdramIf_inst|Ddr2SdramIf_controller_phy_inst|Ddr2SdramIf_phy_inst|Ddr2SdramIf_phy_alt_mem_phy_inst|clk|scan_clk|regout_clock'
Slack : 0.213
TNS   : 0.000

Type  : Fast Model Hold 'Ddr2SdramIf_inst|Ddr2SdramIf_controller_phy_inst|Ddr2SdramIf_phy_inst|Ddr2SdramIf_phy_alt_mem_phy_inst|clk|pll|altpll_component|pll|clk[1]'
Slack : 0.215
TNS   : 0.000

Type  : Fast Model Hold 'AuroraInterface|aurora_8b10b_arria_gxb_inst|aurora_8b10b_v5_3_inst|gtx_wrapper_i|gxb_transceiver_inst|alt2gxb_component|channel_rec[0].receive|clkout'
Slack : 0.224
TNS   : 0.000

Type  : Fast Model Hold 'ClockGenerator|altpll_component|pll|clk[0]~1'
Slack : 0.224
TNS   : 0.000

Type  : Fast Model Hold 'ClockGenerator|altpll_component|pll|clk[1]~1'
Slack : 0.224
TNS   : 0.000

Type  : Fast Model Hold 'ClockGenerator|altpll_component|pll|clk[2]~1'
Slack : 0.224
TNS   : 0.000

Type  : Fast Model Hold 'MASTER_CLOCK'
Slack : 0.297
TNS   : 0.000

Type  : Fast Model Hold 'Ddr2SdramIf_inst|Ddr2SdramIf_controller_phy_inst|Ddr2SdramIf_phy_inst|Ddr2SdramIf_phy_ddr_postamble'
Slack : 0.299
TNS   : 0.000

Type  : Fast Model Hold 'Ddr2SdramIf_inst|Ddr2SdramIf_controller_phy_inst|Ddr2SdramIf_phy_inst|Ddr2SdramIf_phy_ddr_mimic'
Slack : 0.539
TNS   : 0.000

Type  : Fast Model Hold 'Ck_10MHz_virt'
Slack : 0.557
TNS   : 0.000

Type  : Fast Model Hold 'Ddr2SdramIf_inst|Ddr2SdramIf_controller_phy_inst|Ddr2SdramIf_phy_inst|Ddr2SdramIf_phy_ddr_dqsin_SDRAM_DQS'
Slack : 0.824
TNS   : 0.000

Type  : Fast Model Hold 'Ddr2SdramIf_inst|Ddr2SdramIf_controller_phy_inst|Ddr2SdramIf_phy_inst|Ddr2SdramIf_phy_ddr_dqsout_SDRAM_DQS'
Slack : 0.885
TNS   : 0.000

Type  : Fast Model Hold 'Ddr2SdramIf_inst|Ddr2SdramIf_controller_phy_inst|Ddr2SdramIf_phy_inst|Ddr2SdramIf_phy_ck_p_SDRAM_CK_ac_fall'
Slack : 0.997
TNS   : 0.000

Type  : Fast Model Hold 'Ddr2SdramIf_inst|Ddr2SdramIf_controller_phy_inst|Ddr2SdramIf_phy_inst|Ddr2SdramIf_phy_ck_n_SDRAM_CKb_ac_fall'
Slack : 1.004
TNS   : 0.000

Type  : Fast Model Hold 'Ddr2SdramIf_inst|Ddr2SdramIf_controller_phy_inst|Ddr2SdramIf_phy_inst|Ddr2SdramIf_phy_ck_p_SDRAM_CK_tDQSS'
Slack : 1.028
TNS   : 0.000

Type  : Fast Model Hold 'Ddr2SdramIf_inst|Ddr2SdramIf_controller_phy_inst|Ddr2SdramIf_phy_inst|Ddr2SdramIf_phy_ck_n_SDRAM_CKb_tDQSS'
Slack : 1.035
TNS   : 0.000

Type  : Fast Model Hold 'Ddr2SdramIf_inst|Ddr2SdramIf_controller_phy_inst|Ddr2SdramIf_phy_inst|Ddr2SdramIf_phy_ck_p_SDRAM_CK_tDSS'
Slack : 1.098
TNS   : 0.000

Type  : Fast Model Hold 'Ddr2SdramIf_inst|Ddr2SdramIf_controller_phy_inst|Ddr2SdramIf_phy_inst|Ddr2SdramIf_phy_ck_n_SDRAM_CKb_tDSS'
Slack : 1.105
TNS   : 0.000

Type  : Fast Model Hold 'Ck_100MHz_virt'
Slack : 1.222
TNS   : 0.000

Type  : Fast Model Hold 'Ck_40MHz_virt'
Slack : 2.020
TNS   : 0.000

Type  : Fast Model Hold 'n/a'
Slack : 2.442
TNS   : 0.000

Type  : Fast Model Hold 'Ddr2SdramIf_inst|Ddr2SdramIf_controller_phy_inst|Ddr2SdramIf_phy_inst|Ddr2SdramIf_phy_ddr_resync'
Slack : 102.830
TNS   : 0.000

Type  : Fast Model Recovery 'ClockGenerator|altpll_component|pll|clk[0]'
Slack : -1.921
TNS   : -357.461

Type  : Fast Model Recovery 'ClockGenerator|altpll_component|pll|clk[1]'
Slack : -1.821
TNS   : -297.566

Type  : Fast Model Recovery 'ADC_LCLK2'
Slack : -1.690
TNS   : -16.882

Type  : Fast Model Recovery 'ADC_LCLK1'
Slack : -1.660
TNS   : -85.979

Type  : Fast Model Recovery 'ClockGenerator|altpll_component|pll|clk[1]~1'
Slack : -1.390
TNS   : -143.289

Type  : Fast Model Recovery 'ClockGenerator|altpll_component|pll|clk[2]~1'
Slack : -1.107
TNS   : -1.107

Type  : Fast Model Recovery 'AuroraInterface|aurora_8b10b_arria_gxb_inst|aurora_8b10b_v5_3_inst|gtx_wrapper_i|gxb_transceiver_inst|alt2gxb_component|channel_tx[0].transmit|clkout'
Slack : -0.813
TNS   : -9.618

Type  : Fast Model Recovery 'Ddr2SdramIf_inst|Ddr2SdramIf_controller_phy_inst|Ddr2SdramIf_phy_inst|Ddr2SdramIf_phy_alt_mem_phy_inst|clk|pll|altpll_component|pll|clk[0]'
Slack : 1.376
TNS   : 0.000

Type  : Fast Model Recovery 'ADC_FRAME_CK2'
Slack : 2.202
TNS   : 0.000

Type  : Fast Model Recovery 'ADC_FRAME_CK1'
Slack : 2.381
TNS   : 0.000

Type  : Fast Model Recovery 'ClockGenerator|altpll_component|pll|clk[2]'
Slack : 2.893
TNS   : 0.000

Type  : Fast Model Recovery 'Ddr2SdramIf_inst|Ddr2SdramIf_controller_phy_inst|Ddr2SdramIf_phy_inst|Ddr2SdramIf_phy_alt_mem_phy_inst|clk|pll|altpll_component|pll|clk[2]'
Slack : 3.616
TNS   : 0.000

Type  : Fast Model Recovery 'Ddr2SdramIf_inst|Ddr2SdramIf_controller_phy_inst|Ddr2SdramIf_phy_inst|Ddr2SdramIf_phy_alt_mem_phy_inst|clk|pll|altpll_component|pll|clk[4]'
Slack : 3.978
TNS   : 0.000

Type  : Fast Model Recovery 'Ddr2SdramIf_inst|Ddr2SdramIf_controller_phy_inst|Ddr2SdramIf_phy_inst|Ddr2SdramIf_phy_ddr_postamble'
Slack : 4.011
TNS   : 0.000

Type  : Fast Model Recovery 'Ddr2SdramIf_inst|Ddr2SdramIf_controller_phy_inst|Ddr2SdramIf_phy_inst|Ddr2SdramIf_phy_alt_mem_phy_inst|clk|pll|altpll_component|pll|clk[1]'
Slack : 4.272
TNS   : 0.000

Type  : Fast Model Recovery 'Ddr2SdramIf_inst|Ddr2SdramIf_controller_phy_inst|Ddr2SdramIf_phy_inst|Ddr2SdramIf_phy_alt_mem_phy_inst|clk|scan_clk|regout_clock'
Slack : 18.742
TNS   : 0.000

Type  : Fast Model Recovery 'ClockGenerator|altpll_component|pll|clk[0]~1'
Slack : 22.831
TNS   : 0.000

Type  : Fast Model Recovery 'Ddr2SdramIf_inst|Ddr2SdramIf_controller_phy_inst|Ddr2SdramIf_phy_inst|Ddr2SdramIf_phy_ddr_dqsin_SDRAM_DQS'
Slack : 104.113
TNS   : 0.000

Type  : Fast Model Removal 'ClockGenerator|altpll_component|pll|clk[0]'
Slack : -0.008
TNS   : -0.320

Type  : Fast Model Removal 'ClockGenerator|altpll_component|pll|clk[0]~1'
Slack : 0.140
TNS   : 0.000

Type  : Fast Model Removal 'Ddr2SdramIf_inst|Ddr2SdramIf_controller_phy_inst|Ddr2SdramIf_phy_inst|Ddr2SdramIf_phy_alt_mem_phy_inst|clk|pll|altpll_component|pll|clk[0]'
Slack : 0.223
TNS   : 0.000

Type  : Fast Model Removal 'ClockGenerator|altpll_component|pll|clk[2]'
Slack : 0.400
TNS   : 0.000

Type  : Fast Model Removal 'Ddr2SdramIf_inst|Ddr2SdramIf_controller_phy_inst|Ddr2SdramIf_phy_inst|Ddr2SdramIf_phy_alt_mem_phy_inst|clk|pll|altpll_component|pll|clk[1]'
Slack : 0.466
TNS   : 0.000

Type  : Fast Model Removal 'Ddr2SdramIf_inst|Ddr2SdramIf_controller_phy_inst|Ddr2SdramIf_phy_inst|Ddr2SdramIf_phy_alt_mem_phy_inst|clk|pll|altpll_component|pll|clk[4]'
Slack : 0.467
TNS   : 0.000

Type  : Fast Model Removal 'Ddr2SdramIf_inst|Ddr2SdramIf_controller_phy_inst|Ddr2SdramIf_phy_inst|Ddr2SdramIf_phy_alt_mem_phy_inst|clk|scan_clk|regout_clock'
Slack : 0.468
TNS   : 0.000

Type  : Fast Model Removal 'AuroraInterface|aurora_8b10b_arria_gxb_inst|aurora_8b10b_v5_3_inst|gtx_wrapper_i|gxb_transceiver_inst|alt2gxb_component|channel_tx[0].transmit|clkout'
Slack : 0.478
TNS   : 0.000

Type  : Fast Model Removal 'ClockGenerator|altpll_component|pll|clk[1]'
Slack : 0.547
TNS   : 0.000

Type  : Fast Model Removal 'ClockGenerator|altpll_component|pll|clk[1]~1'
Slack : 0.635
TNS   : 0.000

Type  : Fast Model Removal 'ClockGenerator|altpll_component|pll|clk[2]~1'
Slack : 0.689
TNS   : 0.000

Type  : Fast Model Removal 'Ddr2SdramIf_inst|Ddr2SdramIf_controller_phy_inst|Ddr2SdramIf_phy_inst|Ddr2SdramIf_phy_ddr_postamble'
Slack : 0.727
TNS   : 0.000

Type  : Fast Model Removal 'Ddr2SdramIf_inst|Ddr2SdramIf_controller_phy_inst|Ddr2SdramIf_phy_inst|Ddr2SdramIf_phy_alt_mem_phy_inst|clk|pll|altpll_component|pll|clk[2]'
Slack : 0.957
TNS   : 0.000

Type  : Fast Model Removal 'ADC_FRAME_CK2'
Slack : 1.432
TNS   : 0.000

Type  : Fast Model Removal 'ADC_FRAME_CK1'
Slack : 1.518
TNS   : 0.000

Type  : Fast Model Removal 'ADC_LCLK1'
Slack : 1.624
TNS   : 0.000

Type  : Fast Model Removal 'ADC_LCLK2'
Slack : 1.666
TNS   : 0.000

Type  : Fast Model Removal 'Ddr2SdramIf_inst|Ddr2SdramIf_controller_phy_inst|Ddr2SdramIf_phy_inst|Ddr2SdramIf_phy_ddr_dqsin_SDRAM_DQS'
Slack : 100.552
TNS   : 0.000

Type  : Fast Model Minimum Pulse Width 'ADC_LCLK1'
Slack : 0.681
TNS   : 0.000

Type  : Fast Model Minimum Pulse Width 'ADC_LCLK2'
Slack : 0.681
TNS   : 0.000

Type  : Fast Model Minimum Pulse Width 'Ddr2SdramIf_inst|Ddr2SdramIf_controller_phy_inst|Ddr2SdramIf_phy_inst|Ddr2SdramIf_phy_alt_mem_phy_inst|clk|pll|altpll_component|pll|clk[4]'
Slack : 1.500
TNS   : 0.000

Type  : Fast Model Minimum Pulse Width 'Ddr2SdramIf_inst|Ddr2SdramIf_controller_phy_inst|Ddr2SdramIf_phy_inst|Ddr2SdramIf_phy_SDRAM_CK_mimic_launch_clock'
Slack : 1.728
TNS   : 0.000

Type  : Fast Model Minimum Pulse Width 'Ddr2SdramIf_inst|Ddr2SdramIf_controller_phy_inst|Ddr2SdramIf_phy_inst|Ddr2SdramIf_phy_alt_mem_phy_inst|clk|pll|altpll_component|pll|clk[1]'
Slack : 1.728
TNS   : 0.000

Type  : Fast Model Minimum Pulse Width 'Ddr2SdramIf_inst|Ddr2SdramIf_controller_phy_inst|Ddr2SdramIf_phy_inst|Ddr2SdramIf_phy_ck_n_SDRAM_CKb_ac_fall'
Slack : 1.728
TNS   : 0.000

Type  : Fast Model Minimum Pulse Width 'Ddr2SdramIf_inst|Ddr2SdramIf_controller_phy_inst|Ddr2SdramIf_phy_inst|Ddr2SdramIf_phy_ck_n_SDRAM_CKb_ac_rise'
Slack : 1.728
TNS   : 0.000

Type  : Fast Model Minimum Pulse Width 'Ddr2SdramIf_inst|Ddr2SdramIf_controller_phy_inst|Ddr2SdramIf_phy_inst|Ddr2SdramIf_phy_ck_n_SDRAM_CKb_tDQSS'
Slack : 1.728
TNS   : 0.000

Type  : Fast Model Minimum Pulse Width 'Ddr2SdramIf_inst|Ddr2SdramIf_controller_phy_inst|Ddr2SdramIf_phy_inst|Ddr2SdramIf_phy_ck_n_SDRAM_CKb_tDSS'
Slack : 1.728
TNS   : 0.000

Type  : Fast Model Minimum Pulse Width 'Ddr2SdramIf_inst|Ddr2SdramIf_controller_phy_inst|Ddr2SdramIf_phy_inst|Ddr2SdramIf_phy_ck_p_SDRAM_CK_ac_fall'
Slack : 1.728
TNS   : 0.000

Type  : Fast Model Minimum Pulse Width 'Ddr2SdramIf_inst|Ddr2SdramIf_controller_phy_inst|Ddr2SdramIf_phy_inst|Ddr2SdramIf_phy_ck_p_SDRAM_CK_ac_rise'
Slack : 1.728
TNS   : 0.000

Type  : Fast Model Minimum Pulse Width 'Ddr2SdramIf_inst|Ddr2SdramIf_controller_phy_inst|Ddr2SdramIf_phy_inst|Ddr2SdramIf_phy_ck_p_SDRAM_CK_tDQSS'
Slack : 1.728
TNS   : 0.000

Type  : Fast Model Minimum Pulse Width 'Ddr2SdramIf_inst|Ddr2SdramIf_controller_phy_inst|Ddr2SdramIf_phy_inst|Ddr2SdramIf_phy_ck_p_SDRAM_CK_tDSS'
Slack : 1.728
TNS   : 0.000

Type  : Fast Model Minimum Pulse Width 'Ddr2SdramIf_inst|Ddr2SdramIf_controller_phy_inst|Ddr2SdramIf_phy_inst|Ddr2SdramIf_phy_alt_mem_phy_inst|clk|pll|altpll_component|pll|clk[2]'
Slack : 1.870
TNS   : 0.000

Type  : Fast Model Minimum Pulse Width 'Ddr2SdramIf_inst|Ddr2SdramIf_controller_phy_inst|Ddr2SdramIf_phy_inst|Ddr2SdramIf_phy_alt_mem_phy_inst|clk|pll|altpll_component|pll|clk[5]'
Slack : 1.870
TNS   : 0.000

Type  : Fast Model Minimum Pulse Width 'Ddr2SdramIf_inst|Ddr2SdramIf_controller_phy_inst|Ddr2SdramIf_phy_inst|Ddr2SdramIf_phy_ddr_dqsin_SDRAM_DQS'
Slack : 1.870
TNS   : 0.000

Type  : Fast Model Minimum Pulse Width 'Ddr2SdramIf_inst|Ddr2SdramIf_controller_phy_inst|Ddr2SdramIf_phy_inst|Ddr2SdramIf_phy_ddr_dqsout_SDRAM_DQS'
Slack : 1.870
TNS   : 0.000

Type  : Fast Model Minimum Pulse Width 'Ddr2SdramIf_inst|Ddr2SdramIf_controller_phy_inst|Ddr2SdramIf_phy_inst|Ddr2SdramIf_phy_ddr_mimic'
Slack : 1.870
TNS   : 0.000

Type  : Fast Model Minimum Pulse Width 'Ddr2SdramIf_inst|Ddr2SdramIf_controller_phy_inst|Ddr2SdramIf_phy_inst|Ddr2SdramIf_phy_ddr_postamble'
Slack : 1.870
TNS   : 0.000

Type  : Fast Model Minimum Pulse Width 'Ddr2SdramIf_inst|Ddr2SdramIf_controller_phy_inst|Ddr2SdramIf_phy_inst|Ddr2SdramIf_phy_ddr_resync'
Slack : 1.870
TNS   : 0.000

Type  : Fast Model Minimum Pulse Width 'AuroraInterface|aurora_8b10b_arria_gxb_inst|aurora_8b10b_v5_3_inst|gtx_wrapper_i|gxb_transceiver_inst|alt2gxb_component|channel_rec[0].receive|clkout'
Slack : 2.200
TNS   : 0.000

Type  : Fast Model Minimum Pulse Width 'AuroraInterface|aurora_8b10b_arria_gxb_inst|aurora_8b10b_v5_3_inst|gtx_wrapper_i|gxb_transceiver_inst|alt2gxb_component|channel_tx[0].transmit|clkout'
Slack : 2.200
TNS   : 0.000

Type  : Fast Model Minimum Pulse Width 'Ddr2SdramIf_inst|Ddr2SdramIf_controller_phy_inst|Ddr2SdramIf_phy_inst|Ddr2SdramIf_phy_alt_mem_phy_inst|clk|pll|altpll_component|pll|clk[0]'
Slack : 3.810
TNS   : 0.000

Type  : Fast Model Minimum Pulse Width 'Ddr2SdramIf_inst|Ddr2SdramIf_controller_phy_inst|Ddr2SdramIf_phy_inst|Ddr2SdramIf_phy_alt_mem_phy_inst|clk|scan_clk|regout_clock'
Slack : 5.000
TNS   : 0.000

Type  : Fast Model Minimum Pulse Width 'CLK_IN_P0'
Slack : 7.370
TNS   : 0.000

Type  : Fast Model Minimum Pulse Width 'ADC_FRAME_CK1'
Slack : 11.448
TNS   : 0.000

Type  : Fast Model Minimum Pulse Width 'ADC_FRAME_CK2'
Slack : 11.448
TNS   : 0.000

Type  : Fast Model Minimum Pulse Width 'ClockGenerator|altpll_component|pll|clk[0]'
Slack : 11.520
TNS   : 0.000

Type  : Fast Model Minimum Pulse Width 'ClockGenerator|altpll_component|pll|clk[0]~1'
Slack : 11.870
TNS   : 0.000

Type  : Fast Model Minimum Pulse Width 'MASTER_CLOCK'
Slack : 11.870
TNS   : 0.000

Type  : Fast Model Minimum Pulse Width 'Ck40Mux_Inst|CK40_MUX_altclkctrl_hfe_component|clkctrl1|outclk'
Slack : 12.150
TNS   : 0.000

Type  : Fast Model Minimum Pulse Width 'MASTER_CLOCK2'
Slack : 12.150
TNS   : 0.000

Type  : Fast Model Minimum Pulse Width 'P0Clk_Pll_Inst|altpll_component|pll|clk[0]'
Slack : 12.480
TNS   : 0.000

Type  : Fast Model Minimum Pulse Width 'GXB_CK'
Slack : 14.000
TNS   : 0.000

Type  : Fast Model Minimum Pulse Width 'ClockGenerator|altpll_component|pll|clk[1]'
Slack : 47.970
TNS   : 0.000

Type  : Fast Model Minimum Pulse Width 'ClockGenerator|altpll_component|pll|clk[1]~1'
Slack : 49.370
TNS   : 0.000

Type  : Fast Model Minimum Pulse Width 'ClockGenerator|altpll_component|pll|clk[2]'
Slack : 404.370
TNS   : 0.000

Type  : Fast Model Minimum Pulse Width 'ClockGenerator|altpll_component|pll|clk[2]~1'
Slack : 416.036
TNS   : 0.000

------------------------------------------------------------
