Flow report for Fpga
Mon Oct 15 09:47:26 2018
Quartus II 64-Bit Version 13.0.1 Build 232 06/12/2013 Service Pack 1 SJ Full Version


---------------------
; Table of Contents ;
---------------------
  1. Legal Notice
  2. Flow Summary
  3. Flow Settings
  4. Flow Non-Default Global Settings
  5. Flow Elapsed Time
  6. Flow OS Summary
  7. Flow Log
  8. Flow Messages
  9. Flow Suppressed Messages



----------------
; Legal Notice ;
----------------
Copyright (C) 1991-2013 Altera Corporation
Your use of Altera Corporation's design tools, logic functions 
and other software and tools, and its AMPP partner logic 
functions, and any output files from any of the foregoing 
(including device programming or simulation files), and any 
associated documentation or information are expressly subject 
to the terms and conditions of the Altera Program License 
Subscription Agreement, Altera MegaCore Function License 
Agreement, or other applicable license agreement, including, 
without limitation, that your use is for the sole purpose of 
programming logic devices manufactured by Altera and sold by 
Altera or its authorized distributors.  Please refer to the 
applicable agreement for further details.



+-----------------------------------------------------------------------------------+
; Flow Summary                                                                      ;
+--------------------------------+--------------------------------------------------+
; Flow Status                    ; Successful - Mon Oct 15 09:46:53 2018            ;
; Quartus II 64-Bit Version      ; 13.0.1 Build 232 06/12/2013 SP 1 SJ Full Version ;
; Revision Name                  ; Fpga                                             ;
; Top-level Entity Name          ; Fpga                                             ;
; Family                         ; Arria GX                                         ;
; Device                         ; EP1AGX60DF780C6                                  ;
; Timing Models                  ; Final                                            ;
; Logic utilization              ; 70 %                                             ;
;     Combinational ALUTs        ; 24,877 / 48,080 ( 52 % )                         ;
;     Dedicated logic registers  ; 19,571 / 48,080 ( 41 % )                         ;
; Total registers                ; 19848                                            ;
; Total pins                     ; 312 / 395 ( 79 % )                               ;
; Total virtual pins             ; 0                                                ;
; Total block memory bits        ; 1,755,244 / 2,528,640 ( 69 % )                   ;
; DSP block 9-bit elements       ; 240 / 256 ( 94 % )                               ;
; Total GXB Receiver Channels    ; 1 / 8 ( 13 % )                                   ;
; Total GXB Transmitter Channels ; 1 / 8 ( 13 % )                                   ;
; Total PLLs                     ; 3 / 4 ( 75 % )                                   ;
; Total DLLs                     ; 1 / 2 ( 50 % )                                   ;
+--------------------------------+--------------------------------------------------+


+-----------------------------------------+
; Flow Settings                           ;
+-------------------+---------------------+
; Option            ; Setting             ;
+-------------------+---------------------+
; Start date & time ; 04/04/2018 10:54:08 ;
; Main task         ; Compilation         ;
; Revision Name     ; Fpga                ;
+-------------------+---------------------+


+--------------------------------------------------------------------------------------------------------------------------------------------------------------+
; Flow Non-Default Global Settings                                                                                                                             ;
+---------------------------------------------------+-------------------------------------------------------+---------------+-------------+--------------------+
; Assignment Name                                   ; Value                                                 ; Default Value ; Entity Name ; Section Id         ;
+---------------------------------------------------+-------------------------------------------------------+---------------+-------------+--------------------+
; COMPILER_SIGNATURE_ID                             ; 157220082348.152283204810476                          ; --            ; --          ; --                 ;
; EDA_DESIGN_EXTRA_ALTERA_SIM_LIB                   ; stratixii_ver                                         ; --            ; --          ; eda_simulation     ;
; EDA_DESIGN_EXTRA_ALTERA_SIM_LIB                   ; stratixii_ver                                         ; --            ; --          ; eda_simulation     ;
; IP_TOOL_NAME                                      ; ALTREMOTE_UPDATE                                      ; --            ; --          ; --                 ;
; IP_TOOL_NAME                                      ; ALTASMI_PARALLEL                                      ; --            ; --          ; --                 ;
; IP_TOOL_NAME                                      ; DDR2 High Performance Controller                      ; --            ; --          ; --                 ;
; IP_TOOL_NAME                                      ; altmemphy                                             ; --            ; --          ; --                 ;
; IP_TOOL_NAME                                      ; ALTPLL                                                ; --            ; --          ; --                 ;
; IP_TOOL_NAME                                      ; ALTPLL_RECONFIG                                       ; --            ; --          ; --                 ;
; IP_TOOL_NAME                                      ; FIFO                                                  ; --            ; --          ; --                 ;
; IP_TOOL_NAME                                      ; FIFO                                                  ; --            ; --          ; --                 ;
; IP_TOOL_NAME                                      ; FIFO                                                  ; --            ; --          ; --                 ;
; IP_TOOL_NAME                                      ; ALTDDIO_IN                                            ; --            ; --          ; --                 ;
; IP_TOOL_NAME                                      ; ALT2GXB                                               ; --            ; --          ; --                 ;
; IP_TOOL_NAME                                      ; ALTPLL                                                ; --            ; --          ; --                 ;
; IP_TOOL_NAME                                      ; RAM: 1-PORT                                           ; --            ; --          ; --                 ;
; IP_TOOL_NAME                                      ; RAM: 2-PORT                                           ; --            ; --          ; --                 ;
; IP_TOOL_NAME                                      ; LPM_ADD_SUB                                           ; --            ; --          ; --                 ;
; IP_TOOL_NAME                                      ; LPM_ADD_SUB                                           ; --            ; --          ; --                 ;
; IP_TOOL_NAME                                      ; FIFO                                                  ; --            ; --          ; --                 ;
; IP_TOOL_NAME                                      ; FIFO                                                  ; --            ; --          ; --                 ;
; IP_TOOL_NAME                                      ; FIFO                                                  ; --            ; --          ; --                 ;
; IP_TOOL_NAME                                      ; FIFO                                                  ; --            ; --          ; --                 ;
; IP_TOOL_NAME                                      ; FIFO                                                  ; --            ; --          ; --                 ;
; IP_TOOL_NAME                                      ; FIFO                                                  ; --            ; --          ; --                 ;
; IP_TOOL_NAME                                      ; FIFO                                                  ; --            ; --          ; --                 ;
; IP_TOOL_NAME                                      ; FIFO                                                  ; --            ; --          ; --                 ;
; IP_TOOL_NAME                                      ; ALTPLL                                                ; --            ; --          ; --                 ;
; IP_TOOL_NAME                                      ; ALTCLKCTRL                                            ; --            ; --          ; --                 ;
; IP_TOOL_NAME                                      ; FIFO                                                  ; --            ; --          ; --                 ;
; IP_TOOL_VERSION                                   ; 13.0                                                  ; --            ; --          ; --                 ;
; IP_TOOL_VERSION                                   ; 13.0                                                  ; --            ; --          ; --                 ;
; IP_TOOL_VERSION                                   ; 13.0                                                  ; --            ; --          ; --                 ;
; IP_TOOL_VERSION                                   ; 13.0                                                  ; --            ; --          ; --                 ;
; IP_TOOL_VERSION                                   ; 13.0                                                  ; --            ; --          ; --                 ;
; IP_TOOL_VERSION                                   ; 13.0                                                  ; --            ; --          ; --                 ;
; IP_TOOL_VERSION                                   ; 9.1                                                   ; --            ; --          ; --                 ;
; IP_TOOL_VERSION                                   ; 9.1                                                   ; --            ; --          ; --                 ;
; IP_TOOL_VERSION                                   ; 9.1                                                   ; --            ; --          ; --                 ;
; IP_TOOL_VERSION                                   ; 8.1                                                   ; --            ; --          ; --                 ;
; IP_TOOL_VERSION                                   ; 8.1                                                   ; --            ; --          ; --                 ;
; IP_TOOL_VERSION                                   ; 13.0                                                  ; --            ; --          ; --                 ;
; IP_TOOL_VERSION                                   ; 8.1                                                   ; --            ; --          ; --                 ;
; IP_TOOL_VERSION                                   ; 13.0                                                  ; --            ; --          ; --                 ;
; IP_TOOL_VERSION                                   ; 9.1                                                   ; --            ; --          ; --                 ;
; IP_TOOL_VERSION                                   ; 9.1                                                   ; --            ; --          ; --                 ;
; IP_TOOL_VERSION                                   ; 9.1                                                   ; --            ; --          ; --                 ;
; IP_TOOL_VERSION                                   ; 9.1                                                   ; --            ; --          ; --                 ;
; IP_TOOL_VERSION                                   ; 9.1                                                   ; --            ; --          ; --                 ;
; IP_TOOL_VERSION                                   ; 9.1                                                   ; --            ; --          ; --                 ;
; IP_TOOL_VERSION                                   ; 9.1                                                   ; --            ; --          ; --                 ;
; IP_TOOL_VERSION                                   ; 9.1                                                   ; --            ; --          ; --                 ;
; IP_TOOL_VERSION                                   ; 11.1                                                  ; --            ; --          ; --                 ;
; IP_TOOL_VERSION                                   ; 11.1                                                  ; --            ; --          ; --                 ;
; IP_TOOL_VERSION                                   ; 11.1                                                  ; --            ; --          ; --                 ;
; IP_TOOL_VERSION                                   ; 11.1                                                  ; --            ; --          ; --                 ;
; IP_TOOL_VERSION                                   ; 13.0                                                  ; --            ; --          ; --                 ;
; MAX_CORE_JUNCTION_TEMP                            ; 85                                                    ; --            ; --          ; --                 ;
; MIN_CORE_JUNCTION_TEMP                            ; 0                                                     ; --            ; --          ; --                 ;
; MISC_FILE                                         ; ../Mpd_Common/z_remote_inst.v                         ; --            ; --          ; --                 ;
; MISC_FILE                                         ; ../Mpd_Common/z_asmi_inst.v                           ; --            ; --          ; --                 ;
; MISC_FILE                                         ; Ddr2SdramIf/Ddr2SdramIf.v                             ; --            ; --          ; --                 ;
; MISC_FILE                                         ; Ddr2SdramIf/Ddr2SdramIf.qip                           ; --            ; --          ; --                 ;
; MISC_FILE                                         ; Ddr2SdramIf/Ddr2SdramIf_example_driver.v              ; --            ; --          ; --                 ;
; MISC_FILE                                         ; Ddr2SdramIf/Ddr2SdramIf_example_top.v                 ; --            ; --          ; --                 ;
; MISC_FILE                                         ; Ddr2SdramIf/Ddr2SdramIf_ex_lfsr8.v                    ; --            ; --          ; --                 ;
; MISC_FILE                                         ; Ddr2SdramIf/testbench/Ddr2SdramIf_example_top_tb.v    ; --            ; --          ; --                 ;
; MISC_FILE                                         ; Ddr2SdramIf/testbench/Ddr2SdramIf_mem_model.v         ; --            ; --          ; --                 ;
; MISC_FILE                                         ; Ddr2SdramIf/testbench/Ddr2SdramIf_full_mem_model.v    ; --            ; --          ; --                 ;
; MISC_FILE                                         ; Ddr2SdramIf/Ddr2SdramIf_pin_assignments.tcl           ; --            ; --          ; --                 ;
; MISC_FILE                                         ; Ddr2SdramIf/Ddr2SdramIf_phy.v                         ; --            ; --          ; --                 ;
; MISC_FILE                                         ; Ddr2SdramIf/Ddr2SdramIf_phy.qip                       ; --            ; --          ; --                 ;
; MISC_FILE                                         ; Ddr2SdramIf/Ddr2SdramIf_phy_alt_mem_phy_seq_wrapper.v ; --            ; --          ; --                 ;
; MISC_FILE                                         ; Ddr2SdramIf/Ddr2SdramIf_phy_alt_mem_phy_seq.vhd       ; --            ; --          ; --                 ;
; MISC_FILE                                         ; Ddr2SdramIf/Ddr2SdramIf_phy_alt_mem_phy.v             ; --            ; --          ; --                 ;
; MISC_FILE                                         ; Ddr2SdramIf/Ddr2SdramIf_phy_alt_mem_phy_pll.v         ; --            ; --          ; --                 ;
; MISC_FILE                                         ; Ddr2SdramIf/Ddr2SdramIf_phy_pin_assignments.tcl       ; --            ; --          ; --                 ;
; MISC_FILE                                         ; Ddr2SdramIf/Ddr2SdramIf_phy_ddr_pins.tcl              ; --            ; --          ; --                 ;
; MISC_FILE                                         ; Ddr2SdramIf/Ddr2SdramIf_phy_report_timing.tcl         ; --            ; --          ; --                 ;
; MISC_FILE                                         ; Ddr2SdramIf/Ddr2SdramIf_phy_alt_mem_phy_reconfig.v    ; --            ; --          ; --                 ;
; MISC_FILE                                         ; Ddr2SdramIf/alt_mem_phy_defines.v                     ; --            ; --          ; --                 ;
; MISC_FILE                                         ; Ddr2SdramIf/Ddr2SdramIf_phy.ppf                       ; --            ; --          ; --                 ;
; MISC_FILE                                         ; Ddr2SdramIf/Ddr2SdramIf_phy_alt_mem_phy_pll_bb.v      ; --            ; --          ; --                 ;
; MISC_FILE                                         ; Ddr2SdramIf/Ddr2SdramIf_phy_alt_mem_phy_reconfig_bb.v ; --            ; --          ; --                 ;
; MISC_FILE                                         ; ../Mpd_Common/Fifo_2048x21.bsf                        ; --            ; --          ; --                 ;
; MISC_FILE                                         ; ../Mpd_Common/Fifo_2048x21_bb.v                       ; --            ; --          ; --                 ;
; MISC_FILE                                         ; ../Mpd_Common/Fifo_256x13.bsf                         ; --            ; --          ; --                 ;
; MISC_FILE                                         ; ../Mpd_Common/Fifo_256x13_bb.v                        ; --            ; --          ; --                 ;
; MISC_FILE                                         ; ../Mpd_Common/ApvDataFifo_2048x12.bsf                 ; --            ; --          ; --                 ;
; MISC_FILE                                         ; ../Mpd_Common/ApvDataFifo_2048x12_bb.v                ; --            ; --          ; --                 ;
; MISC_FILE                                         ; ../Mpd_Common/DdrIn.bsf                               ; --            ; --          ; --                 ;
; MISC_FILE                                         ; ../Mpd_Common/DdrIn_bb.v                              ; --            ; --          ; --                 ;
; MISC_FILE                                         ; ../Mpd_Common/DdrIn.ppf                               ; --            ; --          ; --                 ;
; MISC_FILE                                         ; ../Mpd_Common/Gxb.vo                                  ; --            ; --          ; --                 ;
; MISC_FILE                                         ; ../Mpd_Common/Gxb.bsf                                 ; --            ; --          ; --                 ;
; MISC_FILE                                         ; ../Mpd_Common/Gxb_bb.v                                ; --            ; --          ; --                 ;
; MISC_FILE                                         ; ../Mpd_Common/Gxb.ppf                                 ; --            ; --          ; --                 ;
; MISC_FILE                                         ; ./GlobalPll.ppf                                       ; --            ; --          ; --                 ;
; MISC_FILE                                         ; ../Mpd_Common/SpRam_4096x32.bsf                       ; --            ; --          ; --                 ;
; MISC_FILE                                         ; ../Mpd_Common/SpRam_4096x32_bb.v                      ; --            ; --          ; --                 ;
; MISC_FILE                                         ; ../Mpd_Common/DpRam128x12.bsf                         ; --            ; --          ; --                 ;
; MISC_FILE                                         ; ../Mpd_Common/DpRam128x12_bb.v                        ; --            ; --          ; --                 ;
; MISC_FILE                                         ; ../Mpd_Common/Adder12.bsf                             ; --            ; --          ; --                 ;
; MISC_FILE                                         ; ../Mpd_Common/Adder12_bb.v                            ; --            ; --          ; --                 ;
; MISC_FILE                                         ; ../Mpd_Common/Sub13.bsf                               ; --            ; --          ; --                 ;
; MISC_FILE                                         ; ../Mpd_Common/Sub13_bb.v                              ; --            ; --          ; --                 ;
; MISC_FILE                                         ; ../Mpd_Common/ApvDataFifo_1024x12.bsf                 ; --            ; --          ; --                 ;
; MISC_FILE                                         ; ../Mpd_Common/ApvDataFifo_1024x12_bb.v                ; --            ; --          ; --                 ;
; MISC_FILE                                         ; ../Mpd_Common/Fifo_2048x24.bsf                        ; --            ; --          ; --                 ;
; MISC_FILE                                         ; ../Mpd_Common/Fifo_2048x24_bb.v                       ; --            ; --          ; --                 ;
; MISC_FILE                                         ; ../Mpd_Common/Fifo_16x48.bsf                          ; --            ; --          ; --                 ;
; MISC_FILE                                         ; ../Mpd_Common/Fifo_16x48_bb.v                         ; --            ; --          ; --                 ;
; MISC_FILE                                         ; ../Mpd_Common/Fifo_16x24.bsf                          ; --            ; --          ; --                 ;
; MISC_FILE                                         ; ../Mpd_Common/Fifo_16x24_bb.v                         ; --            ; --          ; --                 ;
; MISC_FILE                                         ; ../Mpd_Common/DcFifo_32x12.bsf                        ; --            ; --          ; --                 ;
; MISC_FILE                                         ; ../Mpd_Common/DcFifo_32x12_bb.v                       ; --            ; --          ; --                 ;
; MISC_FILE                                         ; ../Mpd_Common/ApvDataFifo_1024x13.bsf                 ; --            ; --          ; --                 ;
; MISC_FILE                                         ; ../Mpd_Common/ApvDataFifo_1024x13_bb.v                ; --            ; --          ; --                 ;
; MISC_FILE                                         ; ../Mpd_Common/TdcFifo_1024x8_bb.v                     ; --            ; --          ; --                 ;
; MISC_FILE                                         ; ../Mpd_Common/Fifo_8192x64_bb.v                       ; --            ; --          ; --                 ;
; MISC_FILE                                         ; P0CK_Pll_bb.v                                         ; --            ; --          ; --                 ;
; MISC_FILE                                         ; P0CK_Pll.ppf                                          ; --            ; --          ; --                 ;
; MISC_FILE                                         ; CK40_MUX_bb.v                                         ; --            ; --          ; --                 ;
; OUTPUT_PIN_LOAD                                   ; 10                                                    ; --            ; --          ; 3.3-V LVTTL        ;
; OUTPUT_PIN_LOAD                                   ; 10                                                    ; --            ; --          ; 2.5 V              ;
; OUTPUT_PIN_LOAD                                   ; 10                                                    ; --            ; --          ; LVDS               ;
; OUTPUT_PIN_LOAD                                   ; 10                                                    ; --            ; --          ; SSTL-18 CLASS I    ;
; OUTPUT_PIN_LOAD                                   ; 10                                                    ; --            ; --          ; SSTL-18 CLASS II   ;
; PARTITION_COLOR                                   ; 3112138                                               ; --            ; --          ; AdcDeser:AdcDeser0 ;
; PARTITION_COLOR                                   ; 11151545                                              ; --            ; --          ; AdcDeser:AdcDeser1 ;
; PARTITION_COLOR                                   ; 16764057                                              ; --            ; --          ; Top                ;
; PARTITION_FITTER_PRESERVATION_LEVEL               ; PLACEMENT_AND_ROUTING                                 ; --            ; --          ; AdcDeser:AdcDeser0 ;
; PARTITION_FITTER_PRESERVATION_LEVEL               ; PLACEMENT_AND_ROUTING                                 ; --            ; --          ; AdcDeser:AdcDeser1 ;
; PARTITION_FITTER_PRESERVATION_LEVEL               ; PLACEMENT_AND_ROUTING                                 ; --            ; --          ; Top                ;
; PARTITION_NETLIST_TYPE                            ; POST_SYNTH                                            ; --            ; --          ; AdcDeser:AdcDeser0 ;
; PARTITION_NETLIST_TYPE                            ; POST_SYNTH                                            ; --            ; --          ; AdcDeser:AdcDeser1 ;
; PARTITION_NETLIST_TYPE                            ; SOURCE                                                ; --            ; --          ; Top                ;
; PHYSICAL_SYNTHESIS_ASYNCHRONOUS_SIGNAL_PIPELINING ; On                                                    ; Off           ; --          ; --                 ;
; PHYSICAL_SYNTHESIS_COMBO_LOGIC                    ; On                                                    ; Off           ; --          ; --                 ;
; PHYSICAL_SYNTHESIS_COMBO_LOGIC_FOR_AREA           ; On                                                    ; Off           ; --          ; --                 ;
; PHYSICAL_SYNTHESIS_MAP_LOGIC_TO_MEMORY_FOR_AREA   ; On                                                    ; Off           ; --          ; --                 ;
; PHYSICAL_SYNTHESIS_REGISTER_DUPLICATION           ; On                                                    ; Off           ; --          ; --                 ;
; PHYSICAL_SYNTHESIS_REGISTER_RETIMING              ; On                                                    ; Off           ; --          ; --                 ;
; POWER_BOARD_THERMAL_MODEL                         ; None (CONSERVATIVE)                                   ; --            ; --          ; --                 ;
; POWER_PRESET_COOLING_SOLUTION                     ; 15 MM HEAT SINK WITH 100 LFPM AIRFLOW                 ; --            ; --          ; --                 ;
; PRE_FLOW_SCRIPT_FILE                              ; quartus_sh:SaveCompileTime.tcl                        ; --            ; --          ; --                 ;
; SAFE_STATE_MACHINE                                ; On                                                    ; Off           ; --          ; --                 ;
; SEARCH_PATH                                       ; Ddr2SdramIf/.                                         ; --            ; --          ; --                 ;
; SEARCH_PATH                                       ; Ddr2SdramIf/ddr2_high_performance_controller-library  ; --            ; --          ; --                 ;
; SEARCH_PATH                                       ; Ddr2SdramIf/.                                         ; --            ; --          ; --                 ;
; SEARCH_PATH                                       ; Ddr2SdramIf/altmemphy-library                         ; --            ; --          ; --                 ;
; USE_GENERATED_PHYSICAL_CONSTRAINTS                ; Off                                                   ; --            ; --          ; eda_blast_fpga     ;
; VERILOG_SHOW_LMF_MAPPING_MESSAGES                 ; Off                                                   ; --            ; --          ; --                 ;
+---------------------------------------------------+-------------------------------------------------------+---------------+-------------+--------------------+


+-------------------------------------------------------------------------------------------------------------------------------+
; Flow Elapsed Time                                                                                                             ;
+---------------------------+--------------+-------------------------+---------------------+------------------------------------+
; Module Name               ; Elapsed Time ; Average Processors Used ; Peak Virtual Memory ; Total CPU Time (on all processors) ;
+---------------------------+--------------+-------------------------+---------------------+------------------------------------+
; Analysis & Synthesis      ; 00:03:00     ; 2.4                     ; 866 MB              ; 00:03:05                           ;
; Partition Merge           ; 00:00:07     ; 1.0                     ; 595 MB              ; 00:00:07                           ;
; Fitter                    ; 00:21:21     ; 1.6                     ; 2200 MB             ; 00:30:19                           ;
; Assembler                 ; 00:00:11     ; 1.0                     ; 635 MB              ; 00:00:11                           ;
; TimeQuest Timing Analyzer ; 00:00:30     ; 1.0                     ; 1142 MB             ; 00:00:30                           ;
; Analysis & Synthesis      ; 00:02:48     ; 1.0                     ; 981 MB              ; 00:02:48                           ;
; Partition Merge           ; 00:00:09     ; 1.0                     ; 618 MB              ; 00:00:09                           ;
; Fitter                    ; 00:19:01     ; 1.7                     ; 2080 MB             ; 00:26:45                           ;
; Assembler                 ; 00:00:11     ; 1.0                     ; 634 MB              ; 00:00:11                           ;
; TimeQuest Timing Analyzer ; 00:00:31     ; 1.0                     ; 1164 MB             ; 00:00:30                           ;
; Analysis & Synthesis      ; 00:02:54     ; 1.0                     ; 980 MB              ; 00:02:52                           ;
; Partition Merge           ; 00:00:09     ; 1.0                     ; 646 MB              ; 00:00:09                           ;
; Fitter                    ; 00:17:07     ; 1.7                     ; 2067 MB             ; 00:23:47                           ;
; Assembler                 ; 00:00:12     ; 1.0                     ; 634 MB              ; 00:00:12                           ;
; TimeQuest Timing Analyzer ; 00:00:33     ; 1.0                     ; 1163 MB             ; 00:00:33                           ;
; Analysis & Synthesis      ; 00:02:53     ; 1.0                     ; 988 MB              ; 00:02:52                           ;
; Partition Merge           ; 00:00:09     ; 1.0                     ; 633 MB              ; 00:00:09                           ;
; Analysis & Synthesis      ; 00:03:20     ; 1.0                     ; 978 MB              ; 00:03:19                           ;
; Partition Merge           ; 00:00:10     ; 1.0                     ; 644 MB              ; 00:00:10                           ;
; Fitter                    ; 00:22:57     ; 1.6                     ; 2135 MB             ; 00:31:45                           ;
; Assembler                 ; 00:00:12     ; 1.0                     ; 634 MB              ; 00:00:11                           ;
; TimeQuest Timing Analyzer ; 00:00:31     ; 1.0                     ; 1148 MB             ; 00:00:31                           ;
; Analysis & Synthesis      ; 00:03:09     ; 1.0                     ; 966 MB              ; 00:03:05                           ;
; Partition Merge           ; 00:00:09     ; 1.0                     ; 617 MB              ; 00:00:10                           ;
; Analysis & Synthesis      ; 00:02:49     ; 1.0                     ; 959 MB              ; 00:02:49                           ;
; Partition Merge           ; 00:00:09     ; 1.0                     ; 618 MB              ; 00:00:08                           ;
; Fitter                    ; 00:21:17     ; 1.6                     ; 2131 MB             ; 00:29:17                           ;
; Assembler                 ; 00:00:11     ; 1.0                     ; 633 MB              ; 00:00:11                           ;
; TimeQuest Timing Analyzer ; 00:00:31     ; 1.0                     ; 1138 MB             ; 00:00:31                           ;
; Analysis & Synthesis      ; 00:02:56     ; 1.0                     ; 926 MB              ; 00:02:55                           ;
; Partition Merge           ; 00:00:09     ; 1.0                     ; 618 MB              ; 00:00:08                           ;
; Fitter                    ; 00:18:00     ; 1.6                     ; 2112 MB             ; 00:25:28                           ;
; Assembler                 ; 00:00:11     ; 1.0                     ; 629 MB              ; 00:00:11                           ;
; TimeQuest Timing Analyzer ; 00:00:29     ; 1.0                     ; 1115 MB             ; 00:00:30                           ;
; Analysis & Synthesis      ; 00:03:18     ; 1.0                     ; 979 MB              ; 00:03:06                           ;
; Partition Merge           ; 00:00:10     ; 1.0                     ; 630 MB              ; 00:00:09                           ;
; Fitter                    ; 00:25:20     ; 1.6                     ; 2225 MB             ; 00:37:20                           ;
; Assembler                 ; 00:00:12     ; 1.0                     ; 650 MB              ; 00:00:11                           ;
; TimeQuest Timing Analyzer ; 00:00:32     ; 1.0                     ; 1187 MB             ; 00:00:33                           ;
; Analysis & Synthesis      ; 00:03:02     ; 1.0                     ; 985 MB              ; 00:02:52                           ;
; Partition Merge           ; 00:00:09     ; 1.0                     ; 629 MB              ; 00:00:09                           ;
; Fitter                    ; 00:19:22     ; 1.7                     ; 2125 MB             ; 00:27:29                           ;
; Assembler                 ; 00:00:11     ; 1.0                     ; 635 MB              ; 00:00:11                           ;
; TimeQuest Timing Analyzer ; 00:00:30     ; 1.0                     ; 1169 MB             ; 00:00:31                           ;
; Total                     ; 03:21:42     ; --                      ; --                  ; 04:28:59                           ;
+---------------------------+--------------+-------------------------+---------------------+------------------------------------+


+----------------------------------------------------------------------------------------+
; Flow OS Summary                                                                        ;
+---------------------------+------------------+-----------+------------+----------------+
; Module Name               ; Machine Hostname ; OS Name   ; OS Version ; Processor type ;
+---------------------------+------------------+-----------+------------+----------------+
; Analysis & Synthesis      ; nbmusico         ; Windows 7 ; 6.1        ; x86_64         ;
; Partition Merge           ; nbmusico         ; Windows 7 ; 6.1        ; x86_64         ;
; Fitter                    ; nbmusico         ; Windows 7 ; 6.1        ; x86_64         ;
; Assembler                 ; nbmusico         ; Windows 7 ; 6.1        ; x86_64         ;
; TimeQuest Timing Analyzer ; nbmusico         ; Windows 7 ; 6.1        ; x86_64         ;
; Analysis & Synthesis      ; nbmusico         ; Windows 7 ; 6.1        ; x86_64         ;
; Partition Merge           ; nbmusico         ; Windows 7 ; 6.1        ; x86_64         ;
; Fitter                    ; nbmusico         ; Windows 7 ; 6.1        ; x86_64         ;
; Assembler                 ; nbmusico         ; Windows 7 ; 6.1        ; x86_64         ;
; TimeQuest Timing Analyzer ; nbmusico         ; Windows 7 ; 6.1        ; x86_64         ;
; Analysis & Synthesis      ; nbmusico         ; Windows 7 ; 6.1        ; x86_64         ;
; Partition Merge           ; nbmusico         ; Windows 7 ; 6.1        ; x86_64         ;
; Fitter                    ; nbmusico         ; Windows 7 ; 6.1        ; x86_64         ;
; Assembler                 ; nbmusico         ; Windows 7 ; 6.1        ; x86_64         ;
; TimeQuest Timing Analyzer ; nbmusico         ; Windows 7 ; 6.1        ; x86_64         ;
; Analysis & Synthesis      ; nbmusico         ; Windows 7 ; 6.1        ; x86_64         ;
; Partition Merge           ; nbmusico         ; Windows 7 ; 6.1        ; x86_64         ;
; Analysis & Synthesis      ; nbmusico         ; Windows 7 ; 6.1        ; x86_64         ;
; Partition Merge           ; nbmusico         ; Windows 7 ; 6.1        ; x86_64         ;
; Fitter                    ; nbmusico         ; Windows 7 ; 6.1        ; x86_64         ;
; Assembler                 ; nbmusico         ; Windows 7 ; 6.1        ; x86_64         ;
; TimeQuest Timing Analyzer ; nbmusico         ; Windows 7 ; 6.1        ; x86_64         ;
; Analysis & Synthesis      ; nbmusico         ; Windows 7 ; 6.1        ; x86_64         ;
; Partition Merge           ; nbmusico         ; Windows 7 ; 6.1        ; x86_64         ;
; Analysis & Synthesis      ; nbmusico         ; Windows 7 ; 6.1        ; x86_64         ;
; Partition Merge           ; nbmusico         ; Windows 7 ; 6.1        ; x86_64         ;
; Fitter                    ; nbmusico         ; Windows 7 ; 6.1        ; x86_64         ;
; Assembler                 ; nbmusico         ; Windows 7 ; 6.1        ; x86_64         ;
; TimeQuest Timing Analyzer ; nbmusico         ; Windows 7 ; 6.1        ; x86_64         ;
; Analysis & Synthesis      ; nbmusico         ; Windows 7 ; 6.1        ; x86_64         ;
; Partition Merge           ; nbmusico         ; Windows 7 ; 6.1        ; x86_64         ;
; Fitter                    ; nbmusico         ; Windows 7 ; 6.1        ; x86_64         ;
; Assembler                 ; nbmusico         ; Windows 7 ; 6.1        ; x86_64         ;
; TimeQuest Timing Analyzer ; nbmusico         ; Windows 7 ; 6.1        ; x86_64         ;
; Analysis & Synthesis      ; nbmusico         ; Windows 7 ; 6.1        ; x86_64         ;
; Partition Merge           ; nbmusico         ; Windows 7 ; 6.1        ; x86_64         ;
; Fitter                    ; nbmusico         ; Windows 7 ; 6.1        ; x86_64         ;
; Assembler                 ; nbmusico         ; Windows 7 ; 6.1        ; x86_64         ;
; TimeQuest Timing Analyzer ; nbmusico         ; Windows 7 ; 6.1        ; x86_64         ;
; Analysis & Synthesis      ; nbmusico         ; Windows 7 ; 6.1        ; x86_64         ;
; Partition Merge           ; nbmusico         ; Windows 7 ; 6.1        ; x86_64         ;
; Fitter                    ; nbmusico         ; Windows 7 ; 6.1        ; x86_64         ;
; Assembler                 ; nbmusico         ; Windows 7 ; 6.1        ; x86_64         ;
; TimeQuest Timing Analyzer ; nbmusico         ; Windows 7 ; 6.1        ; x86_64         ;
+---------------------------+------------------+-----------+------------+----------------+


------------
; Flow Log ;
------------
quartus_map --read_settings_files=on --write_settings_files=off Fpga -c Fpga
quartus_cdb --read_settings_files=off --write_settings_files=off Fpga -c Fpga --merge=on
quartus_fit --read_settings_files=off --write_settings_files=off Fpga -c Fpga
quartus_asm --read_settings_files=off --write_settings_files=off Fpga -c Fpga
quartus_sta Fpga -c Fpga
quartus_map --read_settings_files=on --write_settings_files=off Fpga -c Fpga
quartus_cdb --read_settings_files=off --write_settings_files=off Fpga -c Fpga --merge=on
quartus_fit --read_settings_files=off --write_settings_files=off Fpga -c Fpga
quartus_asm --read_settings_files=off --write_settings_files=off Fpga -c Fpga
quartus_sta Fpga -c Fpga
quartus_map --read_settings_files=on --write_settings_files=off Fpga -c Fpga
quartus_cdb --read_settings_files=off --write_settings_files=off Fpga -c Fpga --merge=on
quartus_fit --read_settings_files=off --write_settings_files=off Fpga -c Fpga
quartus_asm --read_settings_files=off --write_settings_files=off Fpga -c Fpga
quartus_sta Fpga -c Fpga
quartus_map --read_settings_files=on --write_settings_files=off Fpga -c Fpga
quartus_cdb --read_settings_files=off --write_settings_files=off Fpga -c Fpga --merge=on
quartus_map --read_settings_files=on --write_settings_files=off Fpga -c Fpga
quartus_cdb --read_settings_files=off --write_settings_files=off Fpga -c Fpga --merge=on
quartus_fit --read_settings_files=off --write_settings_files=off Fpga -c Fpga
quartus_asm --read_settings_files=off --write_settings_files=off Fpga -c Fpga
quartus_sta Fpga -c Fpga
quartus_map --read_settings_files=on --write_settings_files=off Fpga -c Fpga
quartus_cdb --read_settings_files=off --write_settings_files=off Fpga -c Fpga --merge=on
quartus_map --read_settings_files=on --write_settings_files=off Fpga -c Fpga
quartus_cdb --read_settings_files=off --write_settings_files=off Fpga -c Fpga --merge=on
quartus_fit --read_settings_files=off --write_settings_files=off Fpga -c Fpga
quartus_asm --read_settings_files=off --write_settings_files=off Fpga -c Fpga
quartus_sta Fpga -c Fpga
quartus_map --read_settings_files=on --write_settings_files=off Fpga -c Fpga
quartus_cdb --read_settings_files=off --write_settings_files=off Fpga -c Fpga --merge=on
quartus_fit --read_settings_files=off --write_settings_files=off Fpga -c Fpga
quartus_asm --read_settings_files=off --write_settings_files=off Fpga -c Fpga
quartus_sta Fpga -c Fpga
quartus_map --read_settings_files=on --write_settings_files=off Fpga -c Fpga
quartus_cdb --read_settings_files=off --write_settings_files=off Fpga -c Fpga --merge=on
quartus_fit --read_settings_files=off --write_settings_files=off Fpga -c Fpga
quartus_asm --read_settings_files=off --write_settings_files=off Fpga -c Fpga
quartus_sta Fpga -c Fpga
quartus_map --read_settings_files=on --write_settings_files=off Fpga -c Fpga
quartus_cdb --read_settings_files=off --write_settings_files=off Fpga -c Fpga --merge=on
quartus_fit --read_settings_files=off --write_settings_files=off Fpga -c Fpga
quartus_asm --read_settings_files=off --write_settings_files=off Fpga -c Fpga
quartus_sta Fpga -c Fpga



