------------------------------------------------------------
TimeQuest Timing Analyzer Summary
------------------------------------------------------------

Type  : Slow Model Setup 'ADC_LCLK1'
Slack : -41.967
TNS   : -675.433

Type  : Slow Model Setup 'ClockGenerator|altpll_component|pll|clk[0]'
Slack : -23.334
TNS   : -746.432

Type  : Slow Model Setup 'Ck_100MHz_virt'
Slack : -20.322
TNS   : -1363.439

Type  : Slow Model Setup 'Ck_40MHz_virt'
Slack : -18.650
TNS   : -49.970

Type  : Slow Model Setup 'Ck_10MHz_virt'
Slack : -8.993
TNS   : -32.368

Type  : Slow Model Setup 'Ddr2SdramIf_inst|Ddr2SdramIf_controller_phy_inst|Ddr2SdramIf_phy_inst|Ddr2SdramIf_phy_alt_mem_phy_inst|clk|pll|altpll_component|pll|clk[0]'
Slack : -8.160
TNS   : -1050.942

Type  : Slow Model Setup 'ADC_FRAME_CK2'
Slack : -7.237
TNS   : -2089.789

Type  : Slow Model Setup 'ADC_FRAME_CK1'
Slack : -7.217
TNS   : -2081.669

Type  : Slow Model Setup 'ClockGenerator|altpll_component|pll|clk[1]~1'
Slack : -6.241
TNS   : -987.667

Type  : Slow Model Setup 'ClockGenerator|altpll_component|pll|clk[1]'
Slack : -6.217
TNS   : -846.562

Type  : Slow Model Setup 'ClockGenerator|altpll_component|pll|clk[0]~1'
Slack : -5.914
TNS   : -931.708

Type  : Slow Model Setup 'CLK_IN_P0'
Slack : -4.184
TNS   : -121.588

Type  : Slow Model Setup 'AuroraInterface|aurora_8b10b_arria_gxb_inst|aurora_8b10b_v5_3_inst|gtx_wrapper_i|gxb_transceiver_inst|alt2gxb_component|channel_tx[0].transmit|clkout'
Slack : -3.939
TNS   : -101.260

Type  : Slow Model Setup 'ADC_LCLK2'
Slack : -2.005
TNS   : -22.320

Type  : Slow Model Setup 'ClockGenerator|altpll_component|pll|clk[2]~1'
Slack : -1.514
TNS   : -4.542

Type  : Slow Model Setup 'n/a'
Slack : -1.177
TNS   : -1.177

Type  : Slow Model Setup 'ClockGenerator|altpll_component|pll|clk[2]'
Slack : -0.452
TNS   : -1.356

Type  : Slow Model Setup 'Ddr2SdramIf_inst|Ddr2SdramIf_controller_phy_inst|Ddr2SdramIf_phy_inst|Ddr2SdramIf_phy_ddr_dqsout_SDRAM_DQS'
Slack : 0.089
TNS   : 0.000

Type  : Slow Model Setup 'Ddr2SdramIf_inst|Ddr2SdramIf_controller_phy_inst|Ddr2SdramIf_phy_inst|Ddr2SdramIf_phy_ddr_dqsin_SDRAM_DQS'
Slack : 0.315
TNS   : 0.000

Type  : Slow Model Setup 'Ddr2SdramIf_inst|Ddr2SdramIf_controller_phy_inst|Ddr2SdramIf_phy_inst|Ddr2SdramIf_phy_ddr_mimic'
Slack : 0.845
TNS   : 0.000

Type  : Slow Model Setup 'Ddr2SdramIf_inst|Ddr2SdramIf_controller_phy_inst|Ddr2SdramIf_phy_inst|Ddr2SdramIf_phy_ck_n_SDRAM_CKb_tDQSS'
Slack : 1.211
TNS   : 0.000

Type  : Slow Model Setup 'Ddr2SdramIf_inst|Ddr2SdramIf_controller_phy_inst|Ddr2SdramIf_phy_inst|Ddr2SdramIf_phy_ck_p_SDRAM_CK_tDQSS'
Slack : 1.222
TNS   : 0.000

Type  : Slow Model Setup 'Ddr2SdramIf_inst|Ddr2SdramIf_controller_phy_inst|Ddr2SdramIf_phy_inst|Ddr2SdramIf_phy_ck_n_SDRAM_CKb_tDSS'
Slack : 1.294
TNS   : 0.000

Type  : Slow Model Setup 'Ddr2SdramIf_inst|Ddr2SdramIf_controller_phy_inst|Ddr2SdramIf_phy_inst|Ddr2SdramIf_phy_ck_p_SDRAM_CK_tDSS'
Slack : 1.305
TNS   : 0.000

Type  : Slow Model Setup 'Ddr2SdramIf_inst|Ddr2SdramIf_controller_phy_inst|Ddr2SdramIf_phy_inst|Ddr2SdramIf_phy_alt_mem_phy_inst|clk|pll|altpll_component|pll|clk[2]'
Slack : 1.346
TNS   : 0.000

Type  : Slow Model Setup 'Ddr2SdramIf_inst|Ddr2SdramIf_controller_phy_inst|Ddr2SdramIf_phy_inst|Ddr2SdramIf_phy_alt_mem_phy_inst|clk|pll|altpll_component|pll|clk[4]'
Slack : 1.919
TNS   : 0.000

Type  : Slow Model Setup 'Ddr2SdramIf_inst|Ddr2SdramIf_controller_phy_inst|Ddr2SdramIf_phy_inst|Ddr2SdramIf_phy_ck_n_SDRAM_CKb_ac_fall'
Slack : 2.227
TNS   : 0.000

Type  : Slow Model Setup 'Ddr2SdramIf_inst|Ddr2SdramIf_controller_phy_inst|Ddr2SdramIf_phy_inst|Ddr2SdramIf_phy_ck_p_SDRAM_CK_ac_fall'
Slack : 2.238
TNS   : 0.000

Type  : Slow Model Setup 'Ddr2SdramIf_inst|Ddr2SdramIf_controller_phy_inst|Ddr2SdramIf_phy_inst|Ddr2SdramIf_phy_alt_mem_phy_inst|clk|pll|altpll_component|pll|clk[1]'
Slack : 2.833
TNS   : 0.000

Type  : Slow Model Setup 'AuroraInterface|aurora_8b10b_arria_gxb_inst|aurora_8b10b_v5_3_inst|gtx_wrapper_i|gxb_transceiver_inst|alt2gxb_component|channel_rec[0].receive|clkout'
Slack : 3.057
TNS   : 0.000

Type  : Slow Model Setup 'Ddr2SdramIf_inst|Ddr2SdramIf_controller_phy_inst|Ddr2SdramIf_phy_inst|Ddr2SdramIf_phy_ddr_postamble'
Slack : 4.243
TNS   : 0.000

Type  : Slow Model Setup 'Ddr2SdramIf_inst|Ddr2SdramIf_controller_phy_inst|Ddr2SdramIf_phy_inst|Ddr2SdramIf_phy_alt_mem_phy_inst|clk|scan_clk|regout_clock'
Slack : 11.522
TNS   : 0.000

Type  : Slow Model Setup 'MASTER_CLOCK'
Slack : 23.780
TNS   : 0.000

Type  : Slow Model Setup 'Ddr2SdramIf_inst|Ddr2SdramIf_controller_phy_inst|Ddr2SdramIf_phy_inst|Ddr2SdramIf_phy_ddr_resync'
Slack : 102.173
TNS   : 0.000

Type  : Slow Model Hold 'ADC_FRAME_CK2'
Slack : -23.901
TNS   : -6973.554

Type  : Slow Model Hold 'ADC_FRAME_CK1'
Slack : -23.630
TNS   : -6543.303

Type  : Slow Model Hold 'Ddr2SdramIf_inst|Ddr2SdramIf_controller_phy_inst|Ddr2SdramIf_phy_inst|Ddr2SdramIf_phy_alt_mem_phy_inst|clk|pll|altpll_component|pll|clk[0]'
Slack : -2.685
TNS   : -212.958

Type  : Slow Model Hold 'ADC_LCLK1'
Slack : -1.298
TNS   : -15.915

Type  : Slow Model Hold 'ADC_LCLK2'
Slack : -0.757
TNS   : -12.535

Type  : Slow Model Hold 'ClockGenerator|altpll_component|pll|clk[0]'
Slack : -0.587
TNS   : -2.050

Type  : Slow Model Hold 'CLK_IN_P0'
Slack : -0.232
TNS   : -0.232

Type  : Slow Model Hold 'ClockGenerator|altpll_component|pll|clk[1]'
Slack : -0.181
TNS   : -4.208

Type  : Slow Model Hold 'ClockGenerator|altpll_component|pll|clk[2]'
Slack : -0.181
TNS   : -0.543

Type  : Slow Model Hold 'ClockGenerator|altpll_component|pll|clk[0]~1'
Slack : -0.062
TNS   : -0.062

Type  : Slow Model Hold 'Ddr2SdramIf_inst|Ddr2SdramIf_controller_phy_inst|Ddr2SdramIf_phy_inst|Ddr2SdramIf_phy_alt_mem_phy_inst|clk|scan_clk|regout_clock'
Slack : 0.480
TNS   : 0.000

Type  : Slow Model Hold 'AuroraInterface|aurora_8b10b_arria_gxb_inst|aurora_8b10b_v5_3_inst|gtx_wrapper_i|gxb_transceiver_inst|alt2gxb_component|channel_rec[0].receive|clkout'
Slack : 0.490
TNS   : 0.000

Type  : Slow Model Hold 'AuroraInterface|aurora_8b10b_arria_gxb_inst|aurora_8b10b_v5_3_inst|gtx_wrapper_i|gxb_transceiver_inst|alt2gxb_component|channel_tx[0].transmit|clkout'
Slack : 0.490
TNS   : 0.000

Type  : Slow Model Hold 'ClockGenerator|altpll_component|pll|clk[1]~1'
Slack : 0.490
TNS   : 0.000

Type  : Slow Model Hold 'ClockGenerator|altpll_component|pll|clk[2]~1'
Slack : 0.490
TNS   : 0.000

Type  : Slow Model Hold 'Ddr2SdramIf_inst|Ddr2SdramIf_controller_phy_inst|Ddr2SdramIf_phy_inst|Ddr2SdramIf_phy_alt_mem_phy_inst|clk|pll|altpll_component|pll|clk[1]'
Slack : 0.490
TNS   : 0.000

Type  : Slow Model Hold 'Ddr2SdramIf_inst|Ddr2SdramIf_controller_phy_inst|Ddr2SdramIf_phy_inst|Ddr2SdramIf_phy_alt_mem_phy_inst|clk|pll|altpll_component|pll|clk[2]'
Slack : 0.490
TNS   : 0.000

Type  : Slow Model Hold 'Ddr2SdramIf_inst|Ddr2SdramIf_controller_phy_inst|Ddr2SdramIf_phy_inst|Ddr2SdramIf_phy_alt_mem_phy_inst|clk|pll|altpll_component|pll|clk[4]'
Slack : 0.490
TNS   : 0.000

Type  : Slow Model Hold 'MASTER_CLOCK'
Slack : 0.514
TNS   : 0.000

Type  : Slow Model Hold 'Ddr2SdramIf_inst|Ddr2SdramIf_controller_phy_inst|Ddr2SdramIf_phy_inst|Ddr2SdramIf_phy_ddr_postamble'
Slack : 0.516
TNS   : 0.000

Type  : Slow Model Hold 'Ddr2SdramIf_inst|Ddr2SdramIf_controller_phy_inst|Ddr2SdramIf_phy_inst|Ddr2SdramIf_phy_ddr_dqsin_SDRAM_DQS'
Slack : 0.878
TNS   : 0.000

Type  : Slow Model Hold 'Ddr2SdramIf_inst|Ddr2SdramIf_controller_phy_inst|Ddr2SdramIf_phy_inst|Ddr2SdramIf_phy_ddr_mimic'
Slack : 1.011
TNS   : 0.000

Type  : Slow Model Hold 'Ddr2SdramIf_inst|Ddr2SdramIf_controller_phy_inst|Ddr2SdramIf_phy_inst|Ddr2SdramIf_phy_ddr_dqsout_SDRAM_DQS'
Slack : 1.137
TNS   : 0.000

Type  : Slow Model Hold 'Ddr2SdramIf_inst|Ddr2SdramIf_controller_phy_inst|Ddr2SdramIf_phy_inst|Ddr2SdramIf_phy_ck_p_SDRAM_CK_tDQSS'
Slack : 1.210
TNS   : 0.000

Type  : Slow Model Hold 'Ddr2SdramIf_inst|Ddr2SdramIf_controller_phy_inst|Ddr2SdramIf_phy_inst|Ddr2SdramIf_phy_ck_n_SDRAM_CKb_tDQSS'
Slack : 1.221
TNS   : 0.000

Type  : Slow Model Hold 'Ddr2SdramIf_inst|Ddr2SdramIf_controller_phy_inst|Ddr2SdramIf_phy_inst|Ddr2SdramIf_phy_ck_p_SDRAM_CK_tDSS'
Slack : 1.292
TNS   : 0.000

Type  : Slow Model Hold 'Ddr2SdramIf_inst|Ddr2SdramIf_controller_phy_inst|Ddr2SdramIf_phy_inst|Ddr2SdramIf_phy_ck_n_SDRAM_CKb_tDSS'
Slack : 1.303
TNS   : 0.000

Type  : Slow Model Hold 'Ddr2SdramIf_inst|Ddr2SdramIf_controller_phy_inst|Ddr2SdramIf_phy_inst|Ddr2SdramIf_phy_ck_p_SDRAM_CK_ac_fall'
Slack : 1.639
TNS   : 0.000

Type  : Slow Model Hold 'Ddr2SdramIf_inst|Ddr2SdramIf_controller_phy_inst|Ddr2SdramIf_phy_inst|Ddr2SdramIf_phy_ck_n_SDRAM_CKb_ac_fall'
Slack : 1.650
TNS   : 0.000

Type  : Slow Model Hold 'Ck_10MHz_virt'
Slack : 3.879
TNS   : 0.000

Type  : Slow Model Hold 'n/a'
Slack : 3.955
TNS   : 0.000

Type  : Slow Model Hold 'Ck_100MHz_virt'
Slack : 4.007
TNS   : 0.000

Type  : Slow Model Hold 'Ck_40MHz_virt'
Slack : 6.231
TNS   : 0.000

Type  : Slow Model Hold 'Ddr2SdramIf_inst|Ddr2SdramIf_controller_phy_inst|Ddr2SdramIf_phy_inst|Ddr2SdramIf_phy_ddr_resync'
Slack : 102.391
TNS   : 0.000

Type  : Slow Model Recovery 'ClockGenerator|altpll_component|pll|clk[2]'
Slack : -5.093
TNS   : -10.661

Type  : Slow Model Recovery 'ClockGenerator|altpll_component|pll|clk[0]'
Slack : -4.695
TNS   : -849.795

Type  : Slow Model Recovery 'ClockGenerator|altpll_component|pll|clk[1]'
Slack : -4.595
TNS   : -743.401

Type  : Slow Model Recovery 'ADC_FRAME_CK1'
Slack : -4.419
TNS   : -2107.405

Type  : Slow Model Recovery 'ADC_LCLK2'
Slack : -4.385
TNS   : -43.842

Type  : Slow Model Recovery 'ADC_LCLK1'
Slack : -4.219
TNS   : -218.816

Type  : Slow Model Recovery 'ADC_FRAME_CK2'
Slack : -4.192
TNS   : -2044.927

Type  : Slow Model Recovery 'ClockGenerator|altpll_component|pll|clk[2]~1'
Slack : -3.847
TNS   : -9.861

Type  : Slow Model Recovery 'AuroraInterface|aurora_8b10b_arria_gxb_inst|aurora_8b10b_v5_3_inst|gtx_wrapper_i|gxb_transceiver_inst|alt2gxb_component|channel_tx[0].transmit|clkout'
Slack : -3.785
TNS   : -45.420

Type  : Slow Model Recovery 'ClockGenerator|altpll_component|pll|clk[1]~1'
Slack : -3.363
TNS   : -361.756

Type  : Slow Model Recovery 'Ddr2SdramIf_inst|Ddr2SdramIf_controller_phy_inst|Ddr2SdramIf_phy_inst|Ddr2SdramIf_phy_alt_mem_phy_inst|clk|pll|altpll_component|pll|clk[0]'
Slack : -1.072
TNS   : -31.371

Type  : Slow Model Recovery 'Ddr2SdramIf_inst|Ddr2SdramIf_controller_phy_inst|Ddr2SdramIf_phy_inst|Ddr2SdramIf_phy_alt_mem_phy_inst|clk|pll|altpll_component|pll|clk[2]'
Slack : 2.050
TNS   : 0.000

Type  : Slow Model Recovery 'Ddr2SdramIf_inst|Ddr2SdramIf_controller_phy_inst|Ddr2SdramIf_phy_inst|Ddr2SdramIf_phy_alt_mem_phy_inst|clk|pll|altpll_component|pll|clk[4]'
Slack : 3.314
TNS   : 0.000

Type  : Slow Model Recovery 'Ddr2SdramIf_inst|Ddr2SdramIf_controller_phy_inst|Ddr2SdramIf_phy_inst|Ddr2SdramIf_phy_ddr_postamble'
Slack : 3.314
TNS   : 0.000

Type  : Slow Model Recovery 'Ddr2SdramIf_inst|Ddr2SdramIf_controller_phy_inst|Ddr2SdramIf_phy_inst|Ddr2SdramIf_phy_alt_mem_phy_inst|clk|pll|altpll_component|pll|clk[1]'
Slack : 3.710
TNS   : 0.000

Type  : Slow Model Recovery 'Ddr2SdramIf_inst|Ddr2SdramIf_controller_phy_inst|Ddr2SdramIf_phy_inst|Ddr2SdramIf_phy_alt_mem_phy_inst|clk|scan_clk|regout_clock'
Slack : 17.937
TNS   : 0.000

Type  : Slow Model Recovery 'ClockGenerator|altpll_component|pll|clk[0]~1'
Slack : 19.674
TNS   : 0.000

Type  : Slow Model Recovery 'Ddr2SdramIf_inst|Ddr2SdramIf_controller_phy_inst|Ddr2SdramIf_phy_inst|Ddr2SdramIf_phy_ddr_dqsin_SDRAM_DQS'
Slack : 101.972
TNS   : 0.000

Type  : Slow Model Removal 'ClockGenerator|altpll_component|pll|clk[0]'
Slack : -1.063
TNS   : -42.520

Type  : Slow Model Removal 'ClockGenerator|altpll_component|pll|clk[0]~1'
Slack : -0.532
TNS   : -21.280

Type  : Slow Model Removal 'Ddr2SdramIf_inst|Ddr2SdramIf_controller_phy_inst|Ddr2SdramIf_phy_inst|Ddr2SdramIf_phy_alt_mem_phy_inst|clk|pll|altpll_component|pll|clk[0]'
Slack : 0.444
TNS   : 0.000

Type  : Slow Model Removal 'ClockGenerator|altpll_component|pll|clk[1]'
Slack : 0.964
TNS   : 0.000

Type  : Slow Model Removal 'Ddr2SdramIf_inst|Ddr2SdramIf_controller_phy_inst|Ddr2SdramIf_phy_inst|Ddr2SdramIf_phy_alt_mem_phy_inst|clk|pll|altpll_component|pll|clk[1]'
Slack : 1.049
TNS   : 0.000

Type  : Slow Model Removal 'Ddr2SdramIf_inst|Ddr2SdramIf_controller_phy_inst|Ddr2SdramIf_phy_inst|Ddr2SdramIf_phy_alt_mem_phy_inst|clk|pll|altpll_component|pll|clk[4]'
Slack : 1.052
TNS   : 0.000

Type  : Slow Model Removal 'AuroraInterface|aurora_8b10b_arria_gxb_inst|aurora_8b10b_v5_3_inst|gtx_wrapper_i|gxb_transceiver_inst|alt2gxb_component|channel_tx[0].transmit|clkout'
Slack : 1.067
TNS   : 0.000

Type  : Slow Model Removal 'ClockGenerator|altpll_component|pll|clk[2]'
Slack : 1.207
TNS   : 0.000

Type  : Slow Model Removal 'ClockGenerator|altpll_component|pll|clk[1]~1'
Slack : 1.435
TNS   : 0.000

Type  : Slow Model Removal 'Ddr2SdramIf_inst|Ddr2SdramIf_controller_phy_inst|Ddr2SdramIf_phy_inst|Ddr2SdramIf_phy_ddr_postamble'
Slack : 1.445
TNS   : 0.000

Type  : Slow Model Removal 'Ddr2SdramIf_inst|Ddr2SdramIf_controller_phy_inst|Ddr2SdramIf_phy_inst|Ddr2SdramIf_phy_alt_mem_phy_inst|clk|scan_clk|regout_clock'
Slack : 1.542
TNS   : 0.000

Type  : Slow Model Removal 'ClockGenerator|altpll_component|pll|clk[2]~1'
Slack : 1.879
TNS   : 0.000

Type  : Slow Model Removal 'Ddr2SdramIf_inst|Ddr2SdramIf_controller_phy_inst|Ddr2SdramIf_phy_inst|Ddr2SdramIf_phy_alt_mem_phy_inst|clk|pll|altpll_component|pll|clk[2]'
Slack : 1.943
TNS   : 0.000

Type  : Slow Model Removal 'ADC_FRAME_CK2'
Slack : 2.689
TNS   : 0.000

Type  : Slow Model Removal 'ADC_FRAME_CK1'
Slack : 3.086
TNS   : 0.000

Type  : Slow Model Removal 'ADC_LCLK1'
Slack : 3.955
TNS   : 0.000

Type  : Slow Model Removal 'ADC_LCLK2'
Slack : 4.140
TNS   : 0.000

Type  : Slow Model Removal 'Ddr2SdramIf_inst|Ddr2SdramIf_controller_phy_inst|Ddr2SdramIf_phy_inst|Ddr2SdramIf_phy_ddr_dqsin_SDRAM_DQS'
Slack : 102.764
TNS   : 0.000

Type  : Slow Model Minimum Pulse Width 'ADC_LCLK1'
Slack : 0.082
TNS   : 0.000

Type  : Slow Model Minimum Pulse Width 'ADC_LCLK2'
Slack : 0.082
TNS   : 0.000

Type  : Slow Model Minimum Pulse Width 'Ddr2SdramIf_inst|Ddr2SdramIf_controller_phy_inst|Ddr2SdramIf_phy_inst|Ddr2SdramIf_phy_SDRAM_CK_mimic_launch_clock'
Slack : 0.897
TNS   : 0.000

Type  : Slow Model Minimum Pulse Width 'Ddr2SdramIf_inst|Ddr2SdramIf_controller_phy_inst|Ddr2SdramIf_phy_inst|Ddr2SdramIf_phy_alt_mem_phy_inst|clk|pll|altpll_component|pll|clk[1]'
Slack : 0.897
TNS   : 0.000

Type  : Slow Model Minimum Pulse Width 'Ddr2SdramIf_inst|Ddr2SdramIf_controller_phy_inst|Ddr2SdramIf_phy_inst|Ddr2SdramIf_phy_ck_n_SDRAM_CKb_ac_fall'
Slack : 0.897
TNS   : 0.000

Type  : Slow Model Minimum Pulse Width 'Ddr2SdramIf_inst|Ddr2SdramIf_controller_phy_inst|Ddr2SdramIf_phy_inst|Ddr2SdramIf_phy_ck_n_SDRAM_CKb_ac_rise'
Slack : 0.897
TNS   : 0.000

Type  : Slow Model Minimum Pulse Width 'Ddr2SdramIf_inst|Ddr2SdramIf_controller_phy_inst|Ddr2SdramIf_phy_inst|Ddr2SdramIf_phy_ck_n_SDRAM_CKb_tDQSS'
Slack : 0.897
TNS   : 0.000

Type  : Slow Model Minimum Pulse Width 'Ddr2SdramIf_inst|Ddr2SdramIf_controller_phy_inst|Ddr2SdramIf_phy_inst|Ddr2SdramIf_phy_ck_n_SDRAM_CKb_tDSS'
Slack : 0.897
TNS   : 0.000

Type  : Slow Model Minimum Pulse Width 'Ddr2SdramIf_inst|Ddr2SdramIf_controller_phy_inst|Ddr2SdramIf_phy_inst|Ddr2SdramIf_phy_ck_p_SDRAM_CK_ac_fall'
Slack : 0.897
TNS   : 0.000

Type  : Slow Model Minimum Pulse Width 'Ddr2SdramIf_inst|Ddr2SdramIf_controller_phy_inst|Ddr2SdramIf_phy_inst|Ddr2SdramIf_phy_ck_p_SDRAM_CK_ac_rise'
Slack : 0.897
TNS   : 0.000

Type  : Slow Model Minimum Pulse Width 'Ddr2SdramIf_inst|Ddr2SdramIf_controller_phy_inst|Ddr2SdramIf_phy_inst|Ddr2SdramIf_phy_ck_p_SDRAM_CK_tDQSS'
Slack : 0.897
TNS   : 0.000

Type  : Slow Model Minimum Pulse Width 'Ddr2SdramIf_inst|Ddr2SdramIf_controller_phy_inst|Ddr2SdramIf_phy_inst|Ddr2SdramIf_phy_ck_p_SDRAM_CK_tDSS'
Slack : 0.897
TNS   : 0.000

Type  : Slow Model Minimum Pulse Width 'Ddr2SdramIf_inst|Ddr2SdramIf_controller_phy_inst|Ddr2SdramIf_phy_inst|Ddr2SdramIf_phy_alt_mem_phy_inst|clk|pll|altpll_component|pll|clk[4]'
Slack : 1.195
TNS   : 0.000

Type  : Slow Model Minimum Pulse Width 'Ddr2SdramIf_inst|Ddr2SdramIf_controller_phy_inst|Ddr2SdramIf_phy_inst|Ddr2SdramIf_phy_ddr_dqsin_SDRAM_DQS'
Slack : 1.726
TNS   : 0.000

Type  : Slow Model Minimum Pulse Width 'Ddr2SdramIf_inst|Ddr2SdramIf_controller_phy_inst|Ddr2SdramIf_phy_inst|Ddr2SdramIf_phy_ddr_dqsout_SDRAM_DQS'
Slack : 1.726
TNS   : 0.000

Type  : Slow Model Minimum Pulse Width 'AuroraInterface|aurora_8b10b_arria_gxb_inst|aurora_8b10b_v5_3_inst|gtx_wrapper_i|gxb_transceiver_inst|alt2gxb_component|channel_rec[0].receive|clkout'
Slack : 1.750
TNS   : 0.000

Type  : Slow Model Minimum Pulse Width 'AuroraInterface|aurora_8b10b_arria_gxb_inst|aurora_8b10b_v5_3_inst|gtx_wrapper_i|gxb_transceiver_inst|alt2gxb_component|channel_tx[0].transmit|clkout'
Slack : 1.750
TNS   : 0.000

Type  : Slow Model Minimum Pulse Width 'Ddr2SdramIf_inst|Ddr2SdramIf_controller_phy_inst|Ddr2SdramIf_phy_inst|Ddr2SdramIf_phy_alt_mem_phy_inst|clk|pll|altpll_component|pll|clk[2]'
Slack : 1.754
TNS   : 0.000

Type  : Slow Model Minimum Pulse Width 'Ddr2SdramIf_inst|Ddr2SdramIf_controller_phy_inst|Ddr2SdramIf_phy_inst|Ddr2SdramIf_phy_alt_mem_phy_inst|clk|pll|altpll_component|pll|clk[5]'
Slack : 1.754
TNS   : 0.000

Type  : Slow Model Minimum Pulse Width 'Ddr2SdramIf_inst|Ddr2SdramIf_controller_phy_inst|Ddr2SdramIf_phy_inst|Ddr2SdramIf_phy_ddr_mimic'
Slack : 1.754
TNS   : 0.000

Type  : Slow Model Minimum Pulse Width 'Ddr2SdramIf_inst|Ddr2SdramIf_controller_phy_inst|Ddr2SdramIf_phy_inst|Ddr2SdramIf_phy_ddr_postamble'
Slack : 1.754
TNS   : 0.000

Type  : Slow Model Minimum Pulse Width 'Ddr2SdramIf_inst|Ddr2SdramIf_controller_phy_inst|Ddr2SdramIf_phy_inst|Ddr2SdramIf_phy_ddr_resync'
Slack : 1.754
TNS   : 0.000

Type  : Slow Model Minimum Pulse Width 'Ddr2SdramIf_inst|Ddr2SdramIf_controller_phy_inst|Ddr2SdramIf_phy_inst|Ddr2SdramIf_phy_alt_mem_phy_inst|clk|pll|altpll_component|pll|clk[0]'
Slack : 3.551
TNS   : 0.000

Type  : Slow Model Minimum Pulse Width 'Ddr2SdramIf_inst|Ddr2SdramIf_controller_phy_inst|Ddr2SdramIf_phy_inst|Ddr2SdramIf_phy_alt_mem_phy_inst|clk|scan_clk|regout_clock'
Slack : 5.526
TNS   : 0.000

Type  : Slow Model Minimum Pulse Width 'CLK_IN_P0'
Slack : 7.123
TNS   : 0.000

Type  : Slow Model Minimum Pulse Width 'ADC_FRAME_CK1'
Slack : 10.990
TNS   : 0.000

Type  : Slow Model Minimum Pulse Width 'ADC_FRAME_CK2'
Slack : 10.990
TNS   : 0.000

Type  : Slow Model Minimum Pulse Width 'ClockGenerator|altpll_component|pll|clk[0]'
Slack : 11.273
TNS   : 0.000

Type  : Slow Model Minimum Pulse Width 'ClockGenerator|altpll_component|pll|clk[0]~1'
Slack : 11.623
TNS   : 0.000

Type  : Slow Model Minimum Pulse Width 'MASTER_CLOCK'
Slack : 11.623
TNS   : 0.000

Type  : Slow Model Minimum Pulse Width 'Ck40Mux_Inst|CK40_MUX_altclkctrl_hfe_component|clkctrl1|outclk'
Slack : 12.150
TNS   : 0.000

Type  : Slow Model Minimum Pulse Width 'MASTER_CLOCK2'
Slack : 12.150
TNS   : 0.000

Type  : Slow Model Minimum Pulse Width 'P0Clk_Pll_Inst|altpll_component|pll|clk[0]'
Slack : 12.480
TNS   : 0.000

Type  : Slow Model Minimum Pulse Width 'GXB_CK'
Slack : 13.325
TNS   : 0.000

Type  : Slow Model Minimum Pulse Width 'ClockGenerator|altpll_component|pll|clk[1]'
Slack : 47.723
TNS   : 0.000

Type  : Slow Model Minimum Pulse Width 'ClockGenerator|altpll_component|pll|clk[1]~1'
Slack : 49.123
TNS   : 0.000

Type  : Slow Model Minimum Pulse Width 'ClockGenerator|altpll_component|pll|clk[2]'
Slack : 404.123
TNS   : 0.000

Type  : Slow Model Minimum Pulse Width 'ClockGenerator|altpll_component|pll|clk[2]~1'
Slack : 415.789
TNS   : 0.000

Type  : Fast Model Setup 'ADC_LCLK1'
Slack : -29.350
TNS   : -477.496

Type  : Fast Model Setup 'ClockGenerator|altpll_component|pll|clk[0]'
Slack : -21.577
TNS   : -339.963

Type  : Fast Model Setup 'Ck_40MHz_virt'
Slack : -13.732
TNS   : -34.536

Type  : Fast Model Setup 'Ck_100MHz_virt'
Slack : -10.201
TNS   : -700.033

Type  : Fast Model Setup 'Ddr2SdramIf_inst|Ddr2SdramIf_controller_phy_inst|Ddr2SdramIf_phy_inst|Ddr2SdramIf_phy_alt_mem_phy_inst|clk|pll|altpll_component|pll|clk[0]'
Slack : -8.578
TNS   : -932.515

Type  : Fast Model Setup 'Ck_10MHz_virt'
Slack : -3.935
TNS   : -13.585

Type  : Fast Model Setup 'ADC_FRAME_CK2'
Slack : -2.949
TNS   : -853.982

Type  : Fast Model Setup 'ADC_FRAME_CK1'
Slack : -2.940
TNS   : -824.607

Type  : Fast Model Setup 'ClockGenerator|altpll_component|pll|clk[1]'
Slack : -2.663
TNS   : -331.623

Type  : Fast Model Setup 'ClockGenerator|altpll_component|pll|clk[1]~1'
Slack : -2.328
TNS   : -331.323

Type  : Fast Model Setup 'ClockGenerator|altpll_component|pll|clk[0]~1'
Slack : -2.129
TNS   : -361.658

Type  : Fast Model Setup 'CLK_IN_P0'
Slack : -1.963
TNS   : -56.087

Type  : Fast Model Setup 'AuroraInterface|aurora_8b10b_arria_gxb_inst|aurora_8b10b_v5_3_inst|gtx_wrapper_i|gxb_transceiver_inst|alt2gxb_component|channel_tx[0].transmit|clkout'
Slack : -1.769
TNS   : -45.139

Type  : Fast Model Setup 'ADC_LCLK2'
Slack : -0.754
TNS   : -18.914

Type  : Fast Model Setup 'ClockGenerator|altpll_component|pll|clk[2]~1'
Slack : -0.643
TNS   : -1.929

Type  : Fast Model Setup 'ClockGenerator|altpll_component|pll|clk[2]'
Slack : -0.347
TNS   : -1.041

Type  : Fast Model Setup 'Ddr2SdramIf_inst|Ddr2SdramIf_controller_phy_inst|Ddr2SdramIf_phy_inst|Ddr2SdramIf_phy_ddr_dqsin_SDRAM_DQS'
Slack : 0.478
TNS   : 0.000

Type  : Fast Model Setup 'Ddr2SdramIf_inst|Ddr2SdramIf_controller_phy_inst|Ddr2SdramIf_phy_inst|Ddr2SdramIf_phy_ddr_dqsout_SDRAM_DQS'
Slack : 0.605
TNS   : 0.000

Type  : Fast Model Setup 'Ddr2SdramIf_inst|Ddr2SdramIf_controller_phy_inst|Ddr2SdramIf_phy_inst|Ddr2SdramIf_phy_ck_n_SDRAM_CKb_tDQSS'
Slack : 1.191
TNS   : 0.000

Type  : Fast Model Setup 'Ddr2SdramIf_inst|Ddr2SdramIf_controller_phy_inst|Ddr2SdramIf_phy_inst|Ddr2SdramIf_phy_ck_p_SDRAM_CK_tDQSS'
Slack : 1.198
TNS   : 0.000

Type  : Fast Model Setup 'Ddr2SdramIf_inst|Ddr2SdramIf_controller_phy_inst|Ddr2SdramIf_phy_inst|Ddr2SdramIf_phy_ck_n_SDRAM_CKb_tDSS'
Slack : 1.274
TNS   : 0.000

Type  : Fast Model Setup 'Ddr2SdramIf_inst|Ddr2SdramIf_controller_phy_inst|Ddr2SdramIf_phy_inst|Ddr2SdramIf_phy_ck_p_SDRAM_CK_tDSS'
Slack : 1.281
TNS   : 0.000

Type  : Fast Model Setup 'Ddr2SdramIf_inst|Ddr2SdramIf_controller_phy_inst|Ddr2SdramIf_phy_inst|Ddr2SdramIf_phy_ddr_mimic'
Slack : 1.629
TNS   : 0.000

Type  : Fast Model Setup 'n/a'
Slack : 2.322
TNS   : 0.000

Type  : Fast Model Setup 'Ddr2SdramIf_inst|Ddr2SdramIf_controller_phy_inst|Ddr2SdramIf_phy_inst|Ddr2SdramIf_phy_ck_n_SDRAM_CKb_ac_fall'
Slack : 2.810
TNS   : 0.000

Type  : Fast Model Setup 'Ddr2SdramIf_inst|Ddr2SdramIf_controller_phy_inst|Ddr2SdramIf_phy_inst|Ddr2SdramIf_phy_ck_p_SDRAM_CK_ac_fall'
Slack : 2.817
TNS   : 0.000

Type  : Fast Model Setup 'Ddr2SdramIf_inst|Ddr2SdramIf_controller_phy_inst|Ddr2SdramIf_phy_inst|Ddr2SdramIf_phy_alt_mem_phy_inst|clk|pll|altpll_component|pll|clk[2]'
Slack : 2.878
TNS   : 0.000

Type  : Fast Model Setup 'Ddr2SdramIf_inst|Ddr2SdramIf_controller_phy_inst|Ddr2SdramIf_phy_inst|Ddr2SdramIf_phy_alt_mem_phy_inst|clk|pll|altpll_component|pll|clk[4]'
Slack : 3.279
TNS   : 0.000

Type  : Fast Model Setup 'Ddr2SdramIf_inst|Ddr2SdramIf_controller_phy_inst|Ddr2SdramIf_phy_inst|Ddr2SdramIf_phy_alt_mem_phy_inst|clk|pll|altpll_component|pll|clk[1]'
Slack : 4.175
TNS   : 0.000

Type  : Fast Model Setup 'Ddr2SdramIf_inst|Ddr2SdramIf_controller_phy_inst|Ddr2SdramIf_phy_inst|Ddr2SdramIf_phy_ddr_postamble'
Slack : 4.766
TNS   : 0.000

Type  : Fast Model Setup 'AuroraInterface|aurora_8b10b_arria_gxb_inst|aurora_8b10b_v5_3_inst|gtx_wrapper_i|gxb_transceiver_inst|alt2gxb_component|channel_rec[0].receive|clkout'
Slack : 6.135
TNS   : 0.000

Type  : Fast Model Setup 'Ddr2SdramIf_inst|Ddr2SdramIf_controller_phy_inst|Ddr2SdramIf_phy_inst|Ddr2SdramIf_phy_alt_mem_phy_inst|clk|scan_clk|regout_clock'
Slack : 9.956
TNS   : 0.000

Type  : Fast Model Setup 'MASTER_CLOCK'
Slack : 24.508
TNS   : 0.000

Type  : Fast Model Setup 'Ddr2SdramIf_inst|Ddr2SdramIf_controller_phy_inst|Ddr2SdramIf_phy_inst|Ddr2SdramIf_phy_ddr_resync'
Slack : 101.813
TNS   : 0.000

Type  : Fast Model Hold 'ADC_FRAME_CK2'
Slack : -24.540
TNS   : -7592.300

Type  : Fast Model Hold 'ADC_FRAME_CK1'
Slack : -24.477
TNS   : -7432.219

Type  : Fast Model Hold 'ADC_LCLK1'
Slack : -2.087
TNS   : -54.098

Type  : Fast Model Hold 'ADC_LCLK2'
Slack : -1.928
TNS   : -50.912

Type  : Fast Model Hold 'Ddr2SdramIf_inst|Ddr2SdramIf_controller_phy_inst|Ddr2SdramIf_phy_inst|Ddr2SdramIf_phy_alt_mem_phy_inst|clk|pll|altpll_component|pll|clk[0]'
Slack : -0.681
TNS   : -71.503

Type  : Fast Model Hold 'ClockGenerator|altpll_component|pll|clk[0]'
Slack : -0.299
TNS   : -0.843

Type  : Fast Model Hold 'ClockGenerator|altpll_component|pll|clk[0]~1'
Slack : -0.157
TNS   : -0.157

Type  : Fast Model Hold 'CLK_IN_P0'
Slack : -0.087
TNS   : -0.087

Type  : Fast Model Hold 'ClockGenerator|altpll_component|pll|clk[1]'
Slack : -0.064
TNS   : -1.568

Type  : Fast Model Hold 'ClockGenerator|altpll_component|pll|clk[2]'
Slack : -0.064
TNS   : -0.192

Type  : Fast Model Hold 'Ddr2SdramIf_inst|Ddr2SdramIf_controller_phy_inst|Ddr2SdramIf_phy_inst|Ddr2SdramIf_phy_alt_mem_phy_inst|clk|scan_clk|regout_clock'
Slack : 0.202
TNS   : 0.000

Type  : Fast Model Hold 'AuroraInterface|aurora_8b10b_arria_gxb_inst|aurora_8b10b_v5_3_inst|gtx_wrapper_i|gxb_transceiver_inst|alt2gxb_component|channel_tx[0].transmit|clkout'
Slack : 0.212
TNS   : 0.000

Type  : Fast Model Hold 'Ddr2SdramIf_inst|Ddr2SdramIf_controller_phy_inst|Ddr2SdramIf_phy_inst|Ddr2SdramIf_phy_alt_mem_phy_inst|clk|pll|altpll_component|pll|clk[2]'
Slack : 0.212
TNS   : 0.000

Type  : Fast Model Hold 'Ddr2SdramIf_inst|Ddr2SdramIf_controller_phy_inst|Ddr2SdramIf_phy_inst|Ddr2SdramIf_phy_alt_mem_phy_inst|clk|pll|altpll_component|pll|clk[4]'
Slack : 0.212
TNS   : 0.000

Type  : Fast Model Hold 'MASTER_CLOCK'
Slack : 0.214
TNS   : 0.000

Type  : Fast Model Hold 'Ddr2SdramIf_inst|Ddr2SdramIf_controller_phy_inst|Ddr2SdramIf_phy_inst|Ddr2SdramIf_phy_ddr_postamble'
Slack : 0.215
TNS   : 0.000

Type  : Fast Model Hold 'Ddr2SdramIf_inst|Ddr2SdramIf_controller_phy_inst|Ddr2SdramIf_phy_inst|Ddr2SdramIf_phy_alt_mem_phy_inst|clk|pll|altpll_component|pll|clk[1]'
Slack : 0.217
TNS   : 0.000

Type  : Fast Model Hold 'AuroraInterface|aurora_8b10b_arria_gxb_inst|aurora_8b10b_v5_3_inst|gtx_wrapper_i|gxb_transceiver_inst|alt2gxb_component|channel_rec[0].receive|clkout'
Slack : 0.224
TNS   : 0.000

Type  : Fast Model Hold 'ClockGenerator|altpll_component|pll|clk[1]~1'
Slack : 0.224
TNS   : 0.000

Type  : Fast Model Hold 'ClockGenerator|altpll_component|pll|clk[2]~1'
Slack : 0.224
TNS   : 0.000

Type  : Fast Model Hold 'Ddr2SdramIf_inst|Ddr2SdramIf_controller_phy_inst|Ddr2SdramIf_phy_inst|Ddr2SdramIf_phy_ddr_mimic'
Slack : 0.449
TNS   : 0.000

Type  : Fast Model Hold 'Ck_10MHz_virt'
Slack : 0.592
TNS   : 0.000

Type  : Fast Model Hold 'Ddr2SdramIf_inst|Ddr2SdramIf_controller_phy_inst|Ddr2SdramIf_phy_inst|Ddr2SdramIf_phy_ddr_dqsin_SDRAM_DQS'
Slack : 0.907
TNS   : 0.000

Type  : Fast Model Hold 'Ddr2SdramIf_inst|Ddr2SdramIf_controller_phy_inst|Ddr2SdramIf_phy_inst|Ddr2SdramIf_phy_ddr_dqsout_SDRAM_DQS'
Slack : 0.935
TNS   : 0.000

Type  : Fast Model Hold 'Ddr2SdramIf_inst|Ddr2SdramIf_controller_phy_inst|Ddr2SdramIf_phy_inst|Ddr2SdramIf_phy_ck_p_SDRAM_CK_ac_fall'
Slack : 1.063
TNS   : 0.000

Type  : Fast Model Hold 'Ddr2SdramIf_inst|Ddr2SdramIf_controller_phy_inst|Ddr2SdramIf_phy_inst|Ddr2SdramIf_phy_ck_n_SDRAM_CKb_ac_fall'
Slack : 1.070
TNS   : 0.000

Type  : Fast Model Hold 'Ck_100MHz_virt'
Slack : 1.222
TNS   : 0.000

Type  : Fast Model Hold 'Ddr2SdramIf_inst|Ddr2SdramIf_controller_phy_inst|Ddr2SdramIf_phy_inst|Ddr2SdramIf_phy_ck_p_SDRAM_CK_tDQSS'
Slack : 1.234
TNS   : 0.000

Type  : Fast Model Hold 'Ddr2SdramIf_inst|Ddr2SdramIf_controller_phy_inst|Ddr2SdramIf_phy_inst|Ddr2SdramIf_phy_ck_n_SDRAM_CKb_tDQSS'
Slack : 1.241
TNS   : 0.000

Type  : Fast Model Hold 'Ddr2SdramIf_inst|Ddr2SdramIf_controller_phy_inst|Ddr2SdramIf_phy_inst|Ddr2SdramIf_phy_ck_p_SDRAM_CK_tDSS'
Slack : 1.316
TNS   : 0.000

Type  : Fast Model Hold 'Ddr2SdramIf_inst|Ddr2SdramIf_controller_phy_inst|Ddr2SdramIf_phy_inst|Ddr2SdramIf_phy_ck_n_SDRAM_CKb_tDSS'
Slack : 1.323
TNS   : 0.000

Type  : Fast Model Hold 'n/a'
Slack : 2.442
TNS   : 0.000

Type  : Fast Model Hold 'Ck_40MHz_virt'
Slack : 2.844
TNS   : 0.000

Type  : Fast Model Hold 'Ddr2SdramIf_inst|Ddr2SdramIf_controller_phy_inst|Ddr2SdramIf_phy_inst|Ddr2SdramIf_phy_ddr_resync'
Slack : 103.014
TNS   : 0.000

Type  : Fast Model Recovery 'ClockGenerator|altpll_component|pll|clk[2]'
Slack : -2.208
TNS   : -4.144

Type  : Fast Model Recovery 'ClockGenerator|altpll_component|pll|clk[0]'
Slack : -1.938
TNS   : -350.778

Type  : Fast Model Recovery 'ClockGenerator|altpll_component|pll|clk[1]'
Slack : -1.838
TNS   : -294.409

Type  : Fast Model Recovery 'ADC_LCLK2'
Slack : -1.706
TNS   : -17.052

Type  : Fast Model Recovery 'AuroraInterface|aurora_8b10b_arria_gxb_inst|aurora_8b10b_v5_3_inst|gtx_wrapper_i|gxb_transceiver_inst|alt2gxb_component|channel_tx[0].transmit|clkout'
Slack : -1.696
TNS   : -20.352

Type  : Fast Model Recovery 'ADC_LCLK1'
Slack : -1.677
TNS   : -86.776

Type  : Fast Model Recovery 'ClockGenerator|altpll_component|pll|clk[1]~1'
Slack : -1.308
TNS   : -134.057

Type  : Fast Model Recovery 'ADC_FRAME_CK1'
Slack : -1.238
TNS   : -477.330

Type  : Fast Model Recovery 'ClockGenerator|altpll_component|pll|clk[2]~1'
Slack : -1.211
TNS   : -2.097

Type  : Fast Model Recovery 'ADC_FRAME_CK2'
Slack : -1.070
TNS   : -458.891

Type  : Fast Model Recovery 'Ddr2SdramIf_inst|Ddr2SdramIf_controller_phy_inst|Ddr2SdramIf_phy_inst|Ddr2SdramIf_phy_alt_mem_phy_inst|clk|pll|altpll_component|pll|clk[0]'
Slack : -0.446
TNS   : -12.468

Type  : Fast Model Recovery 'Ddr2SdramIf_inst|Ddr2SdramIf_controller_phy_inst|Ddr2SdramIf_phy_inst|Ddr2SdramIf_phy_alt_mem_phy_inst|clk|pll|altpll_component|pll|clk[2]'
Slack : 3.820
TNS   : 0.000

Type  : Fast Model Recovery 'Ddr2SdramIf_inst|Ddr2SdramIf_controller_phy_inst|Ddr2SdramIf_phy_inst|Ddr2SdramIf_phy_alt_mem_phy_inst|clk|pll|altpll_component|pll|clk[4]'
Slack : 4.352
TNS   : 0.000

Type  : Fast Model Recovery 'Ddr2SdramIf_inst|Ddr2SdramIf_controller_phy_inst|Ddr2SdramIf_phy_inst|Ddr2SdramIf_phy_ddr_postamble'
Slack : 4.352
TNS   : 0.000

Type  : Fast Model Recovery 'Ddr2SdramIf_inst|Ddr2SdramIf_controller_phy_inst|Ddr2SdramIf_phy_inst|Ddr2SdramIf_phy_alt_mem_phy_inst|clk|pll|altpll_component|pll|clk[1]'
Slack : 4.516
TNS   : 0.000

Type  : Fast Model Recovery 'Ddr2SdramIf_inst|Ddr2SdramIf_controller_phy_inst|Ddr2SdramIf_phy_inst|Ddr2SdramIf_phy_alt_mem_phy_inst|clk|scan_clk|regout_clock'
Slack : 19.750
TNS   : 0.000

Type  : Fast Model Recovery 'ClockGenerator|altpll_component|pll|clk[0]~1'
Slack : 22.814
TNS   : 0.000

Type  : Fast Model Recovery 'Ddr2SdramIf_inst|Ddr2SdramIf_controller_phy_inst|Ddr2SdramIf_phy_inst|Ddr2SdramIf_phy_ddr_dqsin_SDRAM_DQS'
Slack : 104.425
TNS   : 0.000

Type  : Fast Model Removal 'ClockGenerator|altpll_component|pll|clk[0]'
Slack : -0.530
TNS   : -21.200

Type  : Fast Model Removal 'ClockGenerator|altpll_component|pll|clk[0]~1'
Slack : -0.382
TNS   : -15.280

Type  : Fast Model Removal 'Ddr2SdramIf_inst|Ddr2SdramIf_controller_phy_inst|Ddr2SdramIf_phy_inst|Ddr2SdramIf_phy_alt_mem_phy_inst|clk|pll|altpll_component|pll|clk[0]'
Slack : 0.037
TNS   : 0.000

Type  : Fast Model Removal 'Ddr2SdramIf_inst|Ddr2SdramIf_controller_phy_inst|Ddr2SdramIf_phy_inst|Ddr2SdramIf_phy_alt_mem_phy_inst|clk|pll|altpll_component|pll|clk[1]'
Slack : 0.465
TNS   : 0.000

Type  : Fast Model Removal 'Ddr2SdramIf_inst|Ddr2SdramIf_controller_phy_inst|Ddr2SdramIf_phy_inst|Ddr2SdramIf_phy_alt_mem_phy_inst|clk|pll|altpll_component|pll|clk[4]'
Slack : 0.465
TNS   : 0.000

Type  : Fast Model Removal 'AuroraInterface|aurora_8b10b_arria_gxb_inst|aurora_8b10b_v5_3_inst|gtx_wrapper_i|gxb_transceiver_inst|alt2gxb_component|channel_tx[0].transmit|clkout'
Slack : 0.470
TNS   : 0.000

Type  : Fast Model Removal 'ClockGenerator|altpll_component|pll|clk[2]'
Slack : 0.504
TNS   : 0.000

Type  : Fast Model Removal 'ClockGenerator|altpll_component|pll|clk[1]'
Slack : 0.509
TNS   : 0.000

Type  : Fast Model Removal 'ClockGenerator|altpll_component|pll|clk[1]~1'
Slack : 0.622
TNS   : 0.000

Type  : Fast Model Removal 'Ddr2SdramIf_inst|Ddr2SdramIf_controller_phy_inst|Ddr2SdramIf_phy_inst|Ddr2SdramIf_phy_ddr_postamble'
Slack : 0.629
TNS   : 0.000

Type  : Fast Model Removal 'Ddr2SdramIf_inst|Ddr2SdramIf_controller_phy_inst|Ddr2SdramIf_phy_inst|Ddr2SdramIf_phy_alt_mem_phy_inst|clk|scan_clk|regout_clock'
Slack : 0.688
TNS   : 0.000

Type  : Fast Model Removal 'ClockGenerator|altpll_component|pll|clk[2]~1'
Slack : 0.793
TNS   : 0.000

Type  : Fast Model Removal 'Ddr2SdramIf_inst|Ddr2SdramIf_controller_phy_inst|Ddr2SdramIf_phy_inst|Ddr2SdramIf_phy_alt_mem_phy_inst|clk|pll|altpll_component|pll|clk[2]'
Slack : 0.829
TNS   : 0.000

Type  : Fast Model Removal 'ADC_FRAME_CK2'
Slack : 1.073
TNS   : 0.000

Type  : Fast Model Removal 'ADC_FRAME_CK1'
Slack : 1.232
TNS   : 0.000

Type  : Fast Model Removal 'ADC_LCLK1'
Slack : 1.641
TNS   : 0.000

Type  : Fast Model Removal 'ADC_LCLK2'
Slack : 1.683
TNS   : 0.000

Type  : Fast Model Removal 'Ddr2SdramIf_inst|Ddr2SdramIf_controller_phy_inst|Ddr2SdramIf_phy_inst|Ddr2SdramIf_phy_ddr_dqsin_SDRAM_DQS'
Slack : 100.483
TNS   : 0.000

Type  : Fast Model Minimum Pulse Width 'ADC_LCLK1'
Slack : 0.681
TNS   : 0.000

Type  : Fast Model Minimum Pulse Width 'ADC_LCLK2'
Slack : 0.681
TNS   : 0.000

Type  : Fast Model Minimum Pulse Width 'Ddr2SdramIf_inst|Ddr2SdramIf_controller_phy_inst|Ddr2SdramIf_phy_inst|Ddr2SdramIf_phy_alt_mem_phy_inst|clk|pll|altpll_component|pll|clk[4]'
Slack : 1.631
TNS   : 0.000

Type  : Fast Model Minimum Pulse Width 'Ddr2SdramIf_inst|Ddr2SdramIf_controller_phy_inst|Ddr2SdramIf_phy_inst|Ddr2SdramIf_phy_SDRAM_CK_mimic_launch_clock'
Slack : 1.991
TNS   : 0.000

Type  : Fast Model Minimum Pulse Width 'Ddr2SdramIf_inst|Ddr2SdramIf_controller_phy_inst|Ddr2SdramIf_phy_inst|Ddr2SdramIf_phy_alt_mem_phy_inst|clk|pll|altpll_component|pll|clk[1]'
Slack : 1.991
TNS   : 0.000

Type  : Fast Model Minimum Pulse Width 'Ddr2SdramIf_inst|Ddr2SdramIf_controller_phy_inst|Ddr2SdramIf_phy_inst|Ddr2SdramIf_phy_ck_n_SDRAM_CKb_ac_fall'
Slack : 1.991
TNS   : 0.000

Type  : Fast Model Minimum Pulse Width 'Ddr2SdramIf_inst|Ddr2SdramIf_controller_phy_inst|Ddr2SdramIf_phy_inst|Ddr2SdramIf_phy_ck_n_SDRAM_CKb_ac_rise'
Slack : 1.991
TNS   : 0.000

Type  : Fast Model Minimum Pulse Width 'Ddr2SdramIf_inst|Ddr2SdramIf_controller_phy_inst|Ddr2SdramIf_phy_inst|Ddr2SdramIf_phy_ck_n_SDRAM_CKb_tDQSS'
Slack : 1.991
TNS   : 0.000

Type  : Fast Model Minimum Pulse Width 'Ddr2SdramIf_inst|Ddr2SdramIf_controller_phy_inst|Ddr2SdramIf_phy_inst|Ddr2SdramIf_phy_ck_n_SDRAM_CKb_tDSS'
Slack : 1.991
TNS   : 0.000

Type  : Fast Model Minimum Pulse Width 'Ddr2SdramIf_inst|Ddr2SdramIf_controller_phy_inst|Ddr2SdramIf_phy_inst|Ddr2SdramIf_phy_ck_p_SDRAM_CK_ac_fall'
Slack : 1.991
TNS   : 0.000

Type  : Fast Model Minimum Pulse Width 'Ddr2SdramIf_inst|Ddr2SdramIf_controller_phy_inst|Ddr2SdramIf_phy_inst|Ddr2SdramIf_phy_ck_p_SDRAM_CK_ac_rise'
Slack : 1.991
TNS   : 0.000

Type  : Fast Model Minimum Pulse Width 'Ddr2SdramIf_inst|Ddr2SdramIf_controller_phy_inst|Ddr2SdramIf_phy_inst|Ddr2SdramIf_phy_ck_p_SDRAM_CK_tDQSS'
Slack : 1.991
TNS   : 0.000

Type  : Fast Model Minimum Pulse Width 'Ddr2SdramIf_inst|Ddr2SdramIf_controller_phy_inst|Ddr2SdramIf_phy_inst|Ddr2SdramIf_phy_ck_p_SDRAM_CK_tDSS'
Slack : 1.991
TNS   : 0.000

Type  : Fast Model Minimum Pulse Width 'Ddr2SdramIf_inst|Ddr2SdramIf_controller_phy_inst|Ddr2SdramIf_phy_inst|Ddr2SdramIf_phy_alt_mem_phy_inst|clk|pll|altpll_component|pll|clk[2]'
Slack : 2.001
TNS   : 0.000

Type  : Fast Model Minimum Pulse Width 'Ddr2SdramIf_inst|Ddr2SdramIf_controller_phy_inst|Ddr2SdramIf_phy_inst|Ddr2SdramIf_phy_alt_mem_phy_inst|clk|pll|altpll_component|pll|clk[5]'
Slack : 2.001
TNS   : 0.000

Type  : Fast Model Minimum Pulse Width 'Ddr2SdramIf_inst|Ddr2SdramIf_controller_phy_inst|Ddr2SdramIf_phy_inst|Ddr2SdramIf_phy_ddr_dqsin_SDRAM_DQS'
Slack : 2.001
TNS   : 0.000

Type  : Fast Model Minimum Pulse Width 'Ddr2SdramIf_inst|Ddr2SdramIf_controller_phy_inst|Ddr2SdramIf_phy_inst|Ddr2SdramIf_phy_ddr_dqsout_SDRAM_DQS'
Slack : 2.001
TNS   : 0.000

Type  : Fast Model Minimum Pulse Width 'Ddr2SdramIf_inst|Ddr2SdramIf_controller_phy_inst|Ddr2SdramIf_phy_inst|Ddr2SdramIf_phy_ddr_mimic'
Slack : 2.001
TNS   : 0.000

Type  : Fast Model Minimum Pulse Width 'Ddr2SdramIf_inst|Ddr2SdramIf_controller_phy_inst|Ddr2SdramIf_phy_inst|Ddr2SdramIf_phy_ddr_postamble'
Slack : 2.001
TNS   : 0.000

Type  : Fast Model Minimum Pulse Width 'Ddr2SdramIf_inst|Ddr2SdramIf_controller_phy_inst|Ddr2SdramIf_phy_inst|Ddr2SdramIf_phy_ddr_resync'
Slack : 2.001
TNS   : 0.000

Type  : Fast Model Minimum Pulse Width 'AuroraInterface|aurora_8b10b_arria_gxb_inst|aurora_8b10b_v5_3_inst|gtx_wrapper_i|gxb_transceiver_inst|alt2gxb_component|channel_rec[0].receive|clkout'
Slack : 2.200
TNS   : 0.000

Type  : Fast Model Minimum Pulse Width 'AuroraInterface|aurora_8b10b_arria_gxb_inst|aurora_8b10b_v5_3_inst|gtx_wrapper_i|gxb_transceiver_inst|alt2gxb_component|channel_tx[0].transmit|clkout'
Slack : 2.200
TNS   : 0.000

Type  : Fast Model Minimum Pulse Width 'Ddr2SdramIf_inst|Ddr2SdramIf_controller_phy_inst|Ddr2SdramIf_phy_inst|Ddr2SdramIf_phy_alt_mem_phy_inst|clk|pll|altpll_component|pll|clk[0]'
Slack : 4.073
TNS   : 0.000

Type  : Fast Model Minimum Pulse Width 'Ddr2SdramIf_inst|Ddr2SdramIf_controller_phy_inst|Ddr2SdramIf_phy_inst|Ddr2SdramIf_phy_alt_mem_phy_inst|clk|scan_clk|regout_clock'
Slack : 5.526
TNS   : 0.000

Type  : Fast Model Minimum Pulse Width 'CLK_IN_P0'
Slack : 7.370
TNS   : 0.000

Type  : Fast Model Minimum Pulse Width 'ADC_FRAME_CK1'
Slack : 11.448
TNS   : 0.000

Type  : Fast Model Minimum Pulse Width 'ADC_FRAME_CK2'
Slack : 11.448
TNS   : 0.000

Type  : Fast Model Minimum Pulse Width 'ClockGenerator|altpll_component|pll|clk[0]'
Slack : 11.520
TNS   : 0.000

Type  : Fast Model Minimum Pulse Width 'ClockGenerator|altpll_component|pll|clk[0]~1'
Slack : 11.870
TNS   : 0.000

Type  : Fast Model Minimum Pulse Width 'MASTER_CLOCK'
Slack : 11.870
TNS   : 0.000

Type  : Fast Model Minimum Pulse Width 'Ck40Mux_Inst|CK40_MUX_altclkctrl_hfe_component|clkctrl1|outclk'
Slack : 12.150
TNS   : 0.000

Type  : Fast Model Minimum Pulse Width 'MASTER_CLOCK2'
Slack : 12.150
TNS   : 0.000

Type  : Fast Model Minimum Pulse Width 'P0Clk_Pll_Inst|altpll_component|pll|clk[0]'
Slack : 12.480
TNS   : 0.000

Type  : Fast Model Minimum Pulse Width 'GXB_CK'
Slack : 14.000
TNS   : 0.000

Type  : Fast Model Minimum Pulse Width 'ClockGenerator|altpll_component|pll|clk[1]'
Slack : 47.970
TNS   : 0.000

Type  : Fast Model Minimum Pulse Width 'ClockGenerator|altpll_component|pll|clk[1]~1'
Slack : 49.370
TNS   : 0.000

Type  : Fast Model Minimum Pulse Width 'ClockGenerator|altpll_component|pll|clk[2]'
Slack : 404.370
TNS   : 0.000

Type  : Fast Model Minimum Pulse Width 'ClockGenerator|altpll_component|pll|clk[2]~1'
Slack : 416.036
TNS   : 0.000

------------------------------------------------------------
