------------------------------------------------------------
TimeQuest Timing Analyzer Summary
------------------------------------------------------------

Type  : Slow Model Setup 'ADC_LCLK1'
Slack : -41.988
TNS   : -676.484

Type  : Slow Model Setup 'ClockGenerator|altpll_component|pll|clk[0]'
Slack : -23.403
TNS   : -691.009

Type  : Slow Model Setup 'Ck_100MHz_virt'
Slack : -20.547
TNS   : -1342.426

Type  : Slow Model Setup 'Ck_40MHz_virt'
Slack : -18.375
TNS   : -46.136

Type  : Slow Model Setup 'Ck_10MHz_virt'
Slack : -9.501
TNS   : -35.142

Type  : Slow Model Setup 'Ddr2SdramIf_inst|Ddr2SdramIf_controller_phy_inst|Ddr2SdramIf_phy_inst|Ddr2SdramIf_phy_alt_mem_phy_inst|clk|pll|altpll_component|pll|clk[0]'
Slack : -8.118
TNS   : -1025.607

Type  : Slow Model Setup 'ADC_FRAME_CK2'
Slack : -7.190
TNS   : -2068.256

Type  : Slow Model Setup 'ADC_FRAME_CK1'
Slack : -7.135
TNS   : -2068.321

Type  : Slow Model Setup 'ClockGenerator|altpll_component|pll|clk[1]'
Slack : -5.899
TNS   : -867.932

Type  : Slow Model Setup 'ClockGenerator|altpll_component|pll|clk[1]~1'
Slack : -5.769
TNS   : -1021.031

Type  : Slow Model Setup 'ClockGenerator|altpll_component|pll|clk[0]~1'
Slack : -5.573
TNS   : -883.621

Type  : Slow Model Setup 'CLK_IN_P0'
Slack : -4.629
TNS   : -141.171

Type  : Slow Model Setup 'AuroraInterface|aurora_8b10b_arria_gxb_inst|aurora_8b10b_v5_3_inst|gtx_wrapper_i|gxb_transceiver_inst|alt2gxb_component|channel_tx[0].transmit|clkout'
Slack : -3.949
TNS   : -105.866

Type  : Slow Model Setup 'ClockGenerator|altpll_component|pll|clk[2]~1'
Slack : -1.514
TNS   : -4.542

Type  : Slow Model Setup 'ADC_LCLK2'
Slack : -1.442
TNS   : -17.403

Type  : Slow Model Setup 'n/a'
Slack : -1.174
TNS   : -1.174

Type  : Slow Model Setup 'ClockGenerator|altpll_component|pll|clk[2]'
Slack : -0.452
TNS   : -1.356

Type  : Slow Model Setup 'Ddr2SdramIf_inst|Ddr2SdramIf_controller_phy_inst|Ddr2SdramIf_phy_inst|Ddr2SdramIf_phy_ddr_dqsout_SDRAM_DQS'
Slack : 0.089
TNS   : 0.000

Type  : Slow Model Setup 'Ddr2SdramIf_inst|Ddr2SdramIf_controller_phy_inst|Ddr2SdramIf_phy_inst|Ddr2SdramIf_phy_ddr_dqsin_SDRAM_DQS'
Slack : 0.315
TNS   : 0.000

Type  : Slow Model Setup 'Ddr2SdramIf_inst|Ddr2SdramIf_controller_phy_inst|Ddr2SdramIf_phy_inst|Ddr2SdramIf_phy_ddr_mimic'
Slack : 0.667
TNS   : 0.000

Type  : Slow Model Setup 'Ddr2SdramIf_inst|Ddr2SdramIf_controller_phy_inst|Ddr2SdramIf_phy_inst|Ddr2SdramIf_phy_ck_n_SDRAM_CKb_tDQSS'
Slack : 1.211
TNS   : 0.000

Type  : Slow Model Setup 'Ddr2SdramIf_inst|Ddr2SdramIf_controller_phy_inst|Ddr2SdramIf_phy_inst|Ddr2SdramIf_phy_ck_p_SDRAM_CK_tDQSS'
Slack : 1.222
TNS   : 0.000

Type  : Slow Model Setup 'Ddr2SdramIf_inst|Ddr2SdramIf_controller_phy_inst|Ddr2SdramIf_phy_inst|Ddr2SdramIf_phy_ck_n_SDRAM_CKb_tDSS'
Slack : 1.294
TNS   : 0.000

Type  : Slow Model Setup 'Ddr2SdramIf_inst|Ddr2SdramIf_controller_phy_inst|Ddr2SdramIf_phy_inst|Ddr2SdramIf_phy_ck_p_SDRAM_CK_tDSS'
Slack : 1.305
TNS   : 0.000

Type  : Slow Model Setup 'Ddr2SdramIf_inst|Ddr2SdramIf_controller_phy_inst|Ddr2SdramIf_phy_inst|Ddr2SdramIf_phy_alt_mem_phy_inst|clk|pll|altpll_component|pll|clk[2]'
Slack : 1.738
TNS   : 0.000

Type  : Slow Model Setup 'Ddr2SdramIf_inst|Ddr2SdramIf_controller_phy_inst|Ddr2SdramIf_phy_inst|Ddr2SdramIf_phy_ck_n_SDRAM_CKb_ac_fall'
Slack : 2.227
TNS   : 0.000

Type  : Slow Model Setup 'Ddr2SdramIf_inst|Ddr2SdramIf_controller_phy_inst|Ddr2SdramIf_phy_inst|Ddr2SdramIf_phy_ck_p_SDRAM_CK_ac_fall'
Slack : 2.238
TNS   : 0.000

Type  : Slow Model Setup 'Ddr2SdramIf_inst|Ddr2SdramIf_controller_phy_inst|Ddr2SdramIf_phy_inst|Ddr2SdramIf_phy_alt_mem_phy_inst|clk|pll|altpll_component|pll|clk[4]'
Slack : 2.323
TNS   : 0.000

Type  : Slow Model Setup 'AuroraInterface|aurora_8b10b_arria_gxb_inst|aurora_8b10b_v5_3_inst|gtx_wrapper_i|gxb_transceiver_inst|alt2gxb_component|channel_rec[0].receive|clkout'
Slack : 2.342
TNS   : 0.000

Type  : Slow Model Setup 'Ddr2SdramIf_inst|Ddr2SdramIf_controller_phy_inst|Ddr2SdramIf_phy_inst|Ddr2SdramIf_phy_alt_mem_phy_inst|clk|pll|altpll_component|pll|clk[1]'
Slack : 2.623
TNS   : 0.000

Type  : Slow Model Setup 'Ddr2SdramIf_inst|Ddr2SdramIf_controller_phy_inst|Ddr2SdramIf_phy_inst|Ddr2SdramIf_phy_ddr_postamble'
Slack : 3.598
TNS   : 0.000

Type  : Slow Model Setup 'Ddr2SdramIf_inst|Ddr2SdramIf_controller_phy_inst|Ddr2SdramIf_phy_inst|Ddr2SdramIf_phy_alt_mem_phy_inst|clk|scan_clk|regout_clock'
Slack : 9.357
TNS   : 0.000

Type  : Slow Model Setup 'MASTER_CLOCK'
Slack : 23.842
TNS   : 0.000

Type  : Slow Model Setup 'Ddr2SdramIf_inst|Ddr2SdramIf_controller_phy_inst|Ddr2SdramIf_phy_inst|Ddr2SdramIf_phy_ddr_resync'
Slack : 102.034
TNS   : 0.000

Type  : Slow Model Hold 'ADC_FRAME_CK2'
Slack : -23.669
TNS   : -6744.696

Type  : Slow Model Hold 'ADC_FRAME_CK1'
Slack : -23.596
TNS   : -6783.252

Type  : Slow Model Hold 'Ddr2SdramIf_inst|Ddr2SdramIf_controller_phy_inst|Ddr2SdramIf_phy_inst|Ddr2SdramIf_phy_alt_mem_phy_inst|clk|pll|altpll_component|pll|clk[0]'
Slack : -2.692
TNS   : -214.030

Type  : Slow Model Hold 'ADC_LCLK1'
Slack : -1.311
TNS   : -16.077

Type  : Slow Model Hold 'ADC_LCLK2'
Slack : -0.757
TNS   : -12.606

Type  : Slow Model Hold 'ClockGenerator|altpll_component|pll|clk[0]'
Slack : -0.181
TNS   : -6.138

Type  : Slow Model Hold 'ClockGenerator|altpll_component|pll|clk[1]'
Slack : -0.181
TNS   : -3.303

Type  : Slow Model Hold 'ClockGenerator|altpll_component|pll|clk[2]'
Slack : -0.181
TNS   : -0.543

Type  : Slow Model Hold 'ClockGenerator|altpll_component|pll|clk[0]~1'
Slack : 0.431
TNS   : 0.000

Type  : Slow Model Hold 'Ddr2SdramIf_inst|Ddr2SdramIf_controller_phy_inst|Ddr2SdramIf_phy_inst|Ddr2SdramIf_phy_alt_mem_phy_inst|clk|scan_clk|regout_clock'
Slack : 0.480
TNS   : 0.000

Type  : Slow Model Hold 'AuroraInterface|aurora_8b10b_arria_gxb_inst|aurora_8b10b_v5_3_inst|gtx_wrapper_i|gxb_transceiver_inst|alt2gxb_component|channel_rec[0].receive|clkout'
Slack : 0.490
TNS   : 0.000

Type  : Slow Model Hold 'AuroraInterface|aurora_8b10b_arria_gxb_inst|aurora_8b10b_v5_3_inst|gtx_wrapper_i|gxb_transceiver_inst|alt2gxb_component|channel_tx[0].transmit|clkout'
Slack : 0.490
TNS   : 0.000

Type  : Slow Model Hold 'ClockGenerator|altpll_component|pll|clk[1]~1'
Slack : 0.490
TNS   : 0.000

Type  : Slow Model Hold 'ClockGenerator|altpll_component|pll|clk[2]~1'
Slack : 0.490
TNS   : 0.000

Type  : Slow Model Hold 'Ddr2SdramIf_inst|Ddr2SdramIf_controller_phy_inst|Ddr2SdramIf_phy_inst|Ddr2SdramIf_phy_alt_mem_phy_inst|clk|pll|altpll_component|pll|clk[1]'
Slack : 0.490
TNS   : 0.000

Type  : Slow Model Hold 'Ddr2SdramIf_inst|Ddr2SdramIf_controller_phy_inst|Ddr2SdramIf_phy_inst|Ddr2SdramIf_phy_alt_mem_phy_inst|clk|pll|altpll_component|pll|clk[2]'
Slack : 0.490
TNS   : 0.000

Type  : Slow Model Hold 'Ddr2SdramIf_inst|Ddr2SdramIf_controller_phy_inst|Ddr2SdramIf_phy_inst|Ddr2SdramIf_phy_alt_mem_phy_inst|clk|pll|altpll_component|pll|clk[4]'
Slack : 0.490
TNS   : 0.000

Type  : Slow Model Hold 'MASTER_CLOCK'
Slack : 0.674
TNS   : 0.000

Type  : Slow Model Hold 'CLK_IN_P0'
Slack : 0.796
TNS   : 0.000

Type  : Slow Model Hold 'Ddr2SdramIf_inst|Ddr2SdramIf_controller_phy_inst|Ddr2SdramIf_phy_inst|Ddr2SdramIf_phy_ddr_dqsin_SDRAM_DQS'
Slack : 0.878
TNS   : 0.000

Type  : Slow Model Hold 'Ddr2SdramIf_inst|Ddr2SdramIf_controller_phy_inst|Ddr2SdramIf_phy_inst|Ddr2SdramIf_phy_ddr_dqsout_SDRAM_DQS'
Slack : 1.137
TNS   : 0.000

Type  : Slow Model Hold 'Ddr2SdramIf_inst|Ddr2SdramIf_controller_phy_inst|Ddr2SdramIf_phy_inst|Ddr2SdramIf_phy_ddr_postamble'
Slack : 1.161
TNS   : 0.000

Type  : Slow Model Hold 'Ddr2SdramIf_inst|Ddr2SdramIf_controller_phy_inst|Ddr2SdramIf_phy_inst|Ddr2SdramIf_phy_ddr_mimic'
Slack : 1.189
TNS   : 0.000

Type  : Slow Model Hold 'Ddr2SdramIf_inst|Ddr2SdramIf_controller_phy_inst|Ddr2SdramIf_phy_inst|Ddr2SdramIf_phy_ck_p_SDRAM_CK_tDQSS'
Slack : 1.210
TNS   : 0.000

Type  : Slow Model Hold 'Ddr2SdramIf_inst|Ddr2SdramIf_controller_phy_inst|Ddr2SdramIf_phy_inst|Ddr2SdramIf_phy_ck_n_SDRAM_CKb_tDQSS'
Slack : 1.221
TNS   : 0.000

Type  : Slow Model Hold 'Ddr2SdramIf_inst|Ddr2SdramIf_controller_phy_inst|Ddr2SdramIf_phy_inst|Ddr2SdramIf_phy_ck_p_SDRAM_CK_tDSS'
Slack : 1.292
TNS   : 0.000

Type  : Slow Model Hold 'Ddr2SdramIf_inst|Ddr2SdramIf_controller_phy_inst|Ddr2SdramIf_phy_inst|Ddr2SdramIf_phy_ck_n_SDRAM_CKb_tDSS'
Slack : 1.303
TNS   : 0.000

Type  : Slow Model Hold 'Ddr2SdramIf_inst|Ddr2SdramIf_controller_phy_inst|Ddr2SdramIf_phy_inst|Ddr2SdramIf_phy_ck_p_SDRAM_CK_ac_fall'
Slack : 1.639
TNS   : 0.000

Type  : Slow Model Hold 'Ddr2SdramIf_inst|Ddr2SdramIf_controller_phy_inst|Ddr2SdramIf_phy_inst|Ddr2SdramIf_phy_ck_n_SDRAM_CKb_ac_fall'
Slack : 1.650
TNS   : 0.000

Type  : Slow Model Hold 'Ck_10MHz_virt'
Slack : 3.667
TNS   : 0.000

Type  : Slow Model Hold 'n/a'
Slack : 3.955
TNS   : 0.000

Type  : Slow Model Hold 'Ck_100MHz_virt'
Slack : 4.007
TNS   : 0.000

Type  : Slow Model Hold 'Ck_40MHz_virt'
Slack : 5.773
TNS   : 0.000

Type  : Slow Model Hold 'Ddr2SdramIf_inst|Ddr2SdramIf_controller_phy_inst|Ddr2SdramIf_phy_inst|Ddr2SdramIf_phy_ddr_resync'
Slack : 102.376
TNS   : 0.000

Type  : Slow Model Recovery 'ClockGenerator|altpll_component|pll|clk[2]'
Slack : -4.919
TNS   : -11.187

Type  : Slow Model Recovery 'ClockGenerator|altpll_component|pll|clk[0]'
Slack : -4.705
TNS   : -874.425

Type  : Slow Model Recovery 'ClockGenerator|altpll_component|pll|clk[1]'
Slack : -4.605
TNS   : -709.736

Type  : Slow Model Recovery 'ADC_FRAME_CK1'
Slack : -4.435
TNS   : -2517.596

Type  : Slow Model Recovery 'ADC_FRAME_CK2'
Slack : -4.434
TNS   : -2560.418

Type  : Slow Model Recovery 'ADC_LCLK2'
Slack : -4.397
TNS   : -43.967

Type  : Slow Model Recovery 'ADC_LCLK1'
Slack : -4.230
TNS   : -219.791

Type  : Slow Model Recovery 'AuroraInterface|aurora_8b10b_arria_gxb_inst|aurora_8b10b_v5_3_inst|gtx_wrapper_i|gxb_transceiver_inst|alt2gxb_component|channel_tx[0].transmit|clkout'
Slack : -3.832
TNS   : -45.984

Type  : Slow Model Recovery 'ClockGenerator|altpll_component|pll|clk[2]~1'
Slack : -3.673
TNS   : -9.738

Type  : Slow Model Recovery 'ClockGenerator|altpll_component|pll|clk[1]~1'
Slack : -3.161
TNS   : -336.121

Type  : Slow Model Recovery 'Ddr2SdramIf_inst|Ddr2SdramIf_controller_phy_inst|Ddr2SdramIf_phy_inst|Ddr2SdramIf_phy_alt_mem_phy_inst|clk|pll|altpll_component|pll|clk[0]'
Slack : -1.215
TNS   : -34.808

Type  : Slow Model Recovery 'Ddr2SdramIf_inst|Ddr2SdramIf_controller_phy_inst|Ddr2SdramIf_phy_inst|Ddr2SdramIf_phy_alt_mem_phy_inst|clk|pll|altpll_component|pll|clk[2]'
Slack : 2.289
TNS   : 0.000

Type  : Slow Model Recovery 'Ddr2SdramIf_inst|Ddr2SdramIf_controller_phy_inst|Ddr2SdramIf_phy_inst|Ddr2SdramIf_phy_alt_mem_phy_inst|clk|pll|altpll_component|pll|clk[4]'
Slack : 3.103
TNS   : 0.000

Type  : Slow Model Recovery 'Ddr2SdramIf_inst|Ddr2SdramIf_controller_phy_inst|Ddr2SdramIf_phy_inst|Ddr2SdramIf_phy_ddr_postamble'
Slack : 3.563
TNS   : 0.000

Type  : Slow Model Recovery 'Ddr2SdramIf_inst|Ddr2SdramIf_controller_phy_inst|Ddr2SdramIf_phy_inst|Ddr2SdramIf_phy_alt_mem_phy_inst|clk|pll|altpll_component|pll|clk[1]'
Slack : 3.699
TNS   : 0.000

Type  : Slow Model Recovery 'Ddr2SdramIf_inst|Ddr2SdramIf_controller_phy_inst|Ddr2SdramIf_phy_inst|Ddr2SdramIf_phy_alt_mem_phy_inst|clk|scan_clk|regout_clock'
Slack : 18.107
TNS   : 0.000

Type  : Slow Model Recovery 'ClockGenerator|altpll_component|pll|clk[0]~1'
Slack : 19.664
TNS   : 0.000

Type  : Slow Model Recovery 'Ddr2SdramIf_inst|Ddr2SdramIf_controller_phy_inst|Ddr2SdramIf_phy_inst|Ddr2SdramIf_phy_ddr_dqsin_SDRAM_DQS'
Slack : 101.964
TNS   : 0.000

Type  : Slow Model Removal 'ClockGenerator|altpll_component|pll|clk[0]'
Slack : -0.374
TNS   : -14.960

Type  : Slow Model Removal 'ClockGenerator|altpll_component|pll|clk[0]~1'
Slack : 0.157
TNS   : 0.000

Type  : Slow Model Removal 'Ddr2SdramIf_inst|Ddr2SdramIf_controller_phy_inst|Ddr2SdramIf_phy_inst|Ddr2SdramIf_phy_alt_mem_phy_inst|clk|pll|altpll_component|pll|clk[0]'
Slack : 0.535
TNS   : 0.000

Type  : Slow Model Removal 'ClockGenerator|altpll_component|pll|clk[1]'
Slack : 0.977
TNS   : 0.000

Type  : Slow Model Removal 'Ddr2SdramIf_inst|Ddr2SdramIf_controller_phy_inst|Ddr2SdramIf_phy_inst|Ddr2SdramIf_phy_alt_mem_phy_inst|clk|pll|altpll_component|pll|clk[1]'
Slack : 1.060
TNS   : 0.000

Type  : Slow Model Removal 'Ddr2SdramIf_inst|Ddr2SdramIf_controller_phy_inst|Ddr2SdramIf_phy_inst|Ddr2SdramIf_phy_alt_mem_phy_inst|clk|pll|altpll_component|pll|clk[4]'
Slack : 1.064
TNS   : 0.000

Type  : Slow Model Removal 'AuroraInterface|aurora_8b10b_arria_gxb_inst|aurora_8b10b_v5_3_inst|gtx_wrapper_i|gxb_transceiver_inst|alt2gxb_component|channel_tx[0].transmit|clkout'
Slack : 1.066
TNS   : 0.000

Type  : Slow Model Removal 'Ddr2SdramIf_inst|Ddr2SdramIf_controller_phy_inst|Ddr2SdramIf_phy_inst|Ddr2SdramIf_phy_ddr_postamble'
Slack : 1.196
TNS   : 0.000

Type  : Slow Model Removal 'ClockGenerator|altpll_component|pll|clk[2]'
Slack : 1.249
TNS   : 0.000

Type  : Slow Model Removal 'Ddr2SdramIf_inst|Ddr2SdramIf_controller_phy_inst|Ddr2SdramIf_phy_inst|Ddr2SdramIf_phy_alt_mem_phy_inst|clk|scan_clk|regout_clock'
Slack : 1.426
TNS   : 0.000

Type  : Slow Model Removal 'ClockGenerator|altpll_component|pll|clk[1]~1'
Slack : 1.448
TNS   : 0.000

Type  : Slow Model Removal 'ClockGenerator|altpll_component|pll|clk[2]~1'
Slack : 1.921
TNS   : 0.000

Type  : Slow Model Removal 'Ddr2SdramIf_inst|Ddr2SdramIf_controller_phy_inst|Ddr2SdramIf_phy_inst|Ddr2SdramIf_phy_alt_mem_phy_inst|clk|pll|altpll_component|pll|clk[2]'
Slack : 2.193
TNS   : 0.000

Type  : Slow Model Removal 'ADC_FRAME_CK1'
Slack : 2.790
TNS   : 0.000

Type  : Slow Model Removal 'ADC_FRAME_CK2'
Slack : 3.064
TNS   : 0.000

Type  : Slow Model Removal 'ADC_LCLK1'
Slack : 3.968
TNS   : 0.000

Type  : Slow Model Removal 'ADC_LCLK2'
Slack : 4.151
TNS   : 0.000

Type  : Slow Model Removal 'Ddr2SdramIf_inst|Ddr2SdramIf_controller_phy_inst|Ddr2SdramIf_phy_inst|Ddr2SdramIf_phy_ddr_dqsin_SDRAM_DQS'
Slack : 102.772
TNS   : 0.000

Type  : Slow Model Minimum Pulse Width 'ADC_LCLK1'
Slack : 0.082
TNS   : 0.000

Type  : Slow Model Minimum Pulse Width 'ADC_LCLK2'
Slack : 0.082
TNS   : 0.000

Type  : Slow Model Minimum Pulse Width 'Ddr2SdramIf_inst|Ddr2SdramIf_controller_phy_inst|Ddr2SdramIf_phy_inst|Ddr2SdramIf_phy_SDRAM_CK_mimic_launch_clock'
Slack : 0.897
TNS   : 0.000

Type  : Slow Model Minimum Pulse Width 'Ddr2SdramIf_inst|Ddr2SdramIf_controller_phy_inst|Ddr2SdramIf_phy_inst|Ddr2SdramIf_phy_alt_mem_phy_inst|clk|pll|altpll_component|pll|clk[1]'
Slack : 0.897
TNS   : 0.000

Type  : Slow Model Minimum Pulse Width 'Ddr2SdramIf_inst|Ddr2SdramIf_controller_phy_inst|Ddr2SdramIf_phy_inst|Ddr2SdramIf_phy_ck_n_SDRAM_CKb_ac_fall'
Slack : 0.897
TNS   : 0.000

Type  : Slow Model Minimum Pulse Width 'Ddr2SdramIf_inst|Ddr2SdramIf_controller_phy_inst|Ddr2SdramIf_phy_inst|Ddr2SdramIf_phy_ck_n_SDRAM_CKb_ac_rise'
Slack : 0.897
TNS   : 0.000

Type  : Slow Model Minimum Pulse Width 'Ddr2SdramIf_inst|Ddr2SdramIf_controller_phy_inst|Ddr2SdramIf_phy_inst|Ddr2SdramIf_phy_ck_n_SDRAM_CKb_tDQSS'
Slack : 0.897
TNS   : 0.000

Type  : Slow Model Minimum Pulse Width 'Ddr2SdramIf_inst|Ddr2SdramIf_controller_phy_inst|Ddr2SdramIf_phy_inst|Ddr2SdramIf_phy_ck_n_SDRAM_CKb_tDSS'
Slack : 0.897
TNS   : 0.000

Type  : Slow Model Minimum Pulse Width 'Ddr2SdramIf_inst|Ddr2SdramIf_controller_phy_inst|Ddr2SdramIf_phy_inst|Ddr2SdramIf_phy_ck_p_SDRAM_CK_ac_fall'
Slack : 0.897
TNS   : 0.000

Type  : Slow Model Minimum Pulse Width 'Ddr2SdramIf_inst|Ddr2SdramIf_controller_phy_inst|Ddr2SdramIf_phy_inst|Ddr2SdramIf_phy_ck_p_SDRAM_CK_ac_rise'
Slack : 0.897
TNS   : 0.000

Type  : Slow Model Minimum Pulse Width 'Ddr2SdramIf_inst|Ddr2SdramIf_controller_phy_inst|Ddr2SdramIf_phy_inst|Ddr2SdramIf_phy_ck_p_SDRAM_CK_tDQSS'
Slack : 0.897
TNS   : 0.000

Type  : Slow Model Minimum Pulse Width 'Ddr2SdramIf_inst|Ddr2SdramIf_controller_phy_inst|Ddr2SdramIf_phy_inst|Ddr2SdramIf_phy_ck_p_SDRAM_CK_tDSS'
Slack : 0.897
TNS   : 0.000

Type  : Slow Model Minimum Pulse Width 'Ddr2SdramIf_inst|Ddr2SdramIf_controller_phy_inst|Ddr2SdramIf_phy_inst|Ddr2SdramIf_phy_alt_mem_phy_inst|clk|pll|altpll_component|pll|clk[4]'
Slack : 1.195
TNS   : 0.000

Type  : Slow Model Minimum Pulse Width 'Ddr2SdramIf_inst|Ddr2SdramIf_controller_phy_inst|Ddr2SdramIf_phy_inst|Ddr2SdramIf_phy_ddr_dqsin_SDRAM_DQS'
Slack : 1.726
TNS   : 0.000

Type  : Slow Model Minimum Pulse Width 'Ddr2SdramIf_inst|Ddr2SdramIf_controller_phy_inst|Ddr2SdramIf_phy_inst|Ddr2SdramIf_phy_ddr_dqsout_SDRAM_DQS'
Slack : 1.726
TNS   : 0.000

Type  : Slow Model Minimum Pulse Width 'AuroraInterface|aurora_8b10b_arria_gxb_inst|aurora_8b10b_v5_3_inst|gtx_wrapper_i|gxb_transceiver_inst|alt2gxb_component|channel_rec[0].receive|clkout'
Slack : 1.750
TNS   : 0.000

Type  : Slow Model Minimum Pulse Width 'AuroraInterface|aurora_8b10b_arria_gxb_inst|aurora_8b10b_v5_3_inst|gtx_wrapper_i|gxb_transceiver_inst|alt2gxb_component|channel_tx[0].transmit|clkout'
Slack : 1.750
TNS   : 0.000

Type  : Slow Model Minimum Pulse Width 'Ddr2SdramIf_inst|Ddr2SdramIf_controller_phy_inst|Ddr2SdramIf_phy_inst|Ddr2SdramIf_phy_alt_mem_phy_inst|clk|pll|altpll_component|pll|clk[2]'
Slack : 1.754
TNS   : 0.000

Type  : Slow Model Minimum Pulse Width 'Ddr2SdramIf_inst|Ddr2SdramIf_controller_phy_inst|Ddr2SdramIf_phy_inst|Ddr2SdramIf_phy_alt_mem_phy_inst|clk|pll|altpll_component|pll|clk[5]'
Slack : 1.754
TNS   : 0.000

Type  : Slow Model Minimum Pulse Width 'Ddr2SdramIf_inst|Ddr2SdramIf_controller_phy_inst|Ddr2SdramIf_phy_inst|Ddr2SdramIf_phy_ddr_mimic'
Slack : 1.754
TNS   : 0.000

Type  : Slow Model Minimum Pulse Width 'Ddr2SdramIf_inst|Ddr2SdramIf_controller_phy_inst|Ddr2SdramIf_phy_inst|Ddr2SdramIf_phy_ddr_postamble'
Slack : 1.754
TNS   : 0.000

Type  : Slow Model Minimum Pulse Width 'Ddr2SdramIf_inst|Ddr2SdramIf_controller_phy_inst|Ddr2SdramIf_phy_inst|Ddr2SdramIf_phy_ddr_resync'
Slack : 1.754
TNS   : 0.000

Type  : Slow Model Minimum Pulse Width 'Ddr2SdramIf_inst|Ddr2SdramIf_controller_phy_inst|Ddr2SdramIf_phy_inst|Ddr2SdramIf_phy_alt_mem_phy_inst|clk|pll|altpll_component|pll|clk[0]'
Slack : 3.551
TNS   : 0.000

Type  : Slow Model Minimum Pulse Width 'Ddr2SdramIf_inst|Ddr2SdramIf_controller_phy_inst|Ddr2SdramIf_phy_inst|Ddr2SdramIf_phy_alt_mem_phy_inst|clk|scan_clk|regout_clock'
Slack : 5.526
TNS   : 0.000

Type  : Slow Model Minimum Pulse Width 'CLK_IN_P0'
Slack : 7.123
TNS   : 0.000

Type  : Slow Model Minimum Pulse Width 'ADC_FRAME_CK1'
Slack : 10.990
TNS   : 0.000

Type  : Slow Model Minimum Pulse Width 'ADC_FRAME_CK2'
Slack : 10.990
TNS   : 0.000

Type  : Slow Model Minimum Pulse Width 'ClockGenerator|altpll_component|pll|clk[0]'
Slack : 11.273
TNS   : 0.000

Type  : Slow Model Minimum Pulse Width 'ClockGenerator|altpll_component|pll|clk[0]~1'
Slack : 11.623
TNS   : 0.000

Type  : Slow Model Minimum Pulse Width 'MASTER_CLOCK'
Slack : 11.623
TNS   : 0.000

Type  : Slow Model Minimum Pulse Width 'Ck40Mux_Inst|CK40_MUX_altclkctrl_hfe_component|clkctrl1|outclk'
Slack : 12.150
TNS   : 0.000

Type  : Slow Model Minimum Pulse Width 'MASTER_CLOCK2'
Slack : 12.150
TNS   : 0.000

Type  : Slow Model Minimum Pulse Width 'P0Clk_Pll_Inst|altpll_component|pll|clk[0]'
Slack : 12.480
TNS   : 0.000

Type  : Slow Model Minimum Pulse Width 'GXB_CK'
Slack : 13.325
TNS   : 0.000

Type  : Slow Model Minimum Pulse Width 'ClockGenerator|altpll_component|pll|clk[1]'
Slack : 47.723
TNS   : 0.000

Type  : Slow Model Minimum Pulse Width 'ClockGenerator|altpll_component|pll|clk[1]~1'
Slack : 49.123
TNS   : 0.000

Type  : Slow Model Minimum Pulse Width 'ClockGenerator|altpll_component|pll|clk[2]'
Slack : 404.123
TNS   : 0.000

Type  : Slow Model Minimum Pulse Width 'ClockGenerator|altpll_component|pll|clk[2]~1'
Slack : 415.789
TNS   : 0.000

Type  : Fast Model Setup 'ADC_LCLK1'
Slack : -29.368
TNS   : -479.110

Type  : Fast Model Setup 'ClockGenerator|altpll_component|pll|clk[0]'
Slack : -21.609
TNS   : -324.507

Type  : Fast Model Setup 'Ck_40MHz_virt'
Slack : -13.586
TNS   : -33.099

Type  : Fast Model Setup 'Ck_100MHz_virt'
Slack : -10.237
TNS   : -696.027

Type  : Fast Model Setup 'Ddr2SdramIf_inst|Ddr2SdramIf_controller_phy_inst|Ddr2SdramIf_phy_inst|Ddr2SdramIf_phy_alt_mem_phy_inst|clk|pll|altpll_component|pll|clk[0]'
Slack : -8.550
TNS   : -930.404

Type  : Fast Model Setup 'Ck_10MHz_virt'
Slack : -4.025
TNS   : -15.282

Type  : Fast Model Setup 'ADC_FRAME_CK2'
Slack : -2.928
TNS   : -844.089

Type  : Fast Model Setup 'ADC_FRAME_CK1'
Slack : -2.894
TNS   : -819.802

Type  : Fast Model Setup 'ClockGenerator|altpll_component|pll|clk[1]'
Slack : -2.509
TNS   : -341.875

Type  : Fast Model Setup 'ClockGenerator|altpll_component|pll|clk[1]~1'
Slack : -2.133
TNS   : -346.369

Type  : Fast Model Setup 'CLK_IN_P0'
Slack : -2.124
TNS   : -62.709

Type  : Fast Model Setup 'ClockGenerator|altpll_component|pll|clk[0]~1'
Slack : -1.949
TNS   : -346.216

Type  : Fast Model Setup 'AuroraInterface|aurora_8b10b_arria_gxb_inst|aurora_8b10b_v5_3_inst|gtx_wrapper_i|gxb_transceiver_inst|alt2gxb_component|channel_tx[0].transmit|clkout'
Slack : -1.767
TNS   : -46.846

Type  : Fast Model Setup 'ADC_LCLK2'
Slack : -0.754
TNS   : -17.260

Type  : Fast Model Setup 'ClockGenerator|altpll_component|pll|clk[2]~1'
Slack : -0.643
TNS   : -1.929

Type  : Fast Model Setup 'ClockGenerator|altpll_component|pll|clk[2]'
Slack : -0.347
TNS   : -1.041

Type  : Fast Model Setup 'Ddr2SdramIf_inst|Ddr2SdramIf_controller_phy_inst|Ddr2SdramIf_phy_inst|Ddr2SdramIf_phy_ddr_dqsin_SDRAM_DQS'
Slack : 0.478
TNS   : 0.000

Type  : Fast Model Setup 'Ddr2SdramIf_inst|Ddr2SdramIf_controller_phy_inst|Ddr2SdramIf_phy_inst|Ddr2SdramIf_phy_ddr_dqsout_SDRAM_DQS'
Slack : 0.605
TNS   : 0.000

Type  : Fast Model Setup 'Ddr2SdramIf_inst|Ddr2SdramIf_controller_phy_inst|Ddr2SdramIf_phy_inst|Ddr2SdramIf_phy_ck_n_SDRAM_CKb_tDQSS'
Slack : 1.191
TNS   : 0.000

Type  : Fast Model Setup 'Ddr2SdramIf_inst|Ddr2SdramIf_controller_phy_inst|Ddr2SdramIf_phy_inst|Ddr2SdramIf_phy_ck_p_SDRAM_CK_tDQSS'
Slack : 1.198
TNS   : 0.000

Type  : Fast Model Setup 'Ddr2SdramIf_inst|Ddr2SdramIf_controller_phy_inst|Ddr2SdramIf_phy_inst|Ddr2SdramIf_phy_ck_n_SDRAM_CKb_tDSS'
Slack : 1.274
TNS   : 0.000

Type  : Fast Model Setup 'Ddr2SdramIf_inst|Ddr2SdramIf_controller_phy_inst|Ddr2SdramIf_phy_inst|Ddr2SdramIf_phy_ck_p_SDRAM_CK_tDSS'
Slack : 1.281
TNS   : 0.000

Type  : Fast Model Setup 'Ddr2SdramIf_inst|Ddr2SdramIf_controller_phy_inst|Ddr2SdramIf_phy_inst|Ddr2SdramIf_phy_ddr_mimic'
Slack : 1.534
TNS   : 0.000

Type  : Fast Model Setup 'n/a'
Slack : 2.323
TNS   : 0.000

Type  : Fast Model Setup 'Ddr2SdramIf_inst|Ddr2SdramIf_controller_phy_inst|Ddr2SdramIf_phy_inst|Ddr2SdramIf_phy_ck_n_SDRAM_CKb_ac_fall'
Slack : 2.810
TNS   : 0.000

Type  : Fast Model Setup 'Ddr2SdramIf_inst|Ddr2SdramIf_controller_phy_inst|Ddr2SdramIf_phy_inst|Ddr2SdramIf_phy_ck_p_SDRAM_CK_ac_fall'
Slack : 2.817
TNS   : 0.000

Type  : Fast Model Setup 'Ddr2SdramIf_inst|Ddr2SdramIf_controller_phy_inst|Ddr2SdramIf_phy_inst|Ddr2SdramIf_phy_alt_mem_phy_inst|clk|pll|altpll_component|pll|clk[2]'
Slack : 2.991
TNS   : 0.000

Type  : Fast Model Setup 'Ddr2SdramIf_inst|Ddr2SdramIf_controller_phy_inst|Ddr2SdramIf_phy_inst|Ddr2SdramIf_phy_alt_mem_phy_inst|clk|pll|altpll_component|pll|clk[4]'
Slack : 3.279
TNS   : 0.000

Type  : Fast Model Setup 'Ddr2SdramIf_inst|Ddr2SdramIf_controller_phy_inst|Ddr2SdramIf_phy_inst|Ddr2SdramIf_phy_alt_mem_phy_inst|clk|pll|altpll_component|pll|clk[1]'
Slack : 4.080
TNS   : 0.000

Type  : Fast Model Setup 'Ddr2SdramIf_inst|Ddr2SdramIf_controller_phy_inst|Ddr2SdramIf_phy_inst|Ddr2SdramIf_phy_ddr_postamble'
Slack : 4.522
TNS   : 0.000

Type  : Fast Model Setup 'AuroraInterface|aurora_8b10b_arria_gxb_inst|aurora_8b10b_v5_3_inst|gtx_wrapper_i|gxb_transceiver_inst|alt2gxb_component|channel_rec[0].receive|clkout'
Slack : 5.874
TNS   : 0.000

Type  : Fast Model Setup 'Ddr2SdramIf_inst|Ddr2SdramIf_controller_phy_inst|Ddr2SdramIf_phy_inst|Ddr2SdramIf_phy_alt_mem_phy_inst|clk|scan_clk|regout_clock'
Slack : 9.145
TNS   : 0.000

Type  : Fast Model Setup 'MASTER_CLOCK'
Slack : 24.522
TNS   : 0.000

Type  : Fast Model Setup 'Ddr2SdramIf_inst|Ddr2SdramIf_controller_phy_inst|Ddr2SdramIf_phy_inst|Ddr2SdramIf_phy_ddr_resync'
Slack : 101.743
TNS   : 0.000

Type  : Fast Model Hold 'ADC_FRAME_CK2'
Slack : -24.425
TNS   : -7504.004

Type  : Fast Model Hold 'ADC_FRAME_CK1'
Slack : -24.406
TNS   : -7516.634

Type  : Fast Model Hold 'ADC_LCLK2'
Slack : -2.083
TNS   : -52.911

Type  : Fast Model Hold 'ADC_LCLK1'
Slack : -1.964
TNS   : -51.762

Type  : Fast Model Hold 'Ddr2SdramIf_inst|Ddr2SdramIf_controller_phy_inst|Ddr2SdramIf_phy_inst|Ddr2SdramIf_phy_alt_mem_phy_inst|clk|pll|altpll_component|pll|clk[0]'
Slack : -0.681
TNS   : -70.595

Type  : Fast Model Hold 'ClockGenerator|altpll_component|pll|clk[0]'
Slack : -0.095
TNS   : -4.657

Type  : Fast Model Hold 'ClockGenerator|altpll_component|pll|clk[1]'
Slack : -0.064
TNS   : -1.248

Type  : Fast Model Hold 'ClockGenerator|altpll_component|pll|clk[2]'
Slack : -0.064
TNS   : -0.192

Type  : Fast Model Hold 'ClockGenerator|altpll_component|pll|clk[0]~1'
Slack : 0.053
TNS   : 0.000

Type  : Fast Model Hold 'Ddr2SdramIf_inst|Ddr2SdramIf_controller_phy_inst|Ddr2SdramIf_phy_inst|Ddr2SdramIf_phy_alt_mem_phy_inst|clk|scan_clk|regout_clock'
Slack : 0.202
TNS   : 0.000

Type  : Fast Model Hold 'AuroraInterface|aurora_8b10b_arria_gxb_inst|aurora_8b10b_v5_3_inst|gtx_wrapper_i|gxb_transceiver_inst|alt2gxb_component|channel_tx[0].transmit|clkout'
Slack : 0.213
TNS   : 0.000

Type  : Fast Model Hold 'Ddr2SdramIf_inst|Ddr2SdramIf_controller_phy_inst|Ddr2SdramIf_phy_inst|Ddr2SdramIf_phy_alt_mem_phy_inst|clk|pll|altpll_component|pll|clk[2]'
Slack : 0.213
TNS   : 0.000

Type  : Fast Model Hold 'Ddr2SdramIf_inst|Ddr2SdramIf_controller_phy_inst|Ddr2SdramIf_phy_inst|Ddr2SdramIf_phy_alt_mem_phy_inst|clk|pll|altpll_component|pll|clk[1]'
Slack : 0.217
TNS   : 0.000

Type  : Fast Model Hold 'Ddr2SdramIf_inst|Ddr2SdramIf_controller_phy_inst|Ddr2SdramIf_phy_inst|Ddr2SdramIf_phy_alt_mem_phy_inst|clk|pll|altpll_component|pll|clk[4]'
Slack : 0.217
TNS   : 0.000

Type  : Fast Model Hold 'AuroraInterface|aurora_8b10b_arria_gxb_inst|aurora_8b10b_v5_3_inst|gtx_wrapper_i|gxb_transceiver_inst|alt2gxb_component|channel_rec[0].receive|clkout'
Slack : 0.224
TNS   : 0.000

Type  : Fast Model Hold 'ClockGenerator|altpll_component|pll|clk[1]~1'
Slack : 0.224
TNS   : 0.000

Type  : Fast Model Hold 'ClockGenerator|altpll_component|pll|clk[2]~1'
Slack : 0.224
TNS   : 0.000

Type  : Fast Model Hold 'CLK_IN_P0'
Slack : 0.292
TNS   : 0.000

Type  : Fast Model Hold 'MASTER_CLOCK'
Slack : 0.298
TNS   : 0.000

Type  : Fast Model Hold 'Ddr2SdramIf_inst|Ddr2SdramIf_controller_phy_inst|Ddr2SdramIf_phy_inst|Ddr2SdramIf_phy_ddr_postamble'
Slack : 0.459
TNS   : 0.000

Type  : Fast Model Hold 'Ck_10MHz_virt'
Slack : 0.513
TNS   : 0.000

Type  : Fast Model Hold 'Ddr2SdramIf_inst|Ddr2SdramIf_controller_phy_inst|Ddr2SdramIf_phy_inst|Ddr2SdramIf_phy_ddr_mimic'
Slack : 0.544
TNS   : 0.000

Type  : Fast Model Hold 'Ddr2SdramIf_inst|Ddr2SdramIf_controller_phy_inst|Ddr2SdramIf_phy_inst|Ddr2SdramIf_phy_ddr_dqsin_SDRAM_DQS'
Slack : 0.907
TNS   : 0.000

Type  : Fast Model Hold 'Ddr2SdramIf_inst|Ddr2SdramIf_controller_phy_inst|Ddr2SdramIf_phy_inst|Ddr2SdramIf_phy_ddr_dqsout_SDRAM_DQS'
Slack : 0.935
TNS   : 0.000

Type  : Fast Model Hold 'Ddr2SdramIf_inst|Ddr2SdramIf_controller_phy_inst|Ddr2SdramIf_phy_inst|Ddr2SdramIf_phy_ck_p_SDRAM_CK_ac_fall'
Slack : 1.063
TNS   : 0.000

Type  : Fast Model Hold 'Ddr2SdramIf_inst|Ddr2SdramIf_controller_phy_inst|Ddr2SdramIf_phy_inst|Ddr2SdramIf_phy_ck_n_SDRAM_CKb_ac_fall'
Slack : 1.070
TNS   : 0.000

Type  : Fast Model Hold 'Ck_100MHz_virt'
Slack : 1.222
TNS   : 0.000

Type  : Fast Model Hold 'Ddr2SdramIf_inst|Ddr2SdramIf_controller_phy_inst|Ddr2SdramIf_phy_inst|Ddr2SdramIf_phy_ck_p_SDRAM_CK_tDQSS'
Slack : 1.234
TNS   : 0.000

Type  : Fast Model Hold 'Ddr2SdramIf_inst|Ddr2SdramIf_controller_phy_inst|Ddr2SdramIf_phy_inst|Ddr2SdramIf_phy_ck_n_SDRAM_CKb_tDQSS'
Slack : 1.241
TNS   : 0.000

Type  : Fast Model Hold 'Ddr2SdramIf_inst|Ddr2SdramIf_controller_phy_inst|Ddr2SdramIf_phy_inst|Ddr2SdramIf_phy_ck_p_SDRAM_CK_tDSS'
Slack : 1.316
TNS   : 0.000

Type  : Fast Model Hold 'Ddr2SdramIf_inst|Ddr2SdramIf_controller_phy_inst|Ddr2SdramIf_phy_inst|Ddr2SdramIf_phy_ck_n_SDRAM_CKb_tDSS'
Slack : 1.323
TNS   : 0.000

Type  : Fast Model Hold 'Ck_40MHz_virt'
Slack : 1.949
TNS   : 0.000

Type  : Fast Model Hold 'n/a'
Slack : 2.442
TNS   : 0.000

Type  : Fast Model Hold 'Ddr2SdramIf_inst|Ddr2SdramIf_controller_phy_inst|Ddr2SdramIf_phy_inst|Ddr2SdramIf_phy_ddr_resync'
Slack : 103.021
TNS   : 0.000

Type  : Fast Model Recovery 'ClockGenerator|altpll_component|pll|clk[2]'
Slack : -2.132
TNS   : -4.075

Type  : Fast Model Recovery 'ClockGenerator|altpll_component|pll|clk[0]'
Slack : -1.946
TNS   : -360.010

Type  : Fast Model Recovery 'ClockGenerator|altpll_component|pll|clk[1]'
Slack : -1.846
TNS   : -282.866

Type  : Fast Model Recovery 'AuroraInterface|aurora_8b10b_arria_gxb_inst|aurora_8b10b_v5_3_inst|gtx_wrapper_i|gxb_transceiver_inst|alt2gxb_component|channel_tx[0].transmit|clkout'
Slack : -1.726
TNS   : -20.712

Type  : Fast Model Recovery 'ADC_LCLK2'
Slack : -1.715
TNS   : -17.148

Type  : Fast Model Recovery 'ADC_LCLK1'
Slack : -1.685
TNS   : -87.556

Type  : Fast Model Recovery 'ADC_FRAME_CK2'
Slack : -1.272
TNS   : -627.506

Type  : Fast Model Recovery 'ADC_FRAME_CK1'
Slack : -1.239
TNS   : -585.054

Type  : Fast Model Recovery 'ClockGenerator|altpll_component|pll|clk[2]~1'
Slack : -1.228
TNS   : -2.045

Type  : Fast Model Recovery 'ClockGenerator|altpll_component|pll|clk[1]~1'
Slack : -1.200
TNS   : -125.268

Type  : Fast Model Recovery 'Ddr2SdramIf_inst|Ddr2SdramIf_controller_phy_inst|Ddr2SdramIf_phy_inst|Ddr2SdramIf_phy_alt_mem_phy_inst|clk|pll|altpll_component|pll|clk[0]'
Slack : -0.495
TNS   : -14.141

Type  : Fast Model Recovery 'Ddr2SdramIf_inst|Ddr2SdramIf_controller_phy_inst|Ddr2SdramIf_phy_inst|Ddr2SdramIf_phy_alt_mem_phy_inst|clk|pll|altpll_component|pll|clk[2]'
Slack : 3.898
TNS   : 0.000

Type  : Fast Model Recovery 'Ddr2SdramIf_inst|Ddr2SdramIf_controller_phy_inst|Ddr2SdramIf_phy_inst|Ddr2SdramIf_phy_alt_mem_phy_inst|clk|pll|altpll_component|pll|clk[4]'
Slack : 4.279
TNS   : 0.000

Type  : Fast Model Recovery 'Ddr2SdramIf_inst|Ddr2SdramIf_controller_phy_inst|Ddr2SdramIf_phy_inst|Ddr2SdramIf_phy_ddr_postamble'
Slack : 4.458
TNS   : 0.000

Type  : Fast Model Recovery 'Ddr2SdramIf_inst|Ddr2SdramIf_controller_phy_inst|Ddr2SdramIf_phy_inst|Ddr2SdramIf_phy_alt_mem_phy_inst|clk|pll|altpll_component|pll|clk[1]'
Slack : 4.510
TNS   : 0.000

Type  : Fast Model Recovery 'Ddr2SdramIf_inst|Ddr2SdramIf_controller_phy_inst|Ddr2SdramIf_phy_inst|Ddr2SdramIf_phy_alt_mem_phy_inst|clk|scan_clk|regout_clock'
Slack : 19.759
TNS   : 0.000

Type  : Fast Model Recovery 'ClockGenerator|altpll_component|pll|clk[0]~1'
Slack : 22.806
TNS   : 0.000

Type  : Fast Model Recovery 'Ddr2SdramIf_inst|Ddr2SdramIf_controller_phy_inst|Ddr2SdramIf_phy_inst|Ddr2SdramIf_phy_ddr_dqsin_SDRAM_DQS'
Slack : 104.418
TNS   : 0.000

Type  : Fast Model Removal 'ClockGenerator|altpll_component|pll|clk[0]'
Slack : -0.301
TNS   : -12.040

Type  : Fast Model Removal 'ClockGenerator|altpll_component|pll|clk[0]~1'
Slack : -0.153
TNS   : -6.120

Type  : Fast Model Removal 'Ddr2SdramIf_inst|Ddr2SdramIf_controller_phy_inst|Ddr2SdramIf_phy_inst|Ddr2SdramIf_phy_alt_mem_phy_inst|clk|pll|altpll_component|pll|clk[0]'
Slack : 0.086
TNS   : 0.000

Type  : Fast Model Removal 'ClockGenerator|altpll_component|pll|clk[1]'
Slack : 0.454
TNS   : 0.000

Type  : Fast Model Removal 'AuroraInterface|aurora_8b10b_arria_gxb_inst|aurora_8b10b_v5_3_inst|gtx_wrapper_i|gxb_transceiver_inst|alt2gxb_component|channel_tx[0].transmit|clkout'
Slack : 0.471
TNS   : 0.000

Type  : Fast Model Removal 'Ddr2SdramIf_inst|Ddr2SdramIf_controller_phy_inst|Ddr2SdramIf_phy_inst|Ddr2SdramIf_phy_alt_mem_phy_inst|clk|pll|altpll_component|pll|clk[1]'
Slack : 0.471
TNS   : 0.000

Type  : Fast Model Removal 'Ddr2SdramIf_inst|Ddr2SdramIf_controller_phy_inst|Ddr2SdramIf_phy_inst|Ddr2SdramIf_phy_alt_mem_phy_inst|clk|pll|altpll_component|pll|clk[4]'
Slack : 0.472
TNS   : 0.000

Type  : Fast Model Removal 'ClockGenerator|altpll_component|pll|clk[2]'
Slack : 0.521
TNS   : 0.000

Type  : Fast Model Removal 'Ddr2SdramIf_inst|Ddr2SdramIf_controller_phy_inst|Ddr2SdramIf_phy_inst|Ddr2SdramIf_phy_ddr_postamble'
Slack : 0.523
TNS   : 0.000

Type  : Fast Model Removal 'Ddr2SdramIf_inst|Ddr2SdramIf_controller_phy_inst|Ddr2SdramIf_phy_inst|Ddr2SdramIf_phy_alt_mem_phy_inst|clk|scan_clk|regout_clock'
Slack : 0.619
TNS   : 0.000

Type  : Fast Model Removal 'ClockGenerator|altpll_component|pll|clk[1]~1'
Slack : 0.627
TNS   : 0.000

Type  : Fast Model Removal 'ClockGenerator|altpll_component|pll|clk[2]~1'
Slack : 0.810
TNS   : 0.000

Type  : Fast Model Removal 'Ddr2SdramIf_inst|Ddr2SdramIf_controller_phy_inst|Ddr2SdramIf_phy_inst|Ddr2SdramIf_phy_alt_mem_phy_inst|clk|pll|altpll_component|pll|clk[2]'
Slack : 0.927
TNS   : 0.000

Type  : Fast Model Removal 'ADC_FRAME_CK1'
Slack : 1.110
TNS   : 0.000

Type  : Fast Model Removal 'ADC_FRAME_CK2'
Slack : 1.222
TNS   : 0.000

Type  : Fast Model Removal 'ADC_LCLK1'
Slack : 1.649
TNS   : 0.000

Type  : Fast Model Removal 'ADC_LCLK2'
Slack : 1.692
TNS   : 0.000

Type  : Fast Model Removal 'Ddr2SdramIf_inst|Ddr2SdramIf_controller_phy_inst|Ddr2SdramIf_phy_inst|Ddr2SdramIf_phy_ddr_dqsin_SDRAM_DQS'
Slack : 100.490
TNS   : 0.000

Type  : Fast Model Minimum Pulse Width 'ADC_LCLK1'
Slack : 0.681
TNS   : 0.000

Type  : Fast Model Minimum Pulse Width 'ADC_LCLK2'
Slack : 0.681
TNS   : 0.000

Type  : Fast Model Minimum Pulse Width 'Ddr2SdramIf_inst|Ddr2SdramIf_controller_phy_inst|Ddr2SdramIf_phy_inst|Ddr2SdramIf_phy_alt_mem_phy_inst|clk|pll|altpll_component|pll|clk[4]'
Slack : 1.631
TNS   : 0.000

Type  : Fast Model Minimum Pulse Width 'Ddr2SdramIf_inst|Ddr2SdramIf_controller_phy_inst|Ddr2SdramIf_phy_inst|Ddr2SdramIf_phy_SDRAM_CK_mimic_launch_clock'
Slack : 1.991
TNS   : 0.000

Type  : Fast Model Minimum Pulse Width 'Ddr2SdramIf_inst|Ddr2SdramIf_controller_phy_inst|Ddr2SdramIf_phy_inst|Ddr2SdramIf_phy_alt_mem_phy_inst|clk|pll|altpll_component|pll|clk[1]'
Slack : 1.991
TNS   : 0.000

Type  : Fast Model Minimum Pulse Width 'Ddr2SdramIf_inst|Ddr2SdramIf_controller_phy_inst|Ddr2SdramIf_phy_inst|Ddr2SdramIf_phy_ck_n_SDRAM_CKb_ac_fall'
Slack : 1.991
TNS   : 0.000

Type  : Fast Model Minimum Pulse Width 'Ddr2SdramIf_inst|Ddr2SdramIf_controller_phy_inst|Ddr2SdramIf_phy_inst|Ddr2SdramIf_phy_ck_n_SDRAM_CKb_ac_rise'
Slack : 1.991
TNS   : 0.000

Type  : Fast Model Minimum Pulse Width 'Ddr2SdramIf_inst|Ddr2SdramIf_controller_phy_inst|Ddr2SdramIf_phy_inst|Ddr2SdramIf_phy_ck_n_SDRAM_CKb_tDQSS'
Slack : 1.991
TNS   : 0.000

Type  : Fast Model Minimum Pulse Width 'Ddr2SdramIf_inst|Ddr2SdramIf_controller_phy_inst|Ddr2SdramIf_phy_inst|Ddr2SdramIf_phy_ck_n_SDRAM_CKb_tDSS'
Slack : 1.991
TNS   : 0.000

Type  : Fast Model Minimum Pulse Width 'Ddr2SdramIf_inst|Ddr2SdramIf_controller_phy_inst|Ddr2SdramIf_phy_inst|Ddr2SdramIf_phy_ck_p_SDRAM_CK_ac_fall'
Slack : 1.991
TNS   : 0.000

Type  : Fast Model Minimum Pulse Width 'Ddr2SdramIf_inst|Ddr2SdramIf_controller_phy_inst|Ddr2SdramIf_phy_inst|Ddr2SdramIf_phy_ck_p_SDRAM_CK_ac_rise'
Slack : 1.991
TNS   : 0.000

Type  : Fast Model Minimum Pulse Width 'Ddr2SdramIf_inst|Ddr2SdramIf_controller_phy_inst|Ddr2SdramIf_phy_inst|Ddr2SdramIf_phy_ck_p_SDRAM_CK_tDQSS'
Slack : 1.991
TNS   : 0.000

Type  : Fast Model Minimum Pulse Width 'Ddr2SdramIf_inst|Ddr2SdramIf_controller_phy_inst|Ddr2SdramIf_phy_inst|Ddr2SdramIf_phy_ck_p_SDRAM_CK_tDSS'
Slack : 1.991
TNS   : 0.000

Type  : Fast Model Minimum Pulse Width 'Ddr2SdramIf_inst|Ddr2SdramIf_controller_phy_inst|Ddr2SdramIf_phy_inst|Ddr2SdramIf_phy_alt_mem_phy_inst|clk|pll|altpll_component|pll|clk[2]'
Slack : 2.001
TNS   : 0.000

Type  : Fast Model Minimum Pulse Width 'Ddr2SdramIf_inst|Ddr2SdramIf_controller_phy_inst|Ddr2SdramIf_phy_inst|Ddr2SdramIf_phy_alt_mem_phy_inst|clk|pll|altpll_component|pll|clk[5]'
Slack : 2.001
TNS   : 0.000

Type  : Fast Model Minimum Pulse Width 'Ddr2SdramIf_inst|Ddr2SdramIf_controller_phy_inst|Ddr2SdramIf_phy_inst|Ddr2SdramIf_phy_ddr_dqsin_SDRAM_DQS'
Slack : 2.001
TNS   : 0.000

Type  : Fast Model Minimum Pulse Width 'Ddr2SdramIf_inst|Ddr2SdramIf_controller_phy_inst|Ddr2SdramIf_phy_inst|Ddr2SdramIf_phy_ddr_dqsout_SDRAM_DQS'
Slack : 2.001
TNS   : 0.000

Type  : Fast Model Minimum Pulse Width 'Ddr2SdramIf_inst|Ddr2SdramIf_controller_phy_inst|Ddr2SdramIf_phy_inst|Ddr2SdramIf_phy_ddr_mimic'
Slack : 2.001
TNS   : 0.000

Type  : Fast Model Minimum Pulse Width 'Ddr2SdramIf_inst|Ddr2SdramIf_controller_phy_inst|Ddr2SdramIf_phy_inst|Ddr2SdramIf_phy_ddr_postamble'
Slack : 2.001
TNS   : 0.000

Type  : Fast Model Minimum Pulse Width 'Ddr2SdramIf_inst|Ddr2SdramIf_controller_phy_inst|Ddr2SdramIf_phy_inst|Ddr2SdramIf_phy_ddr_resync'
Slack : 2.001
TNS   : 0.000

Type  : Fast Model Minimum Pulse Width 'AuroraInterface|aurora_8b10b_arria_gxb_inst|aurora_8b10b_v5_3_inst|gtx_wrapper_i|gxb_transceiver_inst|alt2gxb_component|channel_rec[0].receive|clkout'
Slack : 2.200
TNS   : 0.000

Type  : Fast Model Minimum Pulse Width 'AuroraInterface|aurora_8b10b_arria_gxb_inst|aurora_8b10b_v5_3_inst|gtx_wrapper_i|gxb_transceiver_inst|alt2gxb_component|channel_tx[0].transmit|clkout'
Slack : 2.200
TNS   : 0.000

Type  : Fast Model Minimum Pulse Width 'Ddr2SdramIf_inst|Ddr2SdramIf_controller_phy_inst|Ddr2SdramIf_phy_inst|Ddr2SdramIf_phy_alt_mem_phy_inst|clk|pll|altpll_component|pll|clk[0]'
Slack : 4.073
TNS   : 0.000

Type  : Fast Model Minimum Pulse Width 'Ddr2SdramIf_inst|Ddr2SdramIf_controller_phy_inst|Ddr2SdramIf_phy_inst|Ddr2SdramIf_phy_alt_mem_phy_inst|clk|scan_clk|regout_clock'
Slack : 5.526
TNS   : 0.000

Type  : Fast Model Minimum Pulse Width 'CLK_IN_P0'
Slack : 7.370
TNS   : 0.000

Type  : Fast Model Minimum Pulse Width 'ADC_FRAME_CK1'
Slack : 11.448
TNS   : 0.000

Type  : Fast Model Minimum Pulse Width 'ADC_FRAME_CK2'
Slack : 11.448
TNS   : 0.000

Type  : Fast Model Minimum Pulse Width 'ClockGenerator|altpll_component|pll|clk[0]'
Slack : 11.520
TNS   : 0.000

Type  : Fast Model Minimum Pulse Width 'ClockGenerator|altpll_component|pll|clk[0]~1'
Slack : 11.870
TNS   : 0.000

Type  : Fast Model Minimum Pulse Width 'MASTER_CLOCK'
Slack : 11.870
TNS   : 0.000

Type  : Fast Model Minimum Pulse Width 'Ck40Mux_Inst|CK40_MUX_altclkctrl_hfe_component|clkctrl1|outclk'
Slack : 12.150
TNS   : 0.000

Type  : Fast Model Minimum Pulse Width 'MASTER_CLOCK2'
Slack : 12.150
TNS   : 0.000

Type  : Fast Model Minimum Pulse Width 'P0Clk_Pll_Inst|altpll_component|pll|clk[0]'
Slack : 12.480
TNS   : 0.000

Type  : Fast Model Minimum Pulse Width 'GXB_CK'
Slack : 14.000
TNS   : 0.000

Type  : Fast Model Minimum Pulse Width 'ClockGenerator|altpll_component|pll|clk[1]'
Slack : 47.970
TNS   : 0.000

Type  : Fast Model Minimum Pulse Width 'ClockGenerator|altpll_component|pll|clk[1]~1'
Slack : 49.370
TNS   : 0.000

Type  : Fast Model Minimum Pulse Width 'ClockGenerator|altpll_component|pll|clk[2]'
Slack : 404.370
TNS   : 0.000

Type  : Fast Model Minimum Pulse Width 'ClockGenerator|altpll_component|pll|clk[2]~1'
Slack : 416.036
TNS   : 0.000

------------------------------------------------------------
